Archive member included to satisfy reference by file (symbol)

c:/program files (x86)/atollic/truestudio for stm32 9.3.0/armtools/bin/../lib/gcc/arm-atollic-eabi/6.3.1/../../../../arm-atollic-eabi/lib/armv7-m\libc_nano.a(lib_a-atoi.o)
                              Src\main.o (atoi)
c:/program files (x86)/atollic/truestudio for stm32 9.3.0/armtools/bin/../lib/gcc/arm-atollic-eabi/6.3.1/../../../../arm-atollic-eabi/lib/armv7-m\libc_nano.a(lib_a-errno.o)
                              Src\syscalls.o (__errno)
c:/program files (x86)/atollic/truestudio for stm32 9.3.0/armtools/bin/../lib/gcc/arm-atollic-eabi/6.3.1/../../../../arm-atollic-eabi/lib/armv7-m\libc_nano.a(lib_a-impure.o)
                              c:/program files (x86)/atollic/truestudio for stm32 9.3.0/armtools/bin/../lib/gcc/arm-atollic-eabi/6.3.1/../../../../arm-atollic-eabi/lib/armv7-m\libc_nano.a(lib_a-errno.o) (_impure_ptr)
c:/program files (x86)/atollic/truestudio for stm32 9.3.0/armtools/bin/../lib/gcc/arm-atollic-eabi/6.3.1/../../../../arm-atollic-eabi/lib/armv7-m\libc_nano.a(lib_a-init.o)
                              startup\startup_stm32f103xb.o (__libc_init_array)
c:/program files (x86)/atollic/truestudio for stm32 9.3.0/armtools/bin/../lib/gcc/arm-atollic-eabi/6.3.1/../../../../arm-atollic-eabi/lib/armv7-m\libc_nano.a(lib_a-memset.o)
                              Src\main.o (memset)
c:/program files (x86)/atollic/truestudio for stm32 9.3.0/armtools/bin/../lib/gcc/arm-atollic-eabi/6.3.1/../../../../arm-atollic-eabi/lib/armv7-m\libc_nano.a(lib_a-sprintf.o)
                              Src\main.o (sprintf)
c:/program files (x86)/atollic/truestudio for stm32 9.3.0/armtools/bin/../lib/gcc/arm-atollic-eabi/6.3.1/../../../../arm-atollic-eabi/lib/armv7-m\libc_nano.a(lib_a-strcat.o)
                              Src\main.o (strcat)
c:/program files (x86)/atollic/truestudio for stm32 9.3.0/armtools/bin/../lib/gcc/arm-atollic-eabi/6.3.1/../../../../arm-atollic-eabi/lib/armv7-m\libc_nano.a(lib_a-strlen.o)
                              Src\main.o (strlen)
c:/program files (x86)/atollic/truestudio for stm32 9.3.0/armtools/bin/../lib/gcc/arm-atollic-eabi/6.3.1/../../../../arm-atollic-eabi/lib/armv7-m\libc_nano.a(lib_a-strtol.o)
                              c:/program files (x86)/atollic/truestudio for stm32 9.3.0/armtools/bin/../lib/gcc/arm-atollic-eabi/6.3.1/../../../../arm-atollic-eabi/lib/armv7-m\libc_nano.a(lib_a-atoi.o) (_strtol_r)
c:/program files (x86)/atollic/truestudio for stm32 9.3.0/armtools/bin/../lib/gcc/arm-atollic-eabi/6.3.1/../../../../arm-atollic-eabi/lib/armv7-m\libc_nano.a(lib_a-locale.o)
                              c:/program files (x86)/atollic/truestudio for stm32 9.3.0/armtools/bin/../lib/gcc/arm-atollic-eabi/6.3.1/../../../../arm-atollic-eabi/lib/armv7-m\libc_nano.a(lib_a-strtol.o) (__locale_ctype_ptr_l)
c:/program files (x86)/atollic/truestudio for stm32 9.3.0/armtools/bin/../lib/gcc/arm-atollic-eabi/6.3.1/../../../../arm-atollic-eabi/lib/armv7-m\libc_nano.a(lib_a-mbtowc_r.o)
                              c:/program files (x86)/atollic/truestudio for stm32 9.3.0/armtools/bin/../lib/gcc/arm-atollic-eabi/6.3.1/../../../../arm-atollic-eabi/lib/armv7-m\libc_nano.a(lib_a-locale.o) (__ascii_mbtowc)
c:/program files (x86)/atollic/truestudio for stm32 9.3.0/armtools/bin/../lib/gcc/arm-atollic-eabi/6.3.1/../../../../arm-atollic-eabi/lib/armv7-m\libc_nano.a(lib_a-nano-svfprintf.o)
                              c:/program files (x86)/atollic/truestudio for stm32 9.3.0/armtools/bin/../lib/gcc/arm-atollic-eabi/6.3.1/../../../../arm-atollic-eabi/lib/armv7-m\libc_nano.a(lib_a-sprintf.o) (_svfprintf_r)
c:/program files (x86)/atollic/truestudio for stm32 9.3.0/armtools/bin/../lib/gcc/arm-atollic-eabi/6.3.1/../../../../arm-atollic-eabi/lib/armv7-m\libc_nano.a(lib_a-nano-vfprintf_i.o)
                              c:/program files (x86)/atollic/truestudio for stm32 9.3.0/armtools/bin/../lib/gcc/arm-atollic-eabi/6.3.1/../../../../arm-atollic-eabi/lib/armv7-m\libc_nano.a(lib_a-nano-svfprintf.o) (_printf_i)
c:/program files (x86)/atollic/truestudio for stm32 9.3.0/armtools/bin/../lib/gcc/arm-atollic-eabi/6.3.1/../../../../arm-atollic-eabi/lib/armv7-m\libc_nano.a(lib_a-strcmp.o)
                              c:/program files (x86)/atollic/truestudio for stm32 9.3.0/armtools/bin/../lib/gcc/arm-atollic-eabi/6.3.1/../../../../arm-atollic-eabi/lib/armv7-m\libc_nano.a(lib_a-locale.o) (strcmp)
c:/program files (x86)/atollic/truestudio for stm32 9.3.0/armtools/bin/../lib/gcc/arm-atollic-eabi/6.3.1/../../../../arm-atollic-eabi/lib/armv7-m\libc_nano.a(lib_a-wctomb_r.o)
                              c:/program files (x86)/atollic/truestudio for stm32 9.3.0/armtools/bin/../lib/gcc/arm-atollic-eabi/6.3.1/../../../../arm-atollic-eabi/lib/armv7-m\libc_nano.a(lib_a-locale.o) (__ascii_wctomb)
[...]
Memory Configuration

Name             Origin             Length             Attributes
RAM              0x20000000         0x00005000         xrw
FLASH            0x08000000         0x0000f800         xr
DATA             0x0800f800         0x00000400         xrw
*default*        0x00000000         0xffffffff

Linker script and memory map

LOAD c:/program files (x86)/atollic/truestudio for stm32 9.3.0/armtools/bin/../lib/gcc/arm-atollic-eabi/6.3.1/armv7-m/crti.o
LOAD c:/program files (x86)/atollic/truestudio for stm32 9.3.0/armtools/bin/../lib/gcc/arm-atollic-eabi/6.3.1/armv7-m/crtbegin.o
LOAD Drivers\STM32F1xx_HAL_Driver\Src\stm32f1xx_hal.o
LOAD Drivers\STM32F1xx_HAL_Driver\Src\stm32f1xx_hal_adc.o
LOAD Drivers\STM32F1xx_HAL_Driver\Src\stm32f1xx_hal_adc_ex.o
LOAD Drivers\STM32F1xx_HAL_Driver\Src\stm32f1xx_hal_cortex.o
LOAD Drivers\STM32F1xx_HAL_Driver\Src\stm32f1xx_hal_dma.o
LOAD Drivers\STM32F1xx_HAL_Driver\Src\stm32f1xx_hal_exti.o
LOAD Drivers\STM32F1xx_HAL_Driver\Src\stm32f1xx_hal_flash.o
LOAD Drivers\STM32F1xx_HAL_Driver\Src\stm32f1xx_hal_flash_ex.o
LOAD Drivers\STM32F1xx_HAL_Driver\Src\stm32f1xx_hal_gpio.o
LOAD Drivers\STM32F1xx_HAL_Driver\Src\stm32f1xx_hal_gpio_ex.o
LOAD Drivers\STM32F1xx_HAL_Driver\Src\stm32f1xx_hal_iwdg.o
LOAD Drivers\STM32F1xx_HAL_Driver\Src\stm32f1xx_hal_pcd.o
LOAD Drivers\STM32F1xx_HAL_Driver\Src\stm32f1xx_hal_pcd_ex.o
LOAD Drivers\STM32F1xx_HAL_Driver\Src\stm32f1xx_hal_pwr.o
LOAD Drivers\STM32F1xx_HAL_Driver\Src\stm32f1xx_hal_rcc.o
LOAD Drivers\STM32F1xx_HAL_Driver\Src\stm32f1xx_hal_rcc_ex.o
LOAD Drivers\STM32F1xx_HAL_Driver\Src\stm32f1xx_hal_tim.o
LOAD Drivers\STM32F1xx_HAL_Driver\Src\stm32f1xx_hal_tim_ex.o
LOAD Drivers\STM32F1xx_HAL_Driver\Src\stm32f1xx_ll_usb.o
LOAD Middlewares\ST\STM32_USB_Device_Library\Class\CDC\Src\usbd_cdc.o
LOAD Middlewares\ST\STM32_USB_Device_Library\Core\Src\usbd_core.o
LOAD Middlewares\ST\STM32_USB_Device_Library\Core\Src\usbd_ctlreq.o
LOAD Middlewares\ST\STM32_USB_Device_Library\Core\Src\usbd_ioreq.o
LOAD Src\UserFunctions.o
LOAD Src\main.o
LOAD Src\stm32f1xx_hal_msp.o
LOAD Src\stm32f1xx_it.o
LOAD Src\syscalls.o
LOAD Src\system_stm32f1xx.o
LOAD Src\usb_device.o
LOAD Src\usbd_cdc_if.o
LOAD Src\usbd_conf.o
LOAD Src\usbd_desc.o
LOAD startup\startup_stm32f103xb.o
                0x00000080                malloc_getpagesize_P = 0x80
START GROUP
LOAD c:/program files (x86)/atollic/truestudio for stm32 9.3.0/armtools/bin/../lib/gcc/arm-atollic-eabi/6.3.1/../../../../arm-atollic-eabi/lib/armv7-m\libc_nano.a
LOAD c:/program files (x86)/atollic/truestudio for stm32 9.3.0/armtools/bin/../lib/gcc/arm-atollic-eabi/6.3.1/../../../../arm-atollic-eabi/lib/armv7-m\libm.a
END GROUP
START GROUP
LOAD c:/program files (x86)/atollic/truestudio for stm32 9.3.0/armtools/bin/../lib/gcc/arm-atollic-eabi/6.3.1/armv7-m\libgcc.a
LOAD c:/program files (x86)/atollic/truestudio for stm32 9.3.0/armtools/bin/../lib/gcc/arm-atollic-eabi/6.3.1/../../../../arm-atollic-eabi/lib/armv7-m\libc_nano.a
END GROUP
START GROUP
LOAD c:/program files (x86)/atollic/truestudio for stm32 9.3.0/armtools/bin/../lib/gcc/arm-atollic-eabi/6.3.1/armv7-m\libgcc.a
LOAD c:/program files (x86)/atollic/truestudio for stm32 9.3.0/armtools/bin/../lib/gcc/arm-atollic-eabi/6.3.1/../../../../arm-atollic-eabi/lib/armv7-m\libc_nano.a
LOAD c:/program files (x86)/atollic/truestudio for stm32 9.3.0/armtools/bin/../lib/gcc/arm-atollic-eabi/6.3.1/../../../../arm-atollic-eabi/lib/armv7-m\libnosys.a
END GROUP
START GROUP
LOAD c:/program files (x86)/atollic/truestudio for stm32 9.3.0/armtools/bin/../lib/gcc/arm-atollic-eabi/6.3.1/armv7-m\libgcc.a
LOAD c:/program files (x86)/atollic/truestudio for stm32 9.3.0/armtools/bin/../lib/gcc/arm-atollic-eabi/6.3.1/../../../../arm-atollic-eabi/lib/armv7-m\libc_nano.a
LOAD c:/program files (x86)/atollic/truestudio for stm32 9.3.0/armtools/bin/../lib/gcc/arm-atollic-eabi/6.3.1/../../../../arm-atollic-eabi/lib/armv7-m\libnosys.a
END GROUP
LOAD c:/program files (x86)/atollic/truestudio for stm32 9.3.0/armtools/bin/../lib/gcc/arm-atollic-eabi/6.3.1/armv7-m/crtend.o
LOAD c:/program files (x86)/atollic/truestudio for stm32 9.3.0/armtools/bin/../lib/gcc/arm-atollic-eabi/6.3.1/armv7-m/crtn.o
                0x20005000                _estack = 0x20005000
                0x00000600                _Min_Heap_Size = 0x600
                0x00000400                _Min_Stack_Size = 0x400

.isr_vector     0x08000000      0x10c
                0x08000000                . = ALIGN (0x4)
 *(.isr_vector)
 .isr_vector    0x08000000      0x10c startup\startup_stm32f103xb.o
                0x08000000                g_pfnVectors
                0x0800010c                . = ALIGN (0x4)

.text           0x0800010c     0x9128
                0x0800010c                . = ALIGN (0x4)
 *(.text)
 .text          0x0800010c       0x40 c:/program files (x86)/atollic/truestudio for stm32 9.3.0/armtools/bin/../lib/gcc/arm-atollic-eabi/6.3.1/armv7-m/crtbegin.o
 .text          0x0800014c       0x10 c:/program files (x86)/atollic/truestudio for stm32 9.3.0/armtools/bin/../lib/gcc/arm-atollic-eabi/6.3.1/../../../../arm-atollic-eabi/lib/armv7-m\libc_nano.a(lib_a-strlen.o)
                0x0800014c                strlen
 .text          0x0800015c      0x21c c:/program files (x86)/atollic/truestudio for stm32 9.3.0/armtools/bin/../lib/gcc/arm-atollic-eabi/6.3.1/armv7-m\libgcc.a(_arm_addsubsf3.o)
                0x0800015c                __aeabi_frsub
                0x08000164                __subsf3
                0x08000164                __aeabi_fsub
                0x08000168                __aeabi_fadd
                0x08000168                __addsf3
                0x080002c8                __aeabi_ui2f
                0x080002c8                __floatunsisf
                0x080002d0                __aeabi_i2f
                0x080002d0                __floatsisf
                0x080002ec                __aeabi_ul2f
                0x080002ec                __floatundisf
                0x080002fc                __aeabi_l2f
                0x080002fc                __floatdisf
 .text          0x08000378      0x2a0 c:/program files (x86)/atollic/truestudio for stm32 9.3.0/armtools/bin/../lib/gcc/arm-atollic-eabi/6.3.1/armv7-m\libgcc.a(_arm_muldivsf3.o)
                0x08000378                __mulsf3
                0x08000378                __aeabi_fmul
                0x080004e0                __aeabi_fdiv
                0x080004e0                __divsf3
 .text          0x08000618       0x40 c:/program files (x86)/atollic/truestudio for stm32 9.3.0/armtools/bin/../lib/gcc/arm-atollic-eabi/6.3.1/armv7-m\libgcc.a(_arm_fixunssfsi.o)
                0x08000618                __fixunssfsi
                0x08000618                __aeabi_f2uiz
 *(.text*)
 .text.HAL_Init
                0x08000658       0x2c Drivers\STM32F1xx_HAL_Driver\Src\stm32f1xx_hal.o
                0x08000658                HAL_Init
 .text.HAL_InitTick
                0x08000684       0x60 Drivers\STM32F1xx_HAL_Driver\Src\stm32f1xx_hal.o
                0x08000684                HAL_InitTick
 .text.HAL_IncTick
                0x080006e4       0x24 Drivers\STM32F1xx_HAL_Driver\Src\stm32f1xx_hal.o
                0x080006e4                HAL_IncTick
 .text.HAL_GetTick
                0x08000708       0x14 Drivers\STM32F1xx_HAL_Driver\Src\stm32f1xx_hal.o
                0x08000708                HAL_GetTick
 .text.HAL_ADC_Init
                0x0800071c      0x1b0 Drivers\STM32F1xx_HAL_Driver\Src\stm32f1xx_hal_adc.o
                0x0800071c                HAL_ADC_Init
 .text.HAL_ADC_Start_DMA
                0x080008cc      0x1bc Drivers\STM32F1xx_HAL_Driver\Src\stm32f1xx_hal_adc.o
                0x080008cc                HAL_ADC_Start_DMA
 .text.HAL_ADC_ConvCpltCallback
                0x08000a88       0x12 Drivers\STM32F1xx_HAL_Driver\Src\stm32f1xx_hal_adc.o
                0x08000a88                HAL_ADC_ConvCpltCallback
 .text.HAL_ADC_ConvHalfCpltCallback
                0x08000a9a       0x12 Drivers\STM32F1xx_HAL_Driver\Src\stm32f1xx_hal_adc.o
                0x08000a9a                HAL_ADC_ConvHalfCpltCallback
 .text.HAL_ADC_ErrorCallback
                0x08000aac       0x12 Drivers\STM32F1xx_HAL_Driver\Src\stm32f1xx_hal_adc.o
                0x08000aac                HAL_ADC_ErrorCallback
 *fill*         0x08000abe        0x2 
 .text.HAL_ADC_ConfigChannel
                0x08000ac0      0x1f0 Drivers\STM32F1xx_HAL_Driver\Src\stm32f1xx_hal_adc.o
                0x08000ac0                HAL_ADC_ConfigChannel
 .text.ADC_Enable
                0x08000cb0       0xa4 Drivers\STM32F1xx_HAL_Driver\Src\stm32f1xx_hal_adc.o
                0x08000cb0                ADC_Enable
 .text.ADC_ConversionStop_Disable
                0x08000d54       0x74 Drivers\STM32F1xx_HAL_Driver\Src\stm32f1xx_hal_adc.o
                0x08000d54                ADC_ConversionStop_Disable
 .text.ADC_DMAConvCplt
                0x08000dc8       0x7c Drivers\STM32F1xx_HAL_Driver\Src\stm32f1xx_hal_adc.o
                0x08000dc8                ADC_DMAConvCplt
 .text.ADC_DMAHalfConvCplt
                0x08000e44       0x1c Drivers\STM32F1xx_HAL_Driver\Src\stm32f1xx_hal_adc.o
                0x08000e44                ADC_DMAHalfConvCplt
 .text.ADC_DMAError
                0x08000e60       0x34 Drivers\STM32F1xx_HAL_Driver\Src\stm32f1xx_hal_adc.o
                0x08000e60                ADC_DMAError
 .text.__NVIC_SetPriorityGrouping
                0x08000e94       0x48 Drivers\STM32F1xx_HAL_Driver\Src\stm32f1xx_hal_cortex.o
 .text.__NVIC_GetPriorityGrouping
                0x08000edc       0x1c Drivers\STM32F1xx_HAL_Driver\Src\stm32f1xx_hal_cortex.o
 .text.__NVIC_EnableIRQ
                0x08000ef8       0x38 Drivers\STM32F1xx_HAL_Driver\Src\stm32f1xx_hal_cortex.o
 .text.__NVIC_SetPriority
                0x08000f30       0x54 Drivers\STM32F1xx_HAL_Driver\Src\stm32f1xx_hal_cortex.o
 .text.NVIC_EncodePriority
                0x08000f84       0x60 Drivers\STM32F1xx_HAL_Driver\Src\stm32f1xx_hal_cortex.o
 .text.SysTick_Config
                0x08000fe4       0x44 Drivers\STM32F1xx_HAL_Driver\Src\stm32f1xx_hal_cortex.o
 .text.HAL_NVIC_SetPriorityGrouping
                0x08001028       0x16 Drivers\STM32F1xx_HAL_Driver\Src\stm32f1xx_hal_cortex.o
                0x08001028                HAL_NVIC_SetPriorityGrouping
 .text.HAL_NVIC_SetPriority
                0x0800103e       0x38 Drivers\STM32F1xx_HAL_Driver\Src\stm32f1xx_hal_cortex.o
                0x0800103e                HAL_NVIC_SetPriority
 .text.HAL_NVIC_EnableIRQ
                0x08001076       0x1c Drivers\STM32F1xx_HAL_Driver\Src\stm32f1xx_hal_cortex.o
                0x08001076                HAL_NVIC_EnableIRQ
 .text.HAL_SYSTICK_Config
                0x08001092       0x18 Drivers\STM32F1xx_HAL_Driver\Src\stm32f1xx_hal_cortex.o
                0x08001092                HAL_SYSTICK_Config
 *fill*         0x080010aa        0x2 
 .text.HAL_DMA_Init
                0x080010ac       0xb4 Drivers\STM32F1xx_HAL_Driver\Src\stm32f1xx_hal_dma.o
                0x080010ac                HAL_DMA_Init
 .text.HAL_DMA_Start_IT
                0x08001160       0xbe Drivers\STM32F1xx_HAL_Driver\Src\stm32f1xx_hal_dma.o
                0x08001160                HAL_DMA_Start_IT
 *fill*         0x0800121e        0x2 
 .text.HAL_DMA_IRQHandler
                0x08001220      0x224 Drivers\STM32F1xx_HAL_Driver\Src\stm32f1xx_hal_dma.o
                0x08001220                HAL_DMA_IRQHandler
 .text.DMA_SetConfig
                0x08001444       0x5a Drivers\STM32F1xx_HAL_Driver\Src\stm32f1xx_hal_dma.o
 *fill*         0x0800149e        0x2 
 .text.HAL_FLASH_Program
                0x080014a0       0xe0 Drivers\STM32F1xx_HAL_Driver\Src\stm32f1xx_hal_flash.o
                0x080014a0                HAL_FLASH_Program
 .text.HAL_FLASH_Unlock
                0x08001580       0x4c Drivers\STM32F1xx_HAL_Driver\Src\stm32f1xx_hal_flash.o
                0x08001580                HAL_FLASH_Unlock
 .text.HAL_FLASH_Lock
                0x080015cc       0x20 Drivers\STM32F1xx_HAL_Driver\Src\stm32f1xx_hal_flash.o
                0x080015cc                HAL_FLASH_Lock
 .text.FLASH_Program_HalfWord
                0x080015ec       0x38 Drivers\STM32F1xx_HAL_Driver\Src\stm32f1xx_hal_flash.o
 .text.FLASH_WaitForLastOperation
                0x08001624       0x8c Drivers\STM32F1xx_HAL_Driver\Src\stm32f1xx_hal_flash.o
                0x08001624                FLASH_WaitForLastOperation
 .text.FLASH_SetErrorCode
                0x080016b0       0xa0 Drivers\STM32F1xx_HAL_Driver\Src\stm32f1xx_hal_flash.o
 .text.HAL_FLASHEx_Erase
                0x08001750       0xd8 Drivers\STM32F1xx_HAL_Driver\Src\stm32f1xx_hal_flash_ex.o
                0x08001750                HAL_FLASHEx_Erase
 .text.FLASH_MassErase
                0x08001828       0x38 Drivers\STM32F1xx_HAL_Driver\Src\stm32f1xx_hal_flash_ex.o
 .text.FLASH_PageErase
                0x08001860       0x40 Drivers\STM32F1xx_HAL_Driver\Src\stm32f1xx_hal_flash_ex.o
                0x08001860                FLASH_PageErase
 .text.HAL_GPIO_Init
                0x080018a0      0x2b4 Drivers\STM32F1xx_HAL_Driver\Src\stm32f1xx_hal_gpio.o
                0x080018a0                HAL_GPIO_Init
 .text.HAL_GPIO_ReadPin
                0x08001b54       0x2e Drivers\STM32F1xx_HAL_Driver\Src\stm32f1xx_hal_gpio.o
                0x08001b54                HAL_GPIO_ReadPin
 .text.HAL_GPIO_WritePin
                0x08001b82       0x30 Drivers\STM32F1xx_HAL_Driver\Src\stm32f1xx_hal_gpio.o
                0x08001b82                HAL_GPIO_WritePin
 .text.HAL_IWDG_Init
                0x08001bb2       0x72 Drivers\STM32F1xx_HAL_Driver\Src\stm32f1xx_hal_iwdg.o
                0x08001bb2                HAL_IWDG_Init
 .text.HAL_IWDG_Refresh
                0x08001c24       0x1e Drivers\STM32F1xx_HAL_Driver\Src\stm32f1xx_hal_iwdg.o
                0x08001c24                HAL_IWDG_Refresh
 .text.HAL_PCD_Init
                0x08001c42      0x1c2 Drivers\STM32F1xx_HAL_Driver\Src\stm32f1xx_hal_pcd.o
                0x08001c42                HAL_PCD_Init
 .text.HAL_PCD_Start
                0x08001e04       0x4c Drivers\STM32F1xx_HAL_Driver\Src\stm32f1xx_hal_pcd.o
                0x08001e04                HAL_PCD_Start
 .text.HAL_PCD_IRQHandler
                0x08001e50      0x21c Drivers\STM32F1xx_HAL_Driver\Src\stm32f1xx_hal_pcd.o
                0x08001e50                HAL_PCD_IRQHandler
 .text.HAL_PCD_SetAddress
                0x0800206c       0x4a Drivers\STM32F1xx_HAL_Driver\Src\stm32f1xx_hal_pcd.o
                0x0800206c                HAL_PCD_SetAddress
 .text.HAL_PCD_EP_Open
                0x080020b6       0xc0 Drivers\STM32F1xx_HAL_Driver\Src\stm32f1xx_hal_pcd.o
                0x080020b6                HAL_PCD_EP_Open
 .text.HAL_PCD_EP_Close
                0x08002176       0x84 Drivers\STM32F1xx_HAL_Driver\Src\stm32f1xx_hal_pcd.o
                0x08002176                HAL_PCD_EP_Close
 .text.HAL_PCD_EP_Receive
                0x080021fa       0x74 Drivers\STM32F1xx_HAL_Driver\Src\stm32f1xx_hal_pcd.o
                0x080021fa                HAL_PCD_EP_Receive
 .text.HAL_PCD_EP_GetRxCount
                0x0800226e       0x28 Drivers\STM32F1xx_HAL_Driver\Src\stm32f1xx_hal_pcd.o
                0x0800226e                HAL_PCD_EP_GetRxCount
 .text.HAL_PCD_EP_Transmit
                0x08002296       0x72 Drivers\STM32F1xx_HAL_Driver\Src\stm32f1xx_hal_pcd.o
                0x08002296                HAL_PCD_EP_Transmit
 .text.HAL_PCD_EP_SetStall
                0x08002308       0xb4 Drivers\STM32F1xx_HAL_Driver\Src\stm32f1xx_hal_pcd.o
                0x08002308                HAL_PCD_EP_SetStall
 .text.HAL_PCD_EP_ClrStall
                0x080023bc       0x9c Drivers\STM32F1xx_HAL_Driver\Src\stm32f1xx_hal_pcd.o
                0x080023bc                HAL_PCD_EP_ClrStall
 .text.PCD_EP_ISR_Handler
                0x08002458      0x534 Drivers\STM32F1xx_HAL_Driver\Src\stm32f1xx_hal_pcd.o
 .text.HAL_PCDEx_PMAConfig
                0x0800298c       0x78 Drivers\STM32F1xx_HAL_Driver\Src\stm32f1xx_hal_pcd_ex.o
                0x0800298c                HAL_PCDEx_PMAConfig
 .text.HAL_RCC_OscConfig
                0x08002a04      0x500 Drivers\STM32F1xx_HAL_Driver\Src\stm32f1xx_hal_rcc.o
                0x08002a04                HAL_RCC_OscConfig
 .text.HAL_RCC_ClockConfig
                0x08002f04      0x1d4 Drivers\STM32F1xx_HAL_Driver\Src\stm32f1xx_hal_rcc.o
                0x08002f04                HAL_RCC_ClockConfig
 .text.HAL_RCC_GetSysClockFreq
                0x080030d8       0xc4 Drivers\STM32F1xx_HAL_Driver\Src\stm32f1xx_hal_rcc.o
                0x080030d8                HAL_RCC_GetSysClockFreq
 .text.RCC_Delay
                0x0800319c       0x3c Drivers\STM32F1xx_HAL_Driver\Src\stm32f1xx_hal_rcc.o
 .text.HAL_RCCEx_PeriphCLKConfig
                0x080031d8      0x16c Drivers\STM32F1xx_HAL_Driver\Src\stm32f1xx_hal_rcc_ex.o
                0x080031d8                HAL_RCCEx_PeriphCLKConfig
 .text.HAL_TIM_Base_Init
                0x08003344       0x56 Drivers\STM32F1xx_HAL_Driver\Src\stm32f1xx_hal_tim.o
                0x08003344                HAL_TIM_Base_Init
 .text.HAL_TIM_PWM_Init
                0x0800339a       0x56 Drivers\STM32F1xx_HAL_Driver\Src\stm32f1xx_hal_tim.o
                0x0800339a                HAL_TIM_PWM_Init
 .text.HAL_TIM_PWM_MspInit
                0x080033f0       0x12 Drivers\STM32F1xx_HAL_Driver\Src\stm32f1xx_hal_tim.o
                0x080033f0                HAL_TIM_PWM_MspInit
 *fill*         0x08003402        0x2 
 .text.HAL_TIM_PWM_Start
                0x08003404       0x64 Drivers\STM32F1xx_HAL_Driver\Src\stm32f1xx_hal_tim.o
                0x08003404                HAL_TIM_PWM_Start
 .text.HAL_TIM_PWM_Stop
                0x08003468       0x98 Drivers\STM32F1xx_HAL_Driver\Src\stm32f1xx_hal_tim.o
                0x08003468                HAL_TIM_PWM_Stop
 .text.HAL_TIM_IRQHandler
                0x08003500      0x210 Drivers\STM32F1xx_HAL_Driver\Src\stm32f1xx_hal_tim.o
                0x08003500                HAL_TIM_IRQHandler
 .text.HAL_TIM_PWM_ConfigChannel
                0x08003710      0x18c Drivers\STM32F1xx_HAL_Driver\Src\stm32f1xx_hal_tim.o
                0x08003710                HAL_TIM_PWM_ConfigChannel
 .text.HAL_TIM_ConfigClockSource
                0x0800389c      0x16e Drivers\STM32F1xx_HAL_Driver\Src\stm32f1xx_hal_tim.o
                0x0800389c                HAL_TIM_ConfigClockSource
 .text.HAL_TIM_OC_DelayElapsedCallback
                0x08003a0a       0x12 Drivers\STM32F1xx_HAL_Driver\Src\stm32f1xx_hal_tim.o
                0x08003a0a                HAL_TIM_OC_DelayElapsedCallback
 .text.HAL_TIM_IC_CaptureCallback
                0x08003a1c       0x12 Drivers\STM32F1xx_HAL_Driver\Src\stm32f1xx_hal_tim.o
                0x08003a1c                HAL_TIM_IC_CaptureCallback
 .text.HAL_TIM_PWM_PulseFinishedCallback
                0x08003a2e       0x12 Drivers\STM32F1xx_HAL_Driver\Src\stm32f1xx_hal_tim.o
                0x08003a2e                HAL_TIM_PWM_PulseFinishedCallback
 .text.HAL_TIM_TriggerCallback
                0x08003a40       0x12 Drivers\STM32F1xx_HAL_Driver\Src\stm32f1xx_hal_tim.o
                0x08003a40                HAL_TIM_TriggerCallback
 *fill*         0x08003a52        0x2 
 .text.TIM_Base_SetConfig
                0x08003a54       0xc4 Drivers\STM32F1xx_HAL_Driver\Src\stm32f1xx_hal_tim.o
                0x08003a54                TIM_Base_SetConfig
 .text.TIM_OC1_SetConfig
                0x08003b18       0xcc Drivers\STM32F1xx_HAL_Driver\Src\stm32f1xx_hal_tim.o
 .text.TIM_OC2_SetConfig
                0x08003be4       0xd4 Drivers\STM32F1xx_HAL_Driver\Src\stm32f1xx_hal_tim.o
                0x08003be4                TIM_OC2_SetConfig
 .text.TIM_OC3_SetConfig
                0x08003cb8       0xd4 Drivers\STM32F1xx_HAL_Driver\Src\stm32f1xx_hal_tim.o
 .text.TIM_OC4_SetConfig
                0x08003d8c       0x9c Drivers\STM32F1xx_HAL_Driver\Src\stm32f1xx_hal_tim.o
 .text.TIM_TI1_ConfigInputStage
                0x08003e28       0x5c Drivers\STM32F1xx_HAL_Driver\Src\stm32f1xx_hal_tim.o
 .text.TIM_TI2_ConfigInputStage
                0x08003e84       0x5e Drivers\STM32F1xx_HAL_Driver\Src\stm32f1xx_hal_tim.o
 .text.TIM_ITRx_SetConfig
                0x08003ee2       0x34 Drivers\STM32F1xx_HAL_Driver\Src\stm32f1xx_hal_tim.o
 .text.TIM_ETR_SetConfig
                0x08003f16       0x3e Drivers\STM32F1xx_HAL_Driver\Src\stm32f1xx_hal_tim.o
                0x08003f16                TIM_ETR_SetConfig
 .text.TIM_CCxChannelCmd
                0x08003f54       0x48 Drivers\STM32F1xx_HAL_Driver\Src\stm32f1xx_hal_tim.o
                0x08003f54                TIM_CCxChannelCmd
 .text.HAL_TIMEx_MasterConfigSynchronization
                0x08003f9c       0x88 Drivers\STM32F1xx_HAL_Driver\Src\stm32f1xx_hal_tim_ex.o
                0x08003f9c                HAL_TIMEx_MasterConfigSynchronization
 .text.HAL_TIMEx_CommutCallback
                0x08004024       0x12 Drivers\STM32F1xx_HAL_Driver\Src\stm32f1xx_hal_tim_ex.o
                0x08004024                HAL_TIMEx_CommutCallback
 .text.HAL_TIMEx_BreakCallback
                0x08004036       0x12 Drivers\STM32F1xx_HAL_Driver\Src\stm32f1xx_hal_tim_ex.o
                0x08004036                HAL_TIMEx_BreakCallback
 .text.USB_CoreInit
                0x08004048       0x20 Drivers\STM32F1xx_HAL_Driver\Src\stm32f1xx_ll_usb.o
                0x08004048                USB_CoreInit
 .text.USB_EnableGlobalInt
                0x08004068       0x2e Drivers\STM32F1xx_HAL_Driver\Src\stm32f1xx_ll_usb.o
                0x08004068                USB_EnableGlobalInt
 .text.USB_DisableGlobalInt
                0x08004096       0x38 Drivers\STM32F1xx_HAL_Driver\Src\stm32f1xx_ll_usb.o
                0x08004096                USB_DisableGlobalInt
 .text.USB_SetCurrentMode
                0x080040ce       0x18 Drivers\STM32F1xx_HAL_Driver\Src\stm32f1xx_ll_usb.o
                0x080040ce                USB_SetCurrentMode
 .text.USB_DevInit
                0x080040e6       0x48 Drivers\STM32F1xx_HAL_Driver\Src\stm32f1xx_ll_usb.o
                0x080040e6                USB_DevInit
 *fill*         0x0800412e        0x2 
 .text.USB_ActivateEndpoint
                0x08004130      0x5dc Drivers\STM32F1xx_HAL_Driver\Src\stm32f1xx_ll_usb.o
                0x08004130                USB_ActivateEndpoint
 .text.USB_DeactivateEndpoint
                0x0800470c      0x32c Drivers\STM32F1xx_HAL_Driver\Src\stm32f1xx_ll_usb.o
                0x0800470c                USB_DeactivateEndpoint
 .text.USB_EPStartXfer
                0x08004a38      0x570 Drivers\STM32F1xx_HAL_Driver\Src\stm32f1xx_ll_usb.o
                0x08004a38                USB_EPStartXfer
 .text.USB_EPSetStall
                0x08004fa8       0x84 Drivers\STM32F1xx_HAL_Driver\Src\stm32f1xx_ll_usb.o
                0x08004fa8                USB_EPSetStall
 .text.USB_EPClearStall
                0x0800502c      0x128 Drivers\STM32F1xx_HAL_Driver\Src\stm32f1xx_ll_usb.o
                0x0800502c                USB_EPClearStall
 .text.USB_SetDevAddress
                0x08005154       0x26 Drivers\STM32F1xx_HAL_Driver\Src\stm32f1xx_ll_usb.o
                0x08005154                USB_SetDevAddress
 .text.USB_DevConnect
                0x0800517a       0x14 Drivers\STM32F1xx_HAL_Driver\Src\stm32f1xx_ll_usb.o
                0x0800517a                USB_DevConnect
 .text.USB_DevDisconnect
                0x0800518e       0x14 Drivers\STM32F1xx_HAL_Driver\Src\stm32f1xx_ll_usb.o
                0x0800518e                USB_DevDisconnect
 .text.USB_ReadInterrupts
                0x080051a2       0x1e Drivers\STM32F1xx_HAL_Driver\Src\stm32f1xx_ll_usb.o
                0x080051a2                USB_ReadInterrupts
 .text.USB_EP0_OutStart
                0x080051c0       0x16 Drivers\STM32F1xx_HAL_Driver\Src\stm32f1xx_ll_usb.o
                0x080051c0                USB_EP0_OutStart
 .text.USB_WritePMA
                0x080051d6       0x88 Drivers\STM32F1xx_HAL_Driver\Src\stm32f1xx_ll_usb.o
                0x080051d6                USB_WritePMA
 .text.USB_ReadPMA
                0x0800525e       0x9e Drivers\STM32F1xx_HAL_Driver\Src\stm32f1xx_ll_usb.o
                0x0800525e                USB_ReadPMA
 .text.USBD_CDC_Init
                0x080052fc       0xf4 Middlewares\ST\STM32_USB_Device_Library\Class\CDC\Src\usbd_cdc.o
 .text.USBD_CDC_DeInit
                0x080053f0       0x6e Middlewares\ST\STM32_USB_Device_Library\Class\CDC\Src\usbd_cdc.o
 .text.USBD_CDC_Setup
                0x0800545e      0x140 Middlewares\ST\STM32_USB_Device_Library\Class\CDC\Src\usbd_cdc.o
 .text.USBD_CDC_DataIn
                0x0800559e       0xa0 Middlewares\ST\STM32_USB_Device_Library\Class\CDC\Src\usbd_cdc.o
 .text.USBD_CDC_DataOut
                0x0800563e       0x56 Middlewares\ST\STM32_USB_Device_Library\Class\CDC\Src\usbd_cdc.o
 .text.USBD_CDC_EP0_RxReady
                0x08005694       0x50 Middlewares\ST\STM32_USB_Device_Library\Class\CDC\Src\usbd_cdc.o
 .text.USBD_CDC_GetFSCfgDesc
                0x080056e4       0x20 Middlewares\ST\STM32_USB_Device_Library\Class\CDC\Src\usbd_cdc.o
 .text.USBD_CDC_GetHSCfgDesc
                0x08005704       0x20 Middlewares\ST\STM32_USB_Device_Library\Class\CDC\Src\usbd_cdc.o
 .text.USBD_CDC_GetOtherSpeedCfgDesc
                0x08005724       0x20 Middlewares\ST\STM32_USB_Device_Library\Class\CDC\Src\usbd_cdc.o
 .text.USBD_CDC_GetDeviceQualifierDescriptor
                0x08005744       0x20 Middlewares\ST\STM32_USB_Device_Library\Class\CDC\Src\usbd_cdc.o
                0x08005744                USBD_CDC_GetDeviceQualifierDescriptor
 .text.USBD_CDC_RegisterInterface
                0x08005764       0x2c Middlewares\ST\STM32_USB_Device_Library\Class\CDC\Src\usbd_cdc.o
                0x08005764                USBD_CDC_RegisterInterface
 .text.USBD_CDC_SetTxBuffer
                0x08005790       0x32 Middlewares\ST\STM32_USB_Device_Library\Class\CDC\Src\usbd_cdc.o
                0x08005790                USBD_CDC_SetTxBuffer
 .text.USBD_CDC_SetRxBuffer
                0x080057c2       0x26 Middlewares\ST\STM32_USB_Device_Library\Class\CDC\Src\usbd_cdc.o
                0x080057c2                USBD_CDC_SetRxBuffer
 .text.USBD_CDC_TransmitPacket
                0x080057e8       0x5e Middlewares\ST\STM32_USB_Device_Library\Class\CDC\Src\usbd_cdc.o
                0x080057e8                USBD_CDC_TransmitPacket
 .text.USBD_CDC_ReceivePacket
                0x08005846       0x54 Middlewares\ST\STM32_USB_Device_Library\Class\CDC\Src\usbd_cdc.o
                0x08005846                USBD_CDC_ReceivePacket
 .text.USBD_Init
                0x0800589a       0x56 Middlewares\ST\STM32_USB_Device_Library\Core\Src\usbd_core.o
                0x0800589a                USBD_Init
 .text.USBD_RegisterClass
                0x080058f0       0x32 Middlewares\ST\STM32_USB_Device_Library\Core\Src\usbd_core.o
                0x080058f0                USBD_RegisterClass
 .text.USBD_Start
                0x08005922       0x18 Middlewares\ST\STM32_USB_Device_Library\Core\Src\usbd_core.o
                0x08005922                USBD_Start
 .text.USBD_RunTestMode
                0x0800593a       0x14 Middlewares\ST\STM32_USB_Device_Library\Core\Src\usbd_core.o
                0x0800593a                USBD_RunTestMode
 .text.USBD_SetClassConfig
                0x0800594e       0x3e Middlewares\ST\STM32_USB_Device_Library\Core\Src\usbd_core.o
                0x0800594e                USBD_SetClassConfig
 .text.USBD_ClrClassConfig
                0x0800598c       0x26 Middlewares\ST\STM32_USB_Device_Library\Core\Src\usbd_core.o
                0x0800598c                USBD_ClrClassConfig
 .text.USBD_LL_SetupStage
                0x080059b2       0x96 Middlewares\ST\STM32_USB_Device_Library\Core\Src\usbd_core.o
                0x080059b2                USBD_LL_SetupStage
 .text.USBD_LL_DataOutStage
                0x08005a48       0xe2 Middlewares\ST\STM32_USB_Device_Library\Core\Src\usbd_core.o
                0x08005a48                USBD_LL_DataOutStage
 .text.USBD_LL_DataInStage
                0x08005b2a      0x14a Middlewares\ST\STM32_USB_Device_Library\Core\Src\usbd_core.o
                0x08005b2a                USBD_LL_DataInStage
 .text.USBD_LL_Reset
                0x08005c74       0x82 Middlewares\ST\STM32_USB_Device_Library\Core\Src\usbd_core.o
                0x08005c74                USBD_LL_Reset
 .text.USBD_LL_SetSpeed
                0x08005cf6       0x1e Middlewares\ST\STM32_USB_Device_Library\Core\Src\usbd_core.o
                0x08005cf6                USBD_LL_SetSpeed
 .text.USBD_LL_Suspend
                0x08005d14       0x28 Middlewares\ST\STM32_USB_Device_Library\Core\Src\usbd_core.o
                0x08005d14                USBD_LL_Suspend
 .text.USBD_LL_Resume
                0x08005d3c       0x2a Middlewares\ST\STM32_USB_Device_Library\Core\Src\usbd_core.o
                0x08005d3c                USBD_LL_Resume
 .text.USBD_LL_SOF
                0x08005d66       0x34 Middlewares\ST\STM32_USB_Device_Library\Core\Src\usbd_core.o
                0x08005d66                USBD_LL_SOF
 *fill*         0x08005d9a        0x2 
 .text.USBD_StdDevReq
                0x08005d9c       0xd4 Middlewares\ST\STM32_USB_Device_Library\Core\Src\usbd_ctlreq.o
                0x08005d9c                USBD_StdDevReq
 .text.USBD_StdItfReq
                0x08005e70       0x8c Middlewares\ST\STM32_USB_Device_Library\Core\Src\usbd_ctlreq.o
                0x08005e70                USBD_StdItfReq
 .text.USBD_StdEPReq
                0x08005efc      0x2ba Middlewares\ST\STM32_USB_Device_Library\Core\Src\usbd_ctlreq.o
                0x08005efc                USBD_StdEPReq
 *fill*         0x080061b6        0x2 
 .text.USBD_GetDescriptor
                0x080061b8      0x2d0 Middlewares\ST\STM32_USB_Device_Library\Core\Src\usbd_ctlreq.o
 .text.USBD_SetAddress
                0x08006488       0x84 Middlewares\ST\STM32_USB_Device_Library\Core\Src\usbd_ctlreq.o
 .text.USBD_SetConfig
                0x0800650c      0x11c Middlewares\ST\STM32_USB_Device_Library\Core\Src\usbd_ctlreq.o
 .text.USBD_GetConfig
                0x08006628       0x68 Middlewares\ST\STM32_USB_Device_Library\Core\Src\usbd_ctlreq.o
 .text.USBD_GetStatus
                0x08006690       0x66 Middlewares\ST\STM32_USB_Device_Library\Core\Src\usbd_ctlreq.o
 .text.USBD_SetFeature
                0x080066f6       0x28 Middlewares\ST\STM32_USB_Device_Library\Core\Src\usbd_ctlreq.o
 .text.USBD_ClrFeature
                0x0800671e       0x42 Middlewares\ST\STM32_USB_Device_Library\Core\Src\usbd_ctlreq.o
 .text.USBD_ParseSetupRequest
                0x08006760       0x78 Middlewares\ST\STM32_USB_Device_Library\Core\Src\usbd_ctlreq.o
                0x08006760                USBD_ParseSetupRequest
 .text.USBD_CtlError
                0x080067d8       0x22 Middlewares\ST\STM32_USB_Device_Library\Core\Src\usbd_ctlreq.o
                0x080067d8                USBD_CtlError
 .text.USBD_GetString
                0x080067fa       0x84 Middlewares\ST\STM32_USB_Device_Library\Core\Src\usbd_ctlreq.o
                0x080067fa                USBD_GetString
 .text.USBD_GetLen
                0x0800687e       0x2e Middlewares\ST\STM32_USB_Device_Library\Core\Src\usbd_ctlreq.o
 .text.USBD_CtlSendData
                0x080068ac       0x38 Middlewares\ST\STM32_USB_Device_Library\Core\Src\usbd_ioreq.o
                0x080068ac                USBD_CtlSendData
 .text.USBD_CtlContinueSendData
                0x080068e4       0x24 Middlewares\ST\STM32_USB_Device_Library\Core\Src\usbd_ioreq.o
                0x080068e4                USBD_CtlContinueSendData
 .text.USBD_CtlPrepareRx
                0x08006908       0x3c Middlewares\ST\STM32_USB_Device_Library\Core\Src\usbd_ioreq.o
                0x08006908                USBD_CtlPrepareRx
 .text.USBD_CtlContinueRx
                0x08006944       0x24 Middlewares\ST\STM32_USB_Device_Library\Core\Src\usbd_ioreq.o
                0x08006944                USBD_CtlContinueRx
 .text.USBD_CtlSendStatus
                0x08006968       0x26 Middlewares\ST\STM32_USB_Device_Library\Core\Src\usbd_ioreq.o
                0x08006968                USBD_CtlSendStatus
 .text.USBD_CtlReceiveStatus
                0x0800698e       0x26 Middlewares\ST\STM32_USB_Device_Library\Core\Src\usbd_ioreq.o
                0x0800698e                USBD_CtlReceiveStatus
 .text.InitUserVariables
                0x080069b4      0x208 Src\UserFunctions.o
                0x080069b4                InitUserVariables
 .text.main     0x08006bbc       0xc8 Src\main.o
                0x08006bbc                main
 .text.SystemClock_Config
                0x08006c84       0xc0 Src\main.o
                0x08006c84                SystemClock_Config
 .text.MX_ADC1_Init
                0x08006d44       0x9c Src\main.o
 .text.MX_IWDG_Init
                0x08006de0       0x34 Src\main.o
 .text.MX_TIM2_Init
                0x08006e14      0x118 Src\main.o
 .text.MX_DMA_Init
                0x08006f2c       0x3c Src\main.o
 .text.MX_GPIO_Init
                0x08006f68       0xcc Src\main.o
 .text.HAL_TIM_PeriodElapsedCallback
                0x08007034       0x6c Src\main.o
                0x08007034                HAL_TIM_PeriodElapsedCallback
 .text.Idle_Works
                0x080070a0      0x424 Src\main.o
                0x080070a0                Idle_Works
 .text.Forward  0x080074c4      0x108 Src\main.o
                0x080074c4                Forward
 .text.Wait_Reverse
                0x080075cc      0x10c Src\main.o
                0x080075cc                Wait_Reverse
 .text.Reverse  0x080076d8       0xe8 Src\main.o
                0x080076d8                Reverse
 .text.Wait_Forward
                0x080077c0       0xe4 Src\main.o
                0x080077c0                Wait_Forward
 .text.SysTickCountersUpdate
                0x080078a4       0xa8 Src\main.o
                0x080078a4                SysTickCountersUpdate
 .text.SaveandExit
                0x0800794c      0x104 Src\main.o
                0x0800794c                SaveandExit
 .text.Error_Handler
                0x08007a50        0xc Src\main.o
                0x08007a50                Error_Handler
 .text.HAL_MspInit
                0x08007a5c       0x64 Src\stm32f1xx_hal_msp.o
                0x08007a5c                HAL_MspInit
 .text.HAL_ADC_MspInit
                0x08007ac0       0xd0 Src\stm32f1xx_hal_msp.o
                0x08007ac0                HAL_ADC_MspInit
 .text.HAL_TIM_Base_MspInit
                0x08007b90       0x48 Src\stm32f1xx_hal_msp.o
                0x08007b90                HAL_TIM_Base_MspInit
 .text.HAL_TIM_MspPostInit
                0x08007bd8       0xc0 Src\stm32f1xx_hal_msp.o
                0x08007bd8                HAL_TIM_MspPostInit
 .text.NMI_Handler
                0x08007c98        0xc Src\stm32f1xx_it.o
                0x08007c98                NMI_Handler
 .text.HardFault_Handler
                0x08007ca4        0x6 Src\stm32f1xx_it.o
                0x08007ca4                HardFault_Handler
 .text.MemManage_Handler
                0x08007caa        0x6 Src\stm32f1xx_it.o
                0x08007caa                MemManage_Handler
 .text.BusFault_Handler
                0x08007cb0        0x6 Src\stm32f1xx_it.o
                0x08007cb0                BusFault_Handler
 .text.UsageFault_Handler
                0x08007cb6        0x6 Src\stm32f1xx_it.o
                0x08007cb6                UsageFault_Handler
 .text.SVC_Handler
                0x08007cbc        0xc Src\stm32f1xx_it.o
                0x08007cbc                SVC_Handler
 .text.DebugMon_Handler
                0x08007cc8        0xc Src\stm32f1xx_it.o
                0x08007cc8                DebugMon_Handler
 .text.PendSV_Handler
                0x08007cd4        0xc Src\stm32f1xx_it.o
                0x08007cd4                PendSV_Handler
 .text.SysTick_Handler
                0x08007ce0       0x10 Src\stm32f1xx_it.o
                0x08007ce0                SysTick_Handler
 .text.DMA1_Channel1_IRQHandler
                0x08007cf0       0x14 Src\stm32f1xx_it.o
                0x08007cf0                DMA1_Channel1_IRQHandler
 .text.USB_LP_CAN1_RX0_IRQHandler
                0x08007d04       0x14 Src\stm32f1xx_it.o
                0x08007d04                USB_LP_CAN1_RX0_IRQHandler
 .text.TIM2_IRQHandler
                0x08007d18       0x14 Src\stm32f1xx_it.o
                0x08007d18                TIM2_IRQHandler
 .text._sbrk    0x08007d2c       0x58 Src\syscalls.o
                0x08007d2c                _sbrk
 .text.SystemInit
                0x08007d84       0x68 Src\system_stm32f1xx.o
                0x08007d84                SystemInit
 .text.MX_USB_DEVICE_Init
                0x08007dec       0x60 Src\usb_device.o
                0x08007dec                MX_USB_DEVICE_Init
 .text.CDC_Init_FS
                0x08007e4c       0x28 Src\usbd_cdc_if.o
 .text.CDC_DeInit_FS
                0x08007e74        0xe Src\usbd_cdc_if.o
 *fill*         0x08007e82        0x2 
 .text.CDC_Control_FS
                0x08007e84       0xbc Src\usbd_cdc_if.o
 .text.CDC_Receive_FS
                0x08007f40       0x9c Src\usbd_cdc_if.o
 .text.CDC_Transmit_FS
                0x08007fdc       0x4c Src\usbd_cdc_if.o
                0x08007fdc                CDC_Transmit_FS
 .text.HAL_PCD_MspInit
                0x08008028       0x4c Src\usbd_conf.o
                0x08008028                HAL_PCD_MspInit
 .text.HAL_PCD_SetupStageCallback
                0x08008074       0x24 Src\usbd_conf.o
                0x08008074                HAL_PCD_SetupStageCallback
 .text.HAL_PCD_DataOutStageCallback
                0x08008098       0x30 Src\usbd_conf.o
                0x08008098                HAL_PCD_DataOutStageCallback
 .text.HAL_PCD_DataInStageCallback
                0x080080c8       0x2e Src\usbd_conf.o
                0x080080c8                HAL_PCD_DataInStageCallback
 .text.HAL_PCD_SOFCallback
                0x080080f6       0x1c Src\usbd_conf.o
                0x080080f6                HAL_PCD_SOFCallback
 .text.HAL_PCD_ResetCallback
                0x08008112       0x3c Src\usbd_conf.o
                0x08008112                HAL_PCD_ResetCallback
 *fill*         0x0800814e        0x2 
 .text.HAL_PCD_SuspendCallback
                0x08008150       0x34 Src\usbd_conf.o
                0x08008150                HAL_PCD_SuspendCallback
 .text.HAL_PCD_ResumeCallback
                0x08008184       0x1c Src\usbd_conf.o
                0x08008184                HAL_PCD_ResumeCallback
 .text.USBD_LL_Init
                0x080081a0       0xb4 Src\usbd_conf.o
                0x080081a0                USBD_LL_Init
 .text.USBD_LL_Start
                0x08008254       0x36 Src\usbd_conf.o
                0x08008254                USBD_LL_Start
 .text.USBD_LL_OpenEP
                0x0800828a       0x4c Src\usbd_conf.o
                0x0800828a                USBD_LL_OpenEP
 .text.USBD_LL_CloseEP
                0x080082d6       0x3e Src\usbd_conf.o
                0x080082d6                USBD_LL_CloseEP
 .text.USBD_LL_StallEP
                0x08008314       0x3e Src\usbd_conf.o
                0x08008314                USBD_LL_StallEP
 .text.USBD_LL_ClearStallEP
                0x08008352       0x3e Src\usbd_conf.o
                0x08008352                USBD_LL_ClearStallEP
 .text.USBD_LL_IsStallEP
                0x08008390       0x4a Src\usbd_conf.o
                0x08008390                USBD_LL_IsStallEP
 .text.USBD_LL_SetUSBAddress
                0x080083da       0x3e Src\usbd_conf.o
                0x080083da                USBD_LL_SetUSBAddress
 .text.USBD_LL_Transmit
                0x08008418       0x46 Src\usbd_conf.o
                0x08008418                USBD_LL_Transmit
 .text.USBD_LL_PrepareReceive
                0x0800845e       0x46 Src\usbd_conf.o
                0x0800845e                USBD_LL_PrepareReceive
 .text.USBD_LL_GetRxDataSize
                0x080084a4       0x26 Src\usbd_conf.o
                0x080084a4                USBD_LL_GetRxDataSize
 *fill*         0x080084ca        0x2 
 .text.USBD_static_malloc
                0x080084cc       0x18 Src\usbd_conf.o
                0x080084cc                USBD_static_malloc
 .text.USBD_static_free
                0x080084e4       0x12 Src\usbd_conf.o
                0x080084e4                USBD_static_free
 .text.HAL_PCDEx_SetConnectionState
                0x080084f6       0x16 Src\usbd_conf.o
                0x080084f6                HAL_PCDEx_SetConnectionState
 .text.USBD_Get_USB_Status
                0x0800850c       0x58 Src\usbd_conf.o
 .text.USBD_FS_DeviceDescriptor
                0x08008564       0x24 Src\usbd_desc.o
                0x08008564                USBD_FS_DeviceDescriptor
 .text.USBD_FS_LangIDStrDescriptor
                0x08008588       0x24 Src\usbd_desc.o
                0x08008588                USBD_FS_LangIDStrDescriptor
 .text.USBD_FS_ProductStrDescriptor
                0x080085ac       0x3c Src\usbd_desc.o
                0x080085ac                USBD_FS_ProductStrDescriptor
 .text.USBD_FS_ManufacturerStrDescriptor
                0x080085e8       0x28 Src\usbd_desc.o
                0x080085e8                USBD_FS_ManufacturerStrDescriptor
 .text.USBD_FS_SerialStrDescriptor
                0x08008610       0x24 Src\usbd_desc.o
                0x08008610                USBD_FS_SerialStrDescriptor
 .text.USBD_FS_ConfigStrDescriptor
                0x08008634       0x3c Src\usbd_desc.o
                0x08008634                USBD_FS_ConfigStrDescriptor
 .text.USBD_FS_InterfaceStrDescriptor
                0x08008670       0x3c Src\usbd_desc.o
                0x08008670                USBD_FS_InterfaceStrDescriptor
 .text.Get_SerialNum
                0x080086ac       0x58 Src\usbd_desc.o
 .text.IntToUnicode
                0x08008704       0x7a Src\usbd_desc.o
 *fill*         0x0800877e        0x2 
 .text.Reset_Handler
                0x08008780       0x48 startup\startup_stm32f103xb.o
                0x08008780                Reset_Handler
 .text.Default_Handler
                0x080087c8        0x2 startup\startup_stm32f103xb.o
                0x080087c8                RTC_Alarm_IRQHandler
                0x080087c8                EXTI2_IRQHandler
                0x080087c8                TIM1_CC_IRQHandler
                0x080087c8                PVD_IRQHandler
                0x080087c8                EXTI3_IRQHandler
                0x080087c8                EXTI0_IRQHandler
                0x080087c8                I2C2_EV_IRQHandler
                0x080087c8                ADC1_2_IRQHandler
                0x080087c8                SPI1_IRQHandler
                0x080087c8                TAMPER_IRQHandler
                0x080087c8                DMA1_Channel4_IRQHandler
                0x080087c8                USART3_IRQHandler
                0x080087c8                RTC_IRQHandler
                0x080087c8                DMA1_Channel7_IRQHandler
                0x080087c8                CAN1_RX1_IRQHandler
                0x080087c8                TIM4_IRQHandler
                0x080087c8                I2C1_EV_IRQHandler
                0x080087c8                DMA1_Channel6_IRQHandler
                0x080087c8                TIM3_IRQHandler
                0x080087c8                RCC_IRQHandler
                0x080087c8                TIM1_TRG_COM_IRQHandler
                0x080087c8                Default_Handler
                0x080087c8                EXTI15_10_IRQHandler
                0x080087c8                EXTI9_5_IRQHandler
                0x080087c8                SPI2_IRQHandler
                0x080087c8                DMA1_Channel5_IRQHandler
                0x080087c8                EXTI4_IRQHandler
                0x080087c8                USB_HP_CAN1_TX_IRQHandler
                0x080087c8                DMA1_Channel3_IRQHandler
                0x080087c8                TIM1_UP_IRQHandler
                0x080087c8                WWDG_IRQHandler
                0x080087c8                TIM1_BRK_IRQHandler
                0x080087c8                EXTI1_IRQHandler
                0x080087c8                USART2_IRQHandler
                0x080087c8                I2C2_ER_IRQHandler
                0x080087c8                DMA1_Channel2_IRQHandler
                0x080087c8                CAN1_SCE_IRQHandler
                0x080087c8                FLASH_IRQHandler
                0x080087c8                USART1_IRQHandler
                0x080087c8                I2C1_ER_IRQHandler
                0x080087c8                USBWakeUp_IRQHandler
 .text.atoi     0x080087ca        0x8 c:/program files (x86)/atollic/truestudio for stm32 9.3.0/armtools/bin/../lib/gcc/arm-atollic-eabi/6.3.1/../../../../arm-atollic-eabi/lib/armv7-m\libc_nano.a(lib_a-atoi.o)
                0x080087ca                atoi
 *fill*         0x080087d2        0x2 
 .text.__errno  0x080087d4        0xc c:/program files (x86)/atollic/truestudio for stm32 9.3.0/armtools/bin/../lib/gcc/arm-atollic-eabi/6.3.1/../../../../arm-atollic-eabi/lib/armv7-m\libc_nano.a(lib_a-errno.o)
                0x080087d4                __errno
 .text.__libc_init_array
                0x080087e0       0x48 c:/program files (x86)/atollic/truestudio for stm32 9.3.0/armtools/bin/../lib/gcc/arm-atollic-eabi/6.3.1/../../../../arm-atollic-eabi/lib/armv7-m\libc_nano.a(lib_a-init.o)
                0x080087e0                __libc_init_array
 .text.memset   0x08008828       0x10 c:/program files (x86)/atollic/truestudio for stm32 9.3.0/armtools/bin/../lib/gcc/arm-atollic-eabi/6.3.1/../../../../arm-atollic-eabi/lib/armv7-m\libc_nano.a(lib_a-memset.o)
                0x08008828                memset
 .text.sprintf  0x08008838       0x48 c:/program files (x86)/atollic/truestudio for stm32 9.3.0/armtools/bin/../lib/gcc/arm-atollic-eabi/6.3.1/../../../../arm-atollic-eabi/lib/armv7-m\libc_nano.a(lib_a-sprintf.o)
                0x08008838                siprintf
                0x08008838                sprintf
 .text.strcat   0x08008880       0x1e c:/program files (x86)/atollic/truestudio for stm32 9.3.0/armtools/bin/../lib/gcc/arm-atollic-eabi/6.3.1/../../../../arm-atollic-eabi/lib/armv7-m\libc_nano.a(lib_a-strcat.o)
                0x08008880                strcat
 .text._strtol_l.isra.0
                0x0800889e      0x100 c:/program files (x86)/atollic/truestudio for stm32 9.3.0/armtools/bin/../lib/gcc/arm-atollic-eabi/6.3.1/../../../../arm-atollic-eabi/lib/armv7-m\libc_nano.a(lib_a-strtol.o)
 *fill*         0x0800899e        0x2 
 .text.strtol   0x080089a0       0x2c c:/program files (x86)/atollic/truestudio for stm32 9.3.0/armtools/bin/../lib/gcc/arm-atollic-eabi/6.3.1/../../../../arm-atollic-eabi/lib/armv7-m\libc_nano.a(lib_a-strtol.o)
                0x080089a0                strtol
 .text.__locale_ctype_ptr_l
                0x080089cc        0x6 c:/program files (x86)/atollic/truestudio for stm32 9.3.0/armtools/bin/../lib/gcc/arm-atollic-eabi/6.3.1/../../../../arm-atollic-eabi/lib/armv7-m\libc_nano.a(lib_a-locale.o)
                0x080089cc                __locale_ctype_ptr_l
 .text.__ascii_mbtowc
                0x080089d2       0x24 c:/program files (x86)/atollic/truestudio for stm32 9.3.0/armtools/bin/../lib/gcc/arm-atollic-eabi/6.3.1/../../../../arm-atollic-eabi/lib/armv7-m\libc_nano.a(lib_a-mbtowc_r.o)
                0x080089d2                __ascii_mbtowc
 .text.__ssputs_r
                0x080089f6       0xb6 c:/program files (x86)/atollic/truestudio for stm32 9.3.0/armtools/bin/../lib/gcc/arm-atollic-eabi/6.3.1/../../../../arm-atollic-eabi/lib/armv7-m\libc_nano.a(lib_a-nano-svfprintf.o)
                0x080089f6                __ssputs_r
 .text._svfprintf_r
                0x08008aac      0x1e8 c:/program files (x86)/atollic/truestudio for stm32 9.3.0/armtools/bin/../lib/gcc/arm-atollic-eabi/6.3.1/../../../../arm-atollic-eabi/lib/armv7-m\libc_nano.a(lib_a-nano-svfprintf.o)
                0x08008aac                _svfiprintf_r
                0x08008aac                _svfprintf_r
 .text._printf_common
                0x08008c94       0xee c:/program files (x86)/atollic/truestudio for stm32 9.3.0/armtools/bin/../lib/gcc/arm-atollic-eabi/6.3.1/../../../../arm-atollic-eabi/lib/armv7-m\libc_nano.a(lib_a-nano-vfprintf_i.o)
                0x08008c94                _printf_common
 *fill*         0x08008d82        0x2 
 .text._printf_i
                0x08008d84      0x240 c:/program files (x86)/atollic/truestudio for stm32 9.3.0/armtools/bin/../lib/gcc/arm-atollic-eabi/6.3.1/../../../../arm-atollic-eabi/lib/armv7-m\libc_nano.a(lib_a-nano-vfprintf_i.o)
                0x08008d84                _printf_i
 .text.__ascii_wctomb
                0x08008fc4       0x1a c:/program files (x86)/atollic/truestudio for stm32 9.3.0/armtools/bin/../lib/gcc/arm-atollic-eabi/6.3.1/../../../../arm-atollic-eabi/lib/armv7-m\libc_nano.a(lib_a-wctomb_r.o)
                0x08008fc4                __ascii_wctomb
 .text.memchr   0x08008fde       0x1c c:/program files (x86)/atollic/truestudio for stm32 9.3.0/armtools/bin/../lib/gcc/arm-atollic-eabi/6.3.1/../../../../arm-atollic-eabi/lib/armv7-m\libc_nano.a(lib_a-memchr-stub.o)
                0x08008fde                memchr
 .text.memcpy   0x08008ffa       0x16 c:/program files (x86)/atollic/truestudio for stm32 9.3.0/armtools/bin/../lib/gcc/arm-atollic-eabi/6.3.1/../../../../arm-atollic-eabi/lib/armv7-m\libc_nano.a(lib_a-memcpy-stub.o)
                0x08008ffa                memcpy
 .text.memmove  0x08009010       0x34 c:/program files (x86)/atollic/truestudio for stm32 9.3.0/armtools/bin/../lib/gcc/arm-atollic-eabi/6.3.1/../../../../arm-atollic-eabi/lib/armv7-m\libc_nano.a(lib_a-memmove.o)
                0x08009010                memmove
 .text._free_r  0x08009044       0x98 c:/program files (x86)/atollic/truestudio for stm32 9.3.0/armtools/bin/../lib/gcc/arm-atollic-eabi/6.3.1/../../../../arm-atollic-eabi/lib/armv7-m\libc_nano.a(lib_a-nano-freer.o)
                0x08009044                _free_r
 .text._malloc_r
                0x080090dc       0xbc c:/program files (x86)/atollic/truestudio for stm32 9.3.0/armtools/bin/../lib/gcc/arm-atollic-eabi/6.3.1/../../../../arm-atollic-eabi/lib/armv7-m\libc_nano.a(lib_a-nano-mallocr.o)
                0x080090dc                _malloc_r
 .text._realloc_r
                0x08009198       0x4c c:/program files (x86)/atollic/truestudio for stm32 9.3.0/armtools/bin/../lib/gcc/arm-atollic-eabi/6.3.1/../../../../arm-atollic-eabi/lib/armv7-m\libc_nano.a(lib_a-nano-reallocr.o)
                0x08009198                _realloc_r
 .text._sbrk_r  0x080091e4       0x20 c:/program files (x86)/atollic/truestudio for stm32 9.3.0/armtools/bin/../lib/gcc/arm-atollic-eabi/6.3.1/../../../../arm-atollic-eabi/lib/armv7-m\libc_nano.a(lib_a-sbrkr.o)
                0x080091e4                _sbrk_r
 .text.__malloc_lock
                0x08009204        0x2 c:/program files (x86)/atollic/truestudio for stm32 9.3.0/armtools/bin/../lib/gcc/arm-atollic-eabi/6.3.1/../../../../arm-atollic-eabi/lib/armv7-m\libc_nano.a(lib_a-mlock.o)
                0x08009204                __malloc_lock
 .text.__malloc_unlock
                0x08009206        0x2 c:/program files (x86)/atollic/truestudio for stm32 9.3.0/armtools/bin/../lib/gcc/arm-atollic-eabi/6.3.1/../../../../arm-atollic-eabi/lib/armv7-m\libc_nano.a(lib_a-mlock.o)
                0x08009206                __malloc_unlock
 .text._malloc_usable_size_r
                0x08009208       0x12 c:/program files (x86)/atollic/truestudio for stm32 9.3.0/armtools/bin/../lib/gcc/arm-atollic-eabi/6.3.1/../../../../arm-atollic-eabi/lib/armv7-m\libc_nano.a(lib_a-nano-msizer.o)
                0x08009208                _malloc_usable_size_r
 *(.glue_7)
 .glue_7        0x0800921a        0x0 linker stubs
 *(.glue_7t)
 .glue_7t       0x0800921a        0x0 linker stubs
 *(.eh_frame)
 *fill*         0x0800921a        0x2 
 .eh_frame      0x0800921c        0x0 c:/program files (x86)/atollic/truestudio for stm32 9.3.0/armtools/bin/../lib/gcc/arm-atollic-eabi/6.3.1/armv7-m/crtbegin.o
 *(.init)
 .init          0x0800921c        0x4 c:/program files (x86)/atollic/truestudio for stm32 9.3.0/armtools/bin/../lib/gcc/arm-atollic-eabi/6.3.1/armv7-m/crti.o
                0x0800921c                _init
 .init          0x08009220        0x8 c:/program files (x86)/atollic/truestudio for stm32 9.3.0/armtools/bin/../lib/gcc/arm-atollic-eabi/6.3.1/armv7-m/crtn.o
 *(.fini)
 .fini          0x08009228        0x4 c:/program files (x86)/atollic/truestudio for stm32 9.3.0/armtools/bin/../lib/gcc/arm-atollic-eabi/6.3.1/armv7-m/crti.o
                0x08009228                _fini
 .fini          0x0800922c        0x8 c:/program files (x86)/atollic/truestudio for stm32 9.3.0/armtools/bin/../lib/gcc/arm-atollic-eabi/6.3.1/armv7-m/crtn.o
                0x08009234                . = ALIGN (0x4)
                0x08009234                _etext = .

.vfp11_veneer   0x08009234        0x0
 .vfp11_veneer  0x08009234        0x0 linker stubs

.v4_bx          0x08009234        0x0
 .v4_bx         0x08009234        0x0 linker stubs

.iplt           0x08009234        0x0
 .iplt          0x08009234        0x0 c:/program files (x86)/atollic/truestudio for stm32 9.3.0/armtools/bin/../lib/gcc/arm-atollic-eabi/6.3.1/armv7-m/crtbegin.o

.rodata         0x08009234      0x31c
                0x08009234                . = ALIGN (0x4)
 *(.rodata)
 .rodata        0x08009234       0x12 Drivers\STM32F1xx_HAL_Driver\Src\stm32f1xx_hal_rcc.o
 *fill*         0x08009246        0x2 
 .rodata        0x08009248      0x165 Src\UserFunctions.o
 *fill*         0x080093ad        0x3 
 .rodata        0x080093b0        0x3 Src\main.o
 *fill*         0x080093b3        0x1 
 .rodata        0x080093b4       0x46 Src\usbd_desc.o
 *(.rodata*)
 *fill*         0x080093fa        0x2 
 .rodata.CR.8271
                0x080093fc        0x1 Src\main.o
 *fill*         0x080093fd        0x3 
 .rodata.AHBPrescTable
                0x08009400       0x10 Src\system_stm32f1xx.o
                0x08009400                AHBPrescTable
 .rodata._setlocale_r.str1.1
                0x08009410        0x8 c:/program files (x86)/atollic/truestudio for stm32 9.3.0/armtools/bin/../lib/gcc/arm-atollic-eabi/6.3.1/../../../../arm-atollic-eabi/lib/armv7-m\libc_nano.a(lib_a-locale.o)
                                  0x9 (size before relaxing)
 .rodata.str1.1
                0x08009418        0x2 c:/program files (x86)/atollic/truestudio for stm32 9.3.0/armtools/bin/../lib/gcc/arm-atollic-eabi/6.3.1/../../../../arm-atollic-eabi/lib/armv7-m\libc_nano.a(lib_a-locale.o)
 .rodata._svfprintf_r.str1.1
                0x0800941a       0x11 c:/program files (x86)/atollic/truestudio for stm32 9.3.0/armtools/bin/../lib/gcc/arm-atollic-eabi/6.3.1/../../../../arm-atollic-eabi/lib/armv7-m\libc_nano.a(lib_a-nano-svfprintf.o)
 .rodata._printf_i.str1.1
                0x0800942b       0x22 c:/program files (x86)/atollic/truestudio for stm32 9.3.0/armtools/bin/../lib/gcc/arm-atollic-eabi/6.3.1/../../../../arm-atollic-eabi/lib/armv7-m\libc_nano.a(lib_a-nano-vfprintf_i.o)
 .rodata._ctype_
                0x0800944d      0x101 c:/program files (x86)/atollic/truestudio for stm32 9.3.0/armtools/bin/../lib/gcc/arm-atollic-eabi/6.3.1/../../../../arm-atollic-eabi/lib/armv7-m\libc_nano.a(lib_a-ctype_.o)
                0x0800944d                _ctype_
                0x08009550                . = ALIGN (0x4)
 *fill*         0x0800954e        0x2 

.rel.dyn        0x08009550        0x0
 .rel.iplt      0x08009550        0x0 c:/program files (x86)/atollic/truestudio for stm32 9.3.0/armtools/bin/../lib/gcc/arm-atollic-eabi/6.3.1/armv7-m/crtbegin.o

.ARM.extab
 *(.ARM.extab* .gnu.linkonce.armextab.*)

.ARM            0x08009550        0x0
                0x08009550                __exidx_start = .
 *(.ARM.exidx*)
                0x08009550                __exidx_end = .

.preinit_array  0x08009550        0x0
                0x08009550                PROVIDE (__preinit_array_start, .)
 *(.preinit_array*)
                0x08009550                PROVIDE (__preinit_array_end, .)

.init_array     0x08009550        0x4
                0x08009550                PROVIDE (__init_array_start, .)
 *(SORT(.init_array.*))
 *(.init_array*)
 .init_array    0x08009550        0x4 c:/program files (x86)/atollic/truestudio for stm32 9.3.0/armtools/bin/../lib/gcc/arm-atollic-eabi/6.3.1/armv7-m/crtbegin.o
                0x08009554                PROVIDE (__init_array_end, .)

.fini_array     0x08009554        0x4
                [!provide]                PROVIDE (__fini_array_start, .)
 *(SORT(.fini_array.*))
 *(.fini_array*)
 .fini_array    0x08009554        0x4 c:/program files (x86)/atollic/truestudio for stm32 9.3.0/armtools/bin/../lib/gcc/arm-atollic-eabi/6.3.1/armv7-m/crtbegin.o
                [!provide]                PROVIDE (__fini_array_end, .)
                0x08009558                _sidata = LOADADDR (.data)

.data           0x20000000      0x364 load address 0x08009558
                0x20000000                . = ALIGN (0x4)
                0x20000000                _sdata = .
 *(.data)
 *(.data*)
 .data.uwTickPrio
                0x20000000        0x4 Drivers\STM32F1xx_HAL_Driver\Src\stm32f1xx_hal.o
                0x20000000                uwTickPrio
 .data.uwTickFreq
                0x20000004        0x1 Drivers\STM32F1xx_HAL_Driver\Src\stm32f1xx_hal.o
                0x20000004                uwTickFreq
 *fill*         0x20000005        0x3 
 .data.USBD_CDC_DeviceQualifierDesc
                0x20000008        0xa Middlewares\ST\STM32_USB_Device_Library\Class\CDC\Src\usbd_cdc.o
 *fill*         0x20000012        0x2 
 .data.USBD_CDC
                0x20000014       0x38 Middlewares\ST\STM32_USB_Device_Library\Class\CDC\Src\usbd_cdc.o
                0x20000014                USBD_CDC
 .data.USBD_CDC_CfgHSDesc
                0x2000004c       0x43 Middlewares\ST\STM32_USB_Device_Library\Class\CDC\Src\usbd_cdc.o
                0x2000004c                USBD_CDC_CfgHSDesc
 *fill*         0x2000008f        0x1 
 .data.USBD_CDC_CfgFSDesc
                0x20000090       0x43 Middlewares\ST\STM32_USB_Device_Library\Class\CDC\Src\usbd_cdc.o
                0x20000090                USBD_CDC_CfgFSDesc
 *fill*         0x200000d3        0x1 
 .data.USBD_CDC_OtherSpeedCfgDesc
                0x200000d4       0x43 Middlewares\ST\STM32_USB_Device_Library\Class\CDC\Src\usbd_cdc.o
                0x200000d4                USBD_CDC_OtherSpeedCfgDesc
 *fill*         0x20000117        0x1 
 .data.Forwardimeout.8315
                0x20000118        0x2 Src\main.o
 .data.Wait_ReverseTimeout.8321
                0x2000011a        0x2 Src\main.o
 .data.ReverseTimeout.8326
                0x2000011c        0x2 Src\main.o
 .data.Wait_ForwardTimeout.8332
                0x2000011e        0x2 Src\main.o
 .data.eraseInit.8345
                0x20000120       0x10 Src\main.o
 .data.SystemCoreClock
                0x20000130        0x4 Src\system_stm32f1xx.o
                0x20000130                SystemCoreClock
 .data.USBD_Interface_fops_FS
                0x20000134       0x10 Src\usbd_cdc_if.o
                0x20000134                USBD_Interface_fops_FS
 .data.FS_Desc  0x20000144       0x1c Src\usbd_desc.o
                0x20000144                FS_Desc
 .data.USBD_FS_DeviceDesc
                0x20000160       0x12 Src\usbd_desc.o
                0x20000160                USBD_FS_DeviceDesc
 *fill*         0x20000172        0x2 
 .data.USBD_LangIDDesc
                0x20000174        0x4 Src\usbd_desc.o
                0x20000174                USBD_LangIDDesc
 .data.USBD_StringSerial
                0x20000178       0x1a Src\usbd_desc.o
                0x20000178                USBD_StringSerial
 *fill*         0x20000192        0x2 
 .data._impure_ptr
                0x20000194        0x4 c:/program files (x86)/atollic/truestudio for stm32 9.3.0/armtools/bin/../lib/gcc/arm-atollic-eabi/6.3.1/../../../../arm-atollic-eabi/lib/armv7-m\libc_nano.a(lib_a-impure.o)
                0x20000194                _impure_ptr
 .data.impure_data
                0x20000198       0x60 c:/program files (x86)/atollic/truestudio for stm32 9.3.0/armtools/bin/../lib/gcc/arm-atollic-eabi/6.3.1/../../../../arm-atollic-eabi/lib/armv7-m\libc_nano.a(lib_a-impure.o)
 .data.__global_locale
                0x200001f8      0x16c c:/program files (x86)/atollic/truestudio for stm32 9.3.0/armtools/bin/../lib/gcc/arm-atollic-eabi/6.3.1/../../../../arm-atollic-eabi/lib/armv7-m\libc_nano.a(lib_a-locale.o)
                0x200001f8                __global_locale
                0x20000364                . = ALIGN (0x4)
                0x20000364                _edata = .

.igot.plt       0x20000364        0x0 load address 0x080098bc
 .igot.plt      0x20000364        0x0 c:/program files (x86)/atollic/truestudio for stm32 9.3.0/armtools/bin/../lib/gcc/arm-atollic-eabi/6.3.1/armv7-m/crtbegin.o
                0x20000364                . = ALIGN (0x4)

.bss            0x20000368      0xd00 load address 0x080098bc
                0x20000368                _sbss = .
                0x20000368                __bss_start__ = _sbss
 *(.bss)
 .bss           0x20000368       0x1c c:/program files (x86)/atollic/truestudio for stm32 9.3.0/armtools/bin/../lib/gcc/arm-atollic-eabi/6.3.1/armv7-m/crtbegin.o
 *(.bss*)
 .bss.cfgidx.8273
                0x20000384        0x1 Middlewares\ST\STM32_USB_Device_Library\Core\Src\usbd_ctlreq.o
 *fill*         0x20000385        0x1 
 .bss.tiktok.8265
                0x20000386        0x2 Src\main.o
 .bss.POT1_ConvSum.8280
                0x20000388        0x2 Src\main.o
 .bss.POT2_ConvSum.8281
                0x2000038a        0x2 Src\main.o
 .bss.ADCSAvgCounter.8269
                0x2000038c        0x1 Src\main.o
 .bss.EnableMotor.8270
                0x2000038d        0x1 Src\main.o
 .bss.PrintMode.8276
                0x2000038e        0x1 Src\main.o
 *fill*         0x2000038f        0x1 
 .bss.TransmitData.8278
                0x20000390       0x80 Src\main.o
 .bss.str.8279  0x20000410        0xa Src\main.o
 .bss.ParametreCount.8277
                0x2000041a        0x1 Src\main.o
 *fill*         0x2000041b        0x1 
 .bss.Rcv.8282  0x2000041c        0x2 Src\main.o
 .bss.ForwardFlag.8314
                0x2000041e        0x1 Src\main.o
 .bss.WaitReverseFlag.8320
                0x2000041f        0x1 Src\main.o
 .bss.tmpccmrx.8319
                0x20000420        0x4 Src\main.o
 .bss.ReverseFlag.8325
                0x20000424        0x1 Src\main.o
 .bss.WaitForwardFlag.8331
                0x20000425        0x1 Src\main.o
 *fill*         0x20000426        0x2 
 .bss.tmpccmrx.8330
                0x20000428        0x4 Src\main.o
 .bss._5msCounter.8336
                0x2000042c        0x4 Src\main.o
 .bss._10msCounter.8337
                0x20000430        0x4 Src\main.o
 .bss._100msCounter.8338
                0x20000434        0x4 Src\main.o
 .bss.pageError.8343
                0x20000438        0x4 Src\main.o
 .bss.xx.8344   0x2000043c        0x4 Src\main.o
 .bss.heap_end.5887
                0x20000440        0x4 Src\syscalls.o
 .bss.ReceivedData
                0x20000444       0x64 Src\usbd_cdc_if.o
                0x20000444                ReceivedData
 .bss.Rxcount   0x200004a8        0x1 Src\usbd_cdc_if.o
                0x200004a8                Rxcount
 *fill*         0x200004a9        0x3 
 .bss.dataSize  0x200004ac        0x4 Src\usbd_cdc_if.o
                0x200004ac                dataSize
 .bss.check     0x200004b0        0x1 Src\usbd_cdc_if.o
                0x200004b0                check
 *fill*         0x200004b1        0x3 
 .bss.mem.8338  0x200004b4      0x220 Src\usbd_conf.o
 .bss.__malloc_free_list
                0x200006d4        0x4 c:/program files (x86)/atollic/truestudio for stm32 9.3.0/armtools/bin/../lib/gcc/arm-atollic-eabi/6.3.1/../../../../arm-atollic-eabi/lib/armv7-m\libc_nano.a(lib_a-nano-mallocr.o)
                0x200006d4                __malloc_free_list
 .bss.__malloc_sbrk_start
                0x200006d8        0x4 c:/program files (x86)/atollic/truestudio for stm32 9.3.0/armtools/bin/../lib/gcc/arm-atollic-eabi/6.3.1/../../../../arm-atollic-eabi/lib/armv7-m\libc_nano.a(lib_a-nano-mallocr.o)
                0x200006d8                __malloc_sbrk_start
 *(COMMON)
 COMMON         0x200006dc        0x4 Drivers\STM32F1xx_HAL_Driver\Src\stm32f1xx_hal.o
                0x200006dc                uwTick
 COMMON         0x200006e0       0x20 Drivers\STM32F1xx_HAL_Driver\Src\stm32f1xx_hal_flash.o
                0x200006e0                pFlash
 COMMON         0x20000700       0x6a Middlewares\ST\STM32_USB_Device_Library\Class\CDC\Src\usbd_cdc.o
                0x20000700                _10msFlagScan
                0x20000704                ScaleArray
                0x2000070c                DutyMAX_Reverse
                0x2000070e                Tickin_1000ms
                0x20000710                _sysTickFlagScan
                0x20000712                Tickin_100ms
                0x20000714                Pot1_ConvAvg
                0x20000716                TIM2PERIOD
                0x20000718                _5msFlagScan
                0x2000071a                Tickin_10ms
                0x2000071c                _50msFlagScan
                0x2000071e                Duty
                0x20000720                ParamArray
                0x20000728                FlashSaveFlag
                0x20000729                _1000msFlagScan
                0x2000072c                StrArr
                0x20000758                DutyMAX
                0x2000075a                Pot2_ConvAvg
                0x2000075c                Tickin_1ms
                0x2000075e                Tickin_5ms
                0x20000760                _100msFlagScan
                0x20000764                Alpha_State_Ptr
                0x20000768                StateSandClock
 *fill*         0x2000076a        0x2 
 COMMON         0x2000076c       0xc4 Src\main.o
                0x2000076c                hiwdg
                0x20000778                hadc1
                0x200007a8                hdma_adc1
                0x200007ec                htim2
                0x2000082c                ADC_Values
 COMMON         0x20000830      0x2c4 Src\usb_device.o
                0x20000830                hUsbDeviceFS
 COMMON         0x20000af4      0x104 Src\usbd_cdc_if.o
                0x20000af4                UserRxBufferFS
                0x20000b74                UserTxBufferFS
                0x20000bf4                time
 COMMON         0x20000bf8      0x26c Src\usbd_conf.o
                0x20000bf8                hpcd_USB_FS
 COMMON         0x20000e64      0x200 Src\usbd_desc.o
                0x20000e64                USBD_StrDesc
 COMMON         0x20001064        0x4 c:/program files (x86)/atollic/truestudio for stm32 9.3.0/armtools/bin/../lib/gcc/arm-atollic-eabi/6.3.1/../../../../arm-atollic-eabi/lib/armv7-m\libc_nano.a(lib_a-reent.o)
                0x20001064                errno
                0x20001068                . = ALIGN (0x4)
                0x20001068                _ebss = .
                0x20001068                __bss_end__ = _ebss

._user_heap_stack
                0x20001068      0xa00 load address 0x080098bc
                0x20001068                . = ALIGN (0x4)
                0x20001068                PROVIDE (end, .)
                [!provide]                PROVIDE (_end, .)
                0x20001668                . = (. + _Min_Heap_Size)
 *fill*         0x20001068      0x600 
                0x20001a68                . = (. + _Min_Stack_Size)
 *fill*         0x20001668      0x400 
                0x20001a68                . = ALIGN (0x4)

.user_data      0x0800f800       0x20
                0x0800f800                . = ALIGN (0x4)
 *(.user_data)
 .user_data     0x0800f800       0x20 Src\main.o
                0x0800f800                userConfig
                0x0800f820                . = ALIGN (0x4)

/DISCARD/
 libc.a(*)
 libm.a(*)
 libgcc.a(*)

.ARM.attributes
                0x00000000       0x29
 *(.ARM.attributes)
 .ARM.attributes
                0x00000000       0x1d c:/program files (x86)/atollic/truestudio for stm32 9.3.0/armtools/bin/../lib/gcc/arm-atollic-eabi/6.3.1/armv7-m/crti.o
 .ARM.attributes
                0x0000001d       0x2d c:/program files (x86)/atollic/truestudio for stm32 9.3.0/armtools/bin/../lib/gcc/arm-atollic-eabi/6.3.1/armv7-m/crtbegin.o
 .ARM.attributes
                0x0000004a       0x33 Drivers\STM32F1xx_HAL_Driver\Src\stm32f1xx_hal.o
 .ARM.attributes
                0x0000007d       0x33 Drivers\STM32F1xx_HAL_Driver\Src\stm32f1xx_hal_adc.o
 .ARM.attributes
                0x000000b0       0x33 Drivers\STM32F1xx_HAL_Driver\Src\stm32f1xx_hal_cortex.o
 .ARM.attributes
                0x000000e3       0x33 Drivers\STM32F1xx_HAL_Driver\Src\stm32f1xx_hal_dma.o
 .ARM.attributes
                0x00000116       0x33 Drivers\STM32F1xx_HAL_Driver\Src\stm32f1xx_hal_flash.o
 .ARM.attributes
                0x00000149       0x33 Drivers\STM32F1xx_HAL_Driver\Src\stm32f1xx_hal_flash_ex.o
 .ARM.attributes
                0x0000017c       0x33 Drivers\STM32F1xx_HAL_Driver\Src\stm32f1xx_hal_gpio.o
 .ARM.attributes
                0x000001af       0x33 Drivers\STM32F1xx_HAL_Driver\Src\stm32f1xx_hal_iwdg.o
 .ARM.attributes
                0x000001e2       0x33 Drivers\STM32F1xx_HAL_Driver\Src\stm32f1xx_hal_pcd.o
 .ARM.attributes
                0x00000215       0x33 Drivers\STM32F1xx_HAL_Driver\Src\stm32f1xx_hal_pcd_ex.o
 .ARM.attributes
                0x00000248       0x33 Drivers\STM32F1xx_HAL_Driver\Src\stm32f1xx_hal_rcc.o
 .ARM.attributes
                0x0000027b       0x33 Drivers\STM32F1xx_HAL_Driver\Src\stm32f1xx_hal_rcc_ex.o
 .ARM.attributes
                0x000002ae       0x33 Drivers\STM32F1xx_HAL_Driver\Src\stm32f1xx_hal_tim.o
 .ARM.attributes
                0x000002e1       0x33 Drivers\STM32F1xx_HAL_Driver\Src\stm32f1xx_hal_tim_ex.o
 .ARM.attributes
                0x00000314       0x33 Drivers\STM32F1xx_HAL_Driver\Src\stm32f1xx_ll_usb.o
 .ARM.attributes
                0x00000347       0x33 Middlewares\ST\STM32_USB_Device_Library\Class\CDC\Src\usbd_cdc.o
 .ARM.attributes
                0x0000037a       0x33 Middlewares\ST\STM32_USB_Device_Library\Core\Src\usbd_core.o
 .ARM.attributes
                0x000003ad       0x33 Middlewares\ST\STM32_USB_Device_Library\Core\Src\usbd_ctlreq.o
 .ARM.attributes
                0x000003e0       0x33 Middlewares\ST\STM32_USB_Device_Library\Core\Src\usbd_ioreq.o
 .ARM.attributes
                0x00000413       0x33 Src\UserFunctions.o
 .ARM.attributes
                0x00000446       0x33 Src\main.o
 .ARM.attributes
                0x00000479       0x33 Src\stm32f1xx_hal_msp.o
 .ARM.attributes
                0x000004ac       0x33 Src\stm32f1xx_it.o
 .ARM.attributes
                0x000004df       0x33 Src\syscalls.o
 .ARM.attributes
                0x00000512       0x33 Src\system_stm32f1xx.o
 .ARM.attributes
                0x00000545       0x33 Src\usb_device.o
 .ARM.attributes
                0x00000578       0x33 Src\usbd_cdc_if.o
 .ARM.attributes
                0x000005ab       0x33 Src\usbd_conf.o
 .ARM.attributes
                0x000005de       0x33 Src\usbd_desc.o
 .ARM.attributes
                0x00000611       0x21 startup\startup_stm32f103xb.o
 .ARM.attributes
                0x00000632       0x2d c:/program files (x86)/atollic/truestudio for stm32 9.3.0/armtools/bin/../lib/gcc/arm-atollic-eabi/6.3.1/../../../../arm-atollic-eabi/lib/armv7-m\libc_nano.a(lib_a-atoi.o)
 .ARM.attributes
                0x0000065f       0x2d c:/program files (x86)/atollic/truestudio for stm32 9.3.0/armtools/bin/../lib/gcc/arm-atollic-eabi/6.3.1/../../../../arm-atollic-eabi/lib/armv7-m\libc_nano.a(lib_a-errno.o)
 .ARM.attributes
                0x0000068c       0x2d c:/program files (x86)/atollic/truestudio for stm32 9.3.0/armtools/bin/../lib/gcc/arm-atollic-eabi/6.3.1/../../../../arm-atollic-eabi/lib/armv7-m\libc_nano.a(lib_a-impure.o)
 .ARM.attributes
                0x000006b9       0x2d c:/program files (x86)/atollic/truestudio for stm32 9.3.0/armtools/bin/../lib/gcc/arm-atollic-eabi/6.3.1/../../../../arm-atollic-eabi/lib/armv7-m\libc_nano.a(lib_a-init.o)
 .ARM.attributes
                0x000006e6       0x2d c:/program files (x86)/atollic/truestudio for stm32 9.3.0/armtools/bin/../lib/gcc/arm-atollic-eabi/6.3.1/../../../../arm-atollic-eabi/lib/armv7-m\libc_nano.a(lib_a-memset.o)
 .ARM.attributes
                0x00000713       0x2d c:/program files (x86)/atollic/truestudio for stm32 9.3.0/armtools/bin/../lib/gcc/arm-atollic-eabi/6.3.1/../../../../arm-atollic-eabi/lib/armv7-m\libc_nano.a(lib_a-sprintf.o)
 .ARM.attributes
                0x00000740       0x2d c:/program files (x86)/atollic/truestudio for stm32 9.3.0/armtools/bin/../lib/gcc/arm-atollic-eabi/6.3.1/../../../../arm-atollic-eabi/lib/armv7-m\libc_nano.a(lib_a-strcat.o)
 .ARM.attributes
                0x0000076d       0x17 c:/program files (x86)/atollic/truestudio for stm32 9.3.0/armtools/bin/../lib/gcc/arm-atollic-eabi/6.3.1/../../../../arm-atollic-eabi/lib/armv7-m\libc_nano.a(lib_a-strlen.o)
 .ARM.attributes
                0x00000784       0x2d c:/program files (x86)/atollic/truestudio for stm32 9.3.0/armtools/bin/../lib/gcc/arm-atollic-eabi/6.3.1/../../../../arm-atollic-eabi/lib/armv7-m\libc_nano.a(lib_a-strtol.o)
 .ARM.attributes
                0x000007b1       0x2d c:/program files (x86)/atollic/truestudio for stm32 9.3.0/armtools/bin/../lib/gcc/arm-atollic-eabi/6.3.1/../../../../arm-atollic-eabi/lib/armv7-m\libc_nano.a(lib_a-locale.o)
 .ARM.attributes
                0x000007de       0x2d c:/program files (x86)/atollic/truestudio for stm32 9.3.0/armtools/bin/../lib/gcc/arm-atollic-eabi/6.3.1/../../../../arm-atollic-eabi/lib/armv7-m\libc_nano.a(lib_a-mbtowc_r.o)
 .ARM.attributes
                0x0000080b       0x2d c:/program files (x86)/atollic/truestudio for stm32 9.3.0/armtools/bin/../lib/gcc/arm-atollic-eabi/6.3.1/../../../../arm-atollic-eabi/lib/armv7-m\libc_nano.a(lib_a-nano-svfprintf.o)
 .ARM.attributes
                0x00000838       0x2d c:/program files (x86)/atollic/truestudio for stm32 9.3.0/armtools/bin/../lib/gcc/arm-atollic-eabi/6.3.1/../../../../arm-atollic-eabi/lib/armv7-m\libc_nano.a(lib_a-nano-vfprintf_i.o)
 .ARM.attributes
                0x00000865       0x2d c:/program files (x86)/atollic/truestudio for stm32 9.3.0/armtools/bin/../lib/gcc/arm-atollic-eabi/6.3.1/../../../../arm-atollic-eabi/lib/armv7-m\libc_nano.a(lib_a-wctomb_r.o)
 .ARM.attributes
                0x00000892       0x2d c:/program files (x86)/atollic/truestudio for stm32 9.3.0/armtools/bin/../lib/gcc/arm-atollic-eabi/6.3.1/../../../../arm-atollic-eabi/lib/armv7-m\libc_nano.a(lib_a-ctype_.o)
 .ARM.attributes
                0x000008bf       0x2d c:/program files (x86)/atollic/truestudio for stm32 9.3.0/armtools/bin/../lib/gcc/arm-atollic-eabi/6.3.1/../../../../arm-atollic-eabi/lib/armv7-m\libc_nano.a(lib_a-memchr-stub.o)
 .ARM.attributes
                0x000008ec       0x2d c:/program files (x86)/atollic/truestudio for stm32 9.3.0/armtools/bin/../lib/gcc/arm-atollic-eabi/6.3.1/../../../../arm-atollic-eabi/lib/armv7-m\libc_nano.a(lib_a-memcpy-stub.o)
 .ARM.attributes
                0x00000919       0x2d c:/program files (x86)/atollic/truestudio for stm32 9.3.0/armtools/bin/../lib/gcc/arm-atollic-eabi/6.3.1/../../../../arm-atollic-eabi/lib/armv7-m\libc_nano.a(lib_a-memmove.o)
 .ARM.attributes
                0x00000946       0x2d c:/program files (x86)/atollic/truestudio for stm32 9.3.0/armtools/bin/../lib/gcc/arm-atollic-eabi/6.3.1/../../../../arm-atollic-eabi/lib/armv7-m\libc_nano.a(lib_a-nano-freer.o)
 .ARM.attributes
                0x00000973       0x2d c:/program files (x86)/atollic/truestudio for stm32 9.3.0/armtools/bin/../lib/gcc/arm-atollic-eabi/6.3.1/../../../../arm-atollic-eabi/lib/armv7-m\libc_nano.a(lib_a-nano-mallocr.o)
 .ARM.attributes
                0x000009a0       0x2d c:/program files (x86)/atollic/truestudio for stm32 9.3.0/armtools/bin/../lib/gcc/arm-atollic-eabi/6.3.1/../../../../arm-atollic-eabi/lib/armv7-m\libc_nano.a(lib_a-nano-reallocr.o)
 .ARM.attributes
                0x000009cd       0x2d c:/program files (x86)/atollic/truestudio for stm32 9.3.0/armtools/bin/../lib/gcc/arm-atollic-eabi/6.3.1/../../../../arm-atollic-eabi/lib/armv7-m\libc_nano.a(lib_a-sbrkr.o)
 .ARM.attributes
                0x000009fa       0x2d c:/program files (x86)/atollic/truestudio for stm32 9.3.0/armtools/bin/../lib/gcc/arm-atollic-eabi/6.3.1/../../../../arm-atollic-eabi/lib/armv7-m\libc_nano.a(lib_a-mlock.o)
 .ARM.attributes
                0x00000a27       0x2d c:/program files (x86)/atollic/truestudio for stm32 9.3.0/armtools/bin/../lib/gcc/arm-atollic-eabi/6.3.1/../../../../arm-atollic-eabi/lib/armv7-m\libc_nano.a(lib_a-nano-msizer.o)
 .ARM.attributes
                0x00000a54       0x2d c:/program files (x86)/atollic/truestudio for stm32 9.3.0/armtools/bin/../lib/gcc/arm-atollic-eabi/6.3.1/../../../../arm-atollic-eabi/lib/armv7-m\libc_nano.a(lib_a-reent.o)
 .ARM.attributes
                0x00000a81       0x1d c:/program files (x86)/atollic/truestudio for stm32 9.3.0/armtools/bin/../lib/gcc/arm-atollic-eabi/6.3.1/armv7-m\libgcc.a(_arm_addsubsf3.o)
 .ARM.attributes
                0x00000a9e       0x1d c:/program files (x86)/atollic/truestudio for stm32 9.3.0/armtools/bin/../lib/gcc/arm-atollic-eabi/6.3.1/armv7-m\libgcc.a(_arm_muldivsf3.o)
 .ARM.attributes
                0x00000abb       0x1d c:/program files (x86)/atollic/truestudio for stm32 9.3.0/armtools/bin/../lib/gcc/arm-atollic-eabi/6.3.1/armv7-m\libgcc.a(_arm_fixunssfsi.o)
 .ARM.attributes
                0x00000ad8       0x1d c:/program files (x86)/atollic/truestudio for stm32 9.3.0/armtools/bin/../lib/gcc/arm-atollic-eabi/6.3.1/armv7-m/crtn.o
OUTPUT(DC_Drive.elf elf32-littlearm)

.debug_info     0x00000000    0x1a30c
 .debug_info    0x00000000      0x6fe Drivers\STM32F1xx_HAL_Driver\Src\stm32f1xx_hal.o
 .debug_info    0x000006fe      0xc5e Drivers\STM32F1xx_HAL_Driver\Src\stm32f1xx_hal_adc.o
 .debug_info    0x0000135c      0xb47 Drivers\STM32F1xx_HAL_Driver\Src\stm32f1xx_hal_cortex.o
 .debug_info    0x00001ea3      0x7a2 Drivers\STM32F1xx_HAL_Driver\Src\stm32f1xx_hal_dma.o
 .debug_info    0x00002645      0x597 Drivers\STM32F1xx_HAL_Driver\Src\stm32f1xx_hal_flash.o
 .debug_info    0x00002bdc      0x81b Drivers\STM32F1xx_HAL_Driver\Src\stm32f1xx_hal_flash_ex.o
 .debug_info    0x000033f7      0x681 Drivers\STM32F1xx_HAL_Driver\Src\stm32f1xx_hal_gpio.o
 .debug_info    0x00003a78      0x2b6 Drivers\STM32F1xx_HAL_Driver\Src\stm32f1xx_hal_iwdg.o
 .debug_info    0x00003d2e      0xe35 Drivers\STM32F1xx_HAL_Driver\Src\stm32f1xx_hal_pcd.o
 .debug_info    0x00004b63      0x75c Drivers\STM32F1xx_HAL_Driver\Src\stm32f1xx_hal_pcd_ex.o
 .debug_info    0x000052bf      0x803 Drivers\STM32F1xx_HAL_Driver\Src\stm32f1xx_hal_rcc.o
 .debug_info    0x00005ac2      0x438 Drivers\STM32F1xx_HAL_Driver\Src\stm32f1xx_hal_rcc_ex.o
 .debug_info    0x00005efa     0x2451 Drivers\STM32F1xx_HAL_Driver\Src\stm32f1xx_hal_tim.o
 .debug_info    0x0000834b     0x1100 Drivers\STM32F1xx_HAL_Driver\Src\stm32f1xx_hal_tim_ex.o
 .debug_info    0x0000944b     0x14f9 Drivers\STM32F1xx_HAL_Driver\Src\stm32f1xx_ll_usb.o
 .debug_info    0x0000a944     0x198a Middlewares\ST\STM32_USB_Device_Library\Class\CDC\Src\usbd_cdc.o
 .debug_info    0x0000c2ce     0x13cc Middlewares\ST\STM32_USB_Device_Library\Core\Src\usbd_core.o
 .debug_info    0x0000d69a     0x133c Middlewares\ST\STM32_USB_Device_Library\Core\Src\usbd_ctlreq.o
 .debug_info    0x0000e9d6     0x112d Middlewares\ST\STM32_USB_Device_Library\Core\Src\usbd_ioreq.o
 .debug_info    0x0000fb03      0x3d2 Src\UserFunctions.o
 .debug_info    0x0000fed5     0x22bc Src\main.o
 .debug_info    0x00012191      0xf10 Src\stm32f1xx_hal_msp.o
 .debug_info    0x000130a1      0xd24 Src\stm32f1xx_it.o
 .debug_info    0x00013dc5      0xf16 Src\syscalls.o
 .debug_info    0x00014cdb      0x434 Src\system_stm32f1xx.o
 .debug_info    0x0001510f     0x1075 Src\usb_device.o
 .debug_info    0x00016184     0x1287 Src\usbd_cdc_if.o
 .debug_info    0x0001740b     0x1f8f Src\usbd_conf.o
 .debug_info    0x0001939a      0xf0e Src\usbd_desc.o
 .debug_info    0x0001a2a8       0x64 startup\startup_stm32f103xb.o

.debug_abbrev   0x00000000     0x3b2b
 .debug_abbrev  0x00000000      0x1d3 Drivers\STM32F1xx_HAL_Driver\Src\stm32f1xx_hal.o
 .debug_abbrev  0x000001d3      0x1d0 Drivers\STM32F1xx_HAL_Driver\Src\stm32f1xx_hal_adc.o
 .debug_abbrev  0x000003a3      0x2d0 Drivers\STM32F1xx_HAL_Driver\Src\stm32f1xx_hal_cortex.o
 .debug_abbrev  0x00000673      0x1f9 Drivers\STM32F1xx_HAL_Driver\Src\stm32f1xx_hal_dma.o
 .debug_abbrev  0x0000086c      0x20b Drivers\STM32F1xx_HAL_Driver\Src\stm32f1xx_hal_flash.o
 .debug_abbrev  0x00000a77      0x216 Drivers\STM32F1xx_HAL_Driver\Src\stm32f1xx_hal_flash_ex.o
 .debug_abbrev  0x00000c8d      0x1bb Drivers\STM32F1xx_HAL_Driver\Src\stm32f1xx_hal_gpio.o
 .debug_abbrev  0x00000e48      0x13c Drivers\STM32F1xx_HAL_Driver\Src\stm32f1xx_hal_iwdg.o
 .debug_abbrev  0x00000f84      0x25e Drivers\STM32F1xx_HAL_Driver\Src\stm32f1xx_hal_pcd.o
 .debug_abbrev  0x000011e2      0x183 Drivers\STM32F1xx_HAL_Driver\Src\stm32f1xx_hal_pcd_ex.o
 .debug_abbrev  0x00001365      0x23e Drivers\STM32F1xx_HAL_Driver\Src\stm32f1xx_hal_rcc.o
 .debug_abbrev  0x000015a3      0x170 Drivers\STM32F1xx_HAL_Driver\Src\stm32f1xx_hal_rcc_ex.o
 .debug_abbrev  0x00001713      0x229 Drivers\STM32F1xx_HAL_Driver\Src\stm32f1xx_hal_tim.o
 .debug_abbrev  0x0000193c      0x217 Drivers\STM32F1xx_HAL_Driver\Src\stm32f1xx_hal_tim_ex.o
 .debug_abbrev  0x00001b53      0x1c0 Drivers\STM32F1xx_HAL_Driver\Src\stm32f1xx_ll_usb.o
 .debug_abbrev  0x00001d13      0x2a8 Middlewares\ST\STM32_USB_Device_Library\Class\CDC\Src\usbd_cdc.o
 .debug_abbrev  0x00001fbb      0x27c Middlewares\ST\STM32_USB_Device_Library\Core\Src\usbd_core.o
 .debug_abbrev  0x00002237      0x2ac Middlewares\ST\STM32_USB_Device_Library\Core\Src\usbd_ctlreq.o
 .debug_abbrev  0x000024e3      0x1ec Middlewares\ST\STM32_USB_Device_Library\Core\Src\usbd_ioreq.o
 .debug_abbrev  0x000026cf       0xca Src\UserFunctions.o
 .debug_abbrev  0x00002799      0x2ed Src\main.o
 .debug_abbrev  0x00002a86      0x1b7 Src\stm32f1xx_hal_msp.o
 .debug_abbrev  0x00002c3d      0x196 Src\stm32f1xx_it.o
 .debug_abbrev  0x00002dd3      0x271 Src\syscalls.o
 .debug_abbrev  0x00003044      0x12f Src\system_stm32f1xx.o
 .debug_abbrev  0x00003173      0x1b9 Src\usb_device.o
 .debug_abbrev  0x0000332c      0x28f Src\usbd_cdc_if.o
 .debug_abbrev  0x000035bb      0x2d6 Src\usbd_conf.o
 .debug_abbrev  0x00003891      0x288 Src\usbd_desc.o
 .debug_abbrev  0x00003b19       0x12 startup\startup_stm32f103xb.o

.debug_aranges  0x00000000     0x1378
 .debug_aranges
                0x00000000       0xe0 Drivers\STM32F1xx_HAL_Driver\Src\stm32f1xx_hal.o
 .debug_aranges
                0x000000e0       0xf0 Drivers\STM32F1xx_HAL_Driver\Src\stm32f1xx_hal_adc.o
 .debug_aranges
                0x000001d0      0x100 Drivers\STM32F1xx_HAL_Driver\Src\stm32f1xx_hal_cortex.o
 .debug_aranges
                0x000002d0       0x80 Drivers\STM32F1xx_HAL_Driver\Src\stm32f1xx_hal_dma.o
 .debug_aranges
                0x00000350       0x88 Drivers\STM32F1xx_HAL_Driver\Src\stm32f1xx_hal_flash.o
 .debug_aranges
                0x000003d8       0x98 Drivers\STM32F1xx_HAL_Driver\Src\stm32f1xx_hal_flash_ex.o
 .debug_aranges
                0x00000470       0x58 Drivers\STM32F1xx_HAL_Driver\Src\stm32f1xx_hal_gpio.o
 .debug_aranges
                0x000004c8       0x28 Drivers\STM32F1xx_HAL_Driver\Src\stm32f1xx_hal_iwdg.o
 .debug_aranges
                0x000004f0      0x120 Drivers\STM32F1xx_HAL_Driver\Src\stm32f1xx_hal_pcd.o
 .debug_aranges
                0x00000610       0x38 Drivers\STM32F1xx_HAL_Driver\Src\stm32f1xx_hal_pcd_ex.o
 .debug_aranges
                0x00000648       0x90 Drivers\STM32F1xx_HAL_Driver\Src\stm32f1xx_hal_rcc.o
 .debug_aranges
                0x000006d8       0x30 Drivers\STM32F1xx_HAL_Driver\Src\stm32f1xx_hal_rcc_ex.o
 .debug_aranges
                0x00000708      0x3a8 Drivers\STM32F1xx_HAL_Driver\Src\stm32f1xx_hal_tim.o
 .debug_aranges
                0x00000ab0      0x150 Drivers\STM32F1xx_HAL_Driver\Src\stm32f1xx_hal_tim_ex.o
 .debug_aranges
                0x00000c00      0x108 Drivers\STM32F1xx_HAL_Driver\Src\stm32f1xx_ll_usb.o
 .debug_aranges
                0x00000d08       0x90 Middlewares\ST\STM32_USB_Device_Library\Class\CDC\Src\usbd_cdc.o
 .debug_aranges
                0x00000d98       0xb8 Middlewares\ST\STM32_USB_Device_Library\Core\Src\usbd_core.o
 .debug_aranges
                0x00000e50       0x88 Middlewares\ST\STM32_USB_Device_Library\Core\Src\usbd_ctlreq.o
 .debug_aranges
                0x00000ed8       0x50 Middlewares\ST\STM32_USB_Device_Library\Core\Src\usbd_ioreq.o
 .debug_aranges
                0x00000f28       0x20 Src\UserFunctions.o
 .debug_aranges
                0x00000f48       0x98 Src\main.o
 .debug_aranges
                0x00000fe0       0x48 Src\stm32f1xx_hal_msp.o
 .debug_aranges
                0x00001028       0x78 Src\stm32f1xx_it.o
 .debug_aranges
                0x000010a0       0xb0 Src\syscalls.o
 .debug_aranges
                0x00001150       0x28 Src\system_stm32f1xx.o
 .debug_aranges
                0x00001178       0x20 Src\usb_device.o
 .debug_aranges
                0x00001198       0x40 Src\usbd_cdc_if.o
 .debug_aranges
                0x000011d8      0x118 Src\usbd_conf.o
 .debug_aranges
                0x000012f0       0x60 Src\usbd_desc.o
 .debug_aranges
                0x00001350       0x28 startup\startup_stm32f103xb.o

.debug_ranges   0x00000000     0x11a0
 .debug_ranges  0x00000000       0xd0 Drivers\STM32F1xx_HAL_Driver\Src\stm32f1xx_hal.o
 .debug_ranges  0x000000d0       0xe0 Drivers\STM32F1xx_HAL_Driver\Src\stm32f1xx_hal_adc.o
 .debug_ranges  0x000001b0       0xf0 Drivers\STM32F1xx_HAL_Driver\Src\stm32f1xx_hal_cortex.o
 .debug_ranges  0x000002a0       0x70 Drivers\STM32F1xx_HAL_Driver\Src\stm32f1xx_hal_dma.o
 .debug_ranges  0x00000310       0x78 Drivers\STM32F1xx_HAL_Driver\Src\stm32f1xx_hal_flash.o
 .debug_ranges  0x00000388       0x88 Drivers\STM32F1xx_HAL_Driver\Src\stm32f1xx_hal_flash_ex.o
 .debug_ranges  0x00000410       0x48 Drivers\STM32F1xx_HAL_Driver\Src\stm32f1xx_hal_gpio.o
 .debug_ranges  0x00000458       0x18 Drivers\STM32F1xx_HAL_Driver\Src\stm32f1xx_hal_iwdg.o
 .debug_ranges  0x00000470      0x110 Drivers\STM32F1xx_HAL_Driver\Src\stm32f1xx_hal_pcd.o
 .debug_ranges  0x00000580       0x28 Drivers\STM32F1xx_HAL_Driver\Src\stm32f1xx_hal_pcd_ex.o
 .debug_ranges  0x000005a8       0x80 Drivers\STM32F1xx_HAL_Driver\Src\stm32f1xx_hal_rcc.o
 .debug_ranges  0x00000628       0x20 Drivers\STM32F1xx_HAL_Driver\Src\stm32f1xx_hal_rcc_ex.o
 .debug_ranges  0x00000648      0x398 Drivers\STM32F1xx_HAL_Driver\Src\stm32f1xx_hal_tim.o
 .debug_ranges  0x000009e0      0x140 Drivers\STM32F1xx_HAL_Driver\Src\stm32f1xx_hal_tim_ex.o
 .debug_ranges  0x00000b20       0xf8 Drivers\STM32F1xx_HAL_Driver\Src\stm32f1xx_ll_usb.o
 .debug_ranges  0x00000c18       0x80 Middlewares\ST\STM32_USB_Device_Library\Class\CDC\Src\usbd_cdc.o
 .debug_ranges  0x00000c98       0xa8 Middlewares\ST\STM32_USB_Device_Library\Core\Src\usbd_core.o
 .debug_ranges  0x00000d40       0x78 Middlewares\ST\STM32_USB_Device_Library\Core\Src\usbd_ctlreq.o
 .debug_ranges  0x00000db8       0x40 Middlewares\ST\STM32_USB_Device_Library\Core\Src\usbd_ioreq.o
 .debug_ranges  0x00000df8       0x10 Src\UserFunctions.o
 .debug_ranges  0x00000e08       0x88 Src\main.o
 .debug_ranges  0x00000e90       0x38 Src\stm32f1xx_hal_msp.o
 .debug_ranges  0x00000ec8       0x68 Src\stm32f1xx_it.o
 .debug_ranges  0x00000f30       0xa0 Src\syscalls.o
 .debug_ranges  0x00000fd0       0x18 Src\system_stm32f1xx.o
 .debug_ranges  0x00000fe8       0x10 Src\usb_device.o
 .debug_ranges  0x00000ff8       0x30 Src\usbd_cdc_if.o
 .debug_ranges  0x00001028      0x108 Src\usbd_conf.o
 .debug_ranges  0x00001130       0x50 Src\usbd_desc.o
 .debug_ranges  0x00001180       0x20 startup\startup_stm32f103xb.o

.debug_line     0x00000000     0x963a
 .debug_line    0x00000000      0x3e4 Drivers\STM32F1xx_HAL_Driver\Src\stm32f1xx_hal.o
 .debug_line    0x000003e4      0x773 Drivers\STM32F1xx_HAL_Driver\Src\stm32f1xx_hal_adc.o
 .debug_line    0x00000b57      0x4b6 Drivers\STM32F1xx_HAL_Driver\Src\stm32f1xx_hal_cortex.o
 .debug_line    0x0000100d      0x671 Drivers\STM32F1xx_HAL_Driver\Src\stm32f1xx_hal_dma.o
 .debug_line    0x0000167e      0x429 Drivers\STM32F1xx_HAL_Driver\Src\stm32f1xx_hal_flash.o
 .debug_line    0x00001aa7      0x485 Drivers\STM32F1xx_HAL_Driver\Src\stm32f1xx_hal_flash_ex.o
 .debug_line    0x00001f2c      0x3fc Drivers\STM32F1xx_HAL_Driver\Src\stm32f1xx_hal_gpio.o
 .debug_line    0x00002328      0x263 Drivers\STM32F1xx_HAL_Driver\Src\stm32f1xx_hal_iwdg.o
 .debug_line    0x0000258b      0x704 Drivers\STM32F1xx_HAL_Driver\Src\stm32f1xx_hal_pcd.o
 .debug_line    0x00002c8f      0x284 Drivers\STM32F1xx_HAL_Driver\Src\stm32f1xx_hal_pcd_ex.o
 .debug_line    0x00002f13      0x4fe Drivers\STM32F1xx_HAL_Driver\Src\stm32f1xx_hal_rcc.o
 .debug_line    0x00003411      0x2ed Drivers\STM32F1xx_HAL_Driver\Src\stm32f1xx_hal_rcc_ex.o
 .debug_line    0x000036fe     0x12e7 Drivers\STM32F1xx_HAL_Driver\Src\stm32f1xx_hal_tim.o
 .debug_line    0x000049e5      0x84e Drivers\STM32F1xx_HAL_Driver\Src\stm32f1xx_hal_tim_ex.o
 .debug_line    0x00005233      0x706 Drivers\STM32F1xx_HAL_Driver\Src\stm32f1xx_ll_usb.o
 .debug_line    0x00005939      0x586 Middlewares\ST\STM32_USB_Device_Library\Class\CDC\Src\usbd_cdc.o
 .debug_line    0x00005ebf      0x568 Middlewares\ST\STM32_USB_Device_Library\Core\Src\usbd_core.o
 .debug_line    0x00006427      0x60c Middlewares\ST\STM32_USB_Device_Library\Core\Src\usbd_ctlreq.o
 .debug_line    0x00006a33      0x3d1 Middlewares\ST\STM32_USB_Device_Library\Core\Src\usbd_ioreq.o
 .debug_line    0x00006e04      0x211 Src\UserFunctions.o
 .debug_line    0x00007015      0x782 Src\main.o
 .debug_line    0x00007797      0x306 Src\stm32f1xx_hal_msp.o
 .debug_line    0x00007a9d      0x33d Src\stm32f1xx_it.o
 .debug_line    0x00007dda      0x3d8 Src\syscalls.o
 .debug_line    0x000081b2      0x22f Src\system_stm32f1xx.o
 .debug_line    0x000083e1      0x398 Src\usb_device.o
 .debug_line    0x00008779      0x3f1 Src\usbd_cdc_if.o
 .debug_line    0x00008b6a      0x659 Src\usbd_conf.o
 .debug_line    0x000091c3      0x3fa Src\usbd_desc.o
 .debug_line    0x000095bd       0x7d startup\startup_stm32f103xb.o

.debug_str      0x00000000     0x57aa
 .debug_str     0x00000000      0x7a7 Drivers\STM32F1xx_HAL_Driver\Src\stm32f1xx_hal.o
                                0x810 (size before relaxing)
 .debug_str     0x000007a7      0x606 Drivers\STM32F1xx_HAL_Driver\Src\stm32f1xx_hal_adc.o
                                0x910 (size before relaxing)
 .debug_str     0x00000dad      0x40a Drivers\STM32F1xx_HAL_Driver\Src\stm32f1xx_hal_cortex.o
                                0x977 (size before relaxing)
 .debug_str     0x000011b7      0x23f Drivers\STM32F1xx_HAL_Driver\Src\stm32f1xx_hal_dma.o
                                0x6b9 (size before relaxing)
 .debug_str     0x000013f6      0x28b Drivers\STM32F1xx_HAL_Driver\Src\stm32f1xx_hal_flash.o
                                0x5b4 (size before relaxing)
 .debug_str     0x00001681      0x2cb Drivers\STM32F1xx_HAL_Driver\Src\stm32f1xx_hal_flash_ex.o
                                0x6e0 (size before relaxing)
 .debug_str     0x0000194c      0x1b9 Drivers\STM32F1xx_HAL_Driver\Src\stm32f1xx_hal_gpio.o
                                0x4c8 (size before relaxing)
 .debug_str     0x00001b05       0x96 Drivers\STM32F1xx_HAL_Driver\Src\stm32f1xx_hal_iwdg.o
                                0x33d (size before relaxing)
 .debug_str     0x00001b9b      0x5ff Drivers\STM32F1xx_HAL_Driver\Src\stm32f1xx_hal_pcd.o
                                0x93b (size before relaxing)
 .debug_str     0x0000219a      0x18d Drivers\STM32F1xx_HAL_Driver\Src\stm32f1xx_hal_pcd_ex.o
                                0x765 (size before relaxing)
 .debug_str     0x00002327      0x31b Drivers\STM32F1xx_HAL_Driver\Src\stm32f1xx_hal_rcc.o
                                0x683 (size before relaxing)
 .debug_str     0x00002642      0x12b Drivers\STM32F1xx_HAL_Driver\Src\stm32f1xx_hal_rcc_ex.o
                                0x468 (size before relaxing)
 .debug_str     0x0000276d      0xfb7 Drivers\STM32F1xx_HAL_Driver\Src\stm32f1xx_hal_tim.o
                               0x14a6 (size before relaxing)
 .debug_str     0x00003724      0x579 Drivers\STM32F1xx_HAL_Driver\Src\stm32f1xx_hal_tim_ex.o
                                0xca6 (size before relaxing)
 .debug_str     0x00003c9d      0x30e Drivers\STM32F1xx_HAL_Driver\Src\stm32f1xx_ll_usb.o
                                0x7cf (size before relaxing)
 .debug_str     0x00003fab      0xacb Middlewares\ST\STM32_USB_Device_Library\Class\CDC\Src\usbd_cdc.o
                               0x116f (size before relaxing)
 .debug_str     0x00004a76      0x1c1 Middlewares\ST\STM32_USB_Device_Library\Core\Src\usbd_core.o
                                0xd60 (size before relaxing)
 .debug_str     0x00004c37      0x134 Middlewares\ST\STM32_USB_Device_Library\Core\Src\usbd_ctlreq.o
                                0xce6 (size before relaxing)
 .debug_str     0x00004d6b       0xc9 Middlewares\ST\STM32_USB_Device_Library\Core\Src\usbd_ioreq.o
                                0xc6e (size before relaxing)
 .debug_str     0x00004e34       0x34 Src\UserFunctions.o
                                0x3ec (size before relaxing)
 .debug_str     0x00004e68      0x229 Src\main.o
                               0x19df (size before relaxing)
 .debug_str     0x00005091       0x39 Src\stm32f1xx_hal_msp.o
                                0xcf0 (size before relaxing)
 .debug_str     0x000050ca       0xf6 Src\stm32f1xx_it.o
                                0xb57 (size before relaxing)
 .debug_str     0x000051c0      0x222 Src\syscalls.o
                                0x821 (size before relaxing)
 .debug_str     0x000053e2       0x4d Src\system_stm32f1xx.o
                                0x337 (size before relaxing)
 .debug_str     0x0000542f       0x3c Src\usb_device.o