Archive member included to satisfy reference by file (symbol)

c:/program files (x86)/atollic/truestudio for stm32 9.3.0/armtools/bin/../lib/gcc/arm-atollic-eabi/6.3.1/../../../../arm-atollic-eabi/lib/armv7-m\libc_nano.a(lib_a-atoi.o)
                              Src\main.o (atoi)
c:/program files (x86)/atollic/truestudio for stm32 9.3.0/armtools/bin/../lib/gcc/arm-atollic-eabi/6.3.1/../../../../arm-atollic-eabi/lib/armv7-m\libc_nano.a(lib_a-errno.o)
                              Src\syscalls.o (__errno)
c:/program files (x86)/atollic/truestudio for stm32 9.3.0/armtools/bin/../lib/gcc/arm-atollic-eabi/6.3.1/../../../../arm-atollic-eabi/lib/armv7-m\libc_nano.a(lib_a-impure.o)
                              c:/program files (x86)/atollic/truestudio for stm32 9.3.0/armtools/bin/../lib/gcc/arm-atollic-eabi/6.3.1/../../../../arm-atollic-eabi/lib/armv7-m\libc_nano.a(lib_a-errno.o) (_impure_ptr)
c:/program files (x86)/atollic/truestudio for stm32 9.3.0/armtools/bin/../lib/gcc/arm-atollic-eabi/6.3.1/../../../../arm-atollic-eabi/lib/armv7-m\libc_nano.a(lib_a-init.o)
                              startup\startup_stm32f103xb.o (__libc_init_array)
c:/program files (x86)/atollic/truestudio for stm32 9.3.0/armtools/bin/../lib/gcc/arm-atollic-eabi/6.3.1/../../../../arm-atollic-eabi/lib/armv7-m\libc_nano.a(lib_a-memset.o)
                              Drivers\STM32F1xx_HAL_Driver\Src\stm32f1xx_hal_rcc.o (memset)
c:/program files (x86)/atollic/truestudio for stm32 9.3.0/armtools/bin/../lib/gcc/arm-atollic-eabi/6.3.1/../../../../arm-atollic-eabi/lib/armv7-m\libc_nano.a(lib_a-sprintf.o)
                              Src\main.o (sprintf)
c:/program files (x86)/atollic/truestudio for stm32 9.3.0/armtools/bin/../lib/gcc/arm-atollic-eabi/6.3.1/../../../../arm-atollic-eabi/lib/armv7-m\libc_nano.a(lib_a-strcat.o)
                              Src\main.o (strcat)
c:/program files (x86)/atollic/truestudio for stm32 9.3.0/armtools/bin/../lib/gcc/arm-atollic-eabi/6.3.1/../../../../arm-atollic-eabi/lib/armv7-m\libc_nano.a(lib_a-strlen.o)
                              Src\main.o (strlen)
c:/program files (x86)/atollic/truestudio for stm32 9.3.0/armtools/bin/../lib/gcc/arm-atollic-eabi/6.3.1/../../../../arm-atollic-eabi/lib/armv7-m\libc_nano.a(lib_a-strtol.o)
                              c:/program files (x86)/atollic/truestudio for stm32 9.3.0/armtools/bin/../lib/gcc/arm-atollic-eabi/6.3.1/../../../../arm-atollic-eabi/lib/armv7-m\libc_nano.a(lib_a-atoi.o) (_strtol_r)
c:/program files (x86)/atollic/truestudio for stm32 9.3.0/armtools/bin/../lib/gcc/arm-atollic-eabi/6.3.1/../../../../arm-atollic-eabi/lib/armv7-m\libc_nano.a(lib_a-locale.o)
                              c:/program files (x86)/atollic/truestudio for stm32 9.3.0/armtools/bin/../lib/gcc/arm-atollic-eabi/6.3.1/../../../../arm-atollic-eabi/lib/armv7-m\libc_nano.a(lib_a-strtol.o) (__locale_ctype_ptr_l)
c:/program files (x86)/atollic/truestudio for stm32 9.3.0/armtools/bin/../lib/gcc/arm-atollic-eabi/6.3.1/../../../../arm-atollic-eabi/lib/armv7-m\libc_nano.a(lib_a-mbtowc_r.o)
                              c:/program files (x86)/atollic/truestudio for stm32 9.3.0/armtools/bin/../lib/gcc/arm-atollic-eabi/6.3.1/../../../../arm-atollic-eabi/lib/armv7-m\libc_nano.a(lib_a-locale.o) (__ascii_mbtowc)
c:/program files (x86)/atollic/truestudio for stm32 9.3.0/armtools/bin/../lib/gcc/arm-atollic-eabi/6.3.1/../../../../arm-atollic-eabi/lib/armv7-m\libc_nano.a(lib_a-nano-svfprintf.o)
                              c:/program files (x86)/atollic/truestudio for stm32 9.3.0/armtools/bin/../lib/gcc/arm-atollic-eabi/6.3.1/../../../../arm-atollic-eabi/lib/armv7-m\libc_nano.a(lib_a-sprintf.o) (_svfprintf_r)
c:/program files (x86)/atollic/truestudio for stm32 9.3.0/armtools/bin/../lib/gcc/arm-atollic-eabi/6.3.1/../../../../arm-atollic-eabi/lib/armv7-m\libc_nano.a(lib_a-nano-vfprintf_i.o)
                              c:/program files (x86)/atollic/truestudio for stm32 9.3.0/armtools/bin/../lib/gcc/arm-atollic-eabi/6.3.1/../../../../arm-atollic-eabi/lib/armv7-m\libc_nano.a(lib_a-nano-svfprintf.o) (_printf_i)
c:/program files (x86)/atollic/truestudio for stm32 9.3.0/armtools/bin/../lib/gcc/arm-atollic-eabi/6.3.1/../../../../arm-atollic-eabi/lib/armv7-m\libc_nano.a(lib_a-strcmp.o)
                              c:/program files (x86)/atollic/truestudio for stm32 9.3.0/armtools/bin/../lib/gcc/arm-atollic-eabi/6.3.1/../../../../arm-atollic-eabi/lib/armv7-m\libc_nano.a(lib_a-locale.o) (strcmp)
c:/program files (x86)/atollic/truestudio for stm32 9.3.0/armtools/bin/../lib/gcc/arm-atollic-eabi/6.3.1/../../../../arm-atollic-eabi/lib/armv7-m\libc_nano.a(lib_a-wctomb_r.o)
                              c:/program files (x86)/atollic/truestudio for stm32 9.3.0/armtools/bin/../lib/gcc/arm-atollic-eabi/6.3.1/../../../../arm-atollic-eabi/lib/armv7-m\libc_nano.a(lib_a-locale.o) (__ascii_wctomb)
[...]
Memory Configuration

Name             Origin             Length             Attributes
RAM              0x20000000         0x00005000         xrw
FLASH            0x08000000         0x00010000         xr
*default*        0x00000000         0xffffffff

Linker script and memory map

LOAD c:/program files (x86)/atollic/truestudio for stm32 9.3.0/armtools/bin/../lib/gcc/arm-atollic-eabi/6.3.1/armv7-m/crti.o
LOAD c:/program files (x86)/atollic/truestudio for stm32 9.3.0/armtools/bin/../lib/gcc/arm-atollic-eabi/6.3.1/armv7-m/crtbegin.o
LOAD Drivers\STM32F1xx_HAL_Driver\Src\stm32f1xx_hal.o
LOAD Drivers\STM32F1xx_HAL_Driver\Src\stm32f1xx_hal_adc.o
LOAD Drivers\STM32F1xx_HAL_Driver\Src\stm32f1xx_hal_adc_ex.o
LOAD Drivers\STM32F1xx_HAL_Driver\Src\stm32f1xx_hal_cortex.o
LOAD Drivers\STM32F1xx_HAL_Driver\Src\stm32f1xx_hal_dma.o
LOAD Drivers\STM32F1xx_HAL_Driver\Src\stm32f1xx_hal_exti.o
LOAD Drivers\STM32F1xx_HAL_Driver\Src\stm32f1xx_hal_flash.o
LOAD Drivers\STM32F1xx_HAL_Driver\Src\stm32f1xx_hal_flash_ex.o
LOAD Drivers\STM32F1xx_HAL_Driver\Src\stm32f1xx_hal_gpio.o
LOAD Drivers\STM32F1xx_HAL_Driver\Src\stm32f1xx_hal_gpio_ex.o
LOAD Drivers\STM32F1xx_HAL_Driver\Src\stm32f1xx_hal_pcd.o
LOAD Drivers\STM32F1xx_HAL_Driver\Src\stm32f1xx_hal_pcd_ex.o
LOAD Drivers\STM32F1xx_HAL_Driver\Src\stm32f1xx_hal_pwr.o
LOAD Drivers\STM32F1xx_HAL_Driver\Src\stm32f1xx_hal_rcc.o
LOAD Drivers\STM32F1xx_HAL_Driver\Src\stm32f1xx_hal_rcc_ex.o
LOAD Drivers\STM32F1xx_HAL_Driver\Src\stm32f1xx_hal_tim.o
LOAD Drivers\STM32F1xx_HAL_Driver\Src\stm32f1xx_hal_tim_ex.o
LOAD Drivers\STM32F1xx_HAL_Driver\Src\stm32f1xx_ll_usb.o
LOAD Middlewares\ST\STM32_USB_Device_Library\Class\CDC\Src\usbd_cdc.o
LOAD Middlewares\ST\STM32_USB_Device_Library\Core\Src\usbd_core.o
LOAD Middlewares\ST\STM32_USB_Device_Library\Core\Src\usbd_ctlreq.o
LOAD Middlewares\ST\STM32_USB_Device_Library\Core\Src\usbd_ioreq.o
LOAD Src\UserFunctions.o
LOAD Src\main.o
LOAD Src\stm32f1xx_hal_msp.o
LOAD Src\stm32f1xx_it.o
LOAD Src\syscalls.o
LOAD Src\system_stm32f1xx.o
LOAD Src\usb_device.o
LOAD Src\usbd_cdc_if.o
LOAD Src\usbd_conf.o
LOAD Src\usbd_desc.o
LOAD startup\startup_stm32f103xb.o
                0x00000080                malloc_getpagesize_P = 0x80
START GROUP
LOAD c:/program files (x86)/atollic/truestudio for stm32 9.3.0/armtools/bin/../lib/gcc/arm-atollic-eabi/6.3.1/../../../../arm-atollic-eabi/lib/armv7-m\libc_nano.a
LOAD c:/program files (x86)/atollic/truestudio for stm32 9.3.0/armtools/bin/../lib/gcc/arm-atollic-eabi/6.3.1/../../../../arm-atollic-eabi/lib/armv7-m\libm.a
END GROUP
START GROUP
LOAD c:/program files (x86)/atollic/truestudio for stm32 9.3.0/armtools/bin/../lib/gcc/arm-atollic-eabi/6.3.1/armv7-m\libgcc.a
LOAD c:/program files (x86)/atollic/truestudio for stm32 9.3.0/armtools/bin/../lib/gcc/arm-atollic-eabi/6.3.1/../../../../arm-atollic-eabi/lib/armv7-m\libc_nano.a
END GROUP
START GROUP
LOAD c:/program files (x86)/atollic/truestudio for stm32 9.3.0/armtools/bin/../lib/gcc/arm-atollic-eabi/6.3.1/armv7-m\libgcc.a
LOAD c:/program files (x86)/atollic/truestudio for stm32 9.3.0/armtools/bin/../lib/gcc/arm-atollic-eabi/6.3.1/../../../../arm-atollic-eabi/lib/armv7-m\libc_nano.a
LOAD c:/program files (x86)/atollic/truestudio for stm32 9.3.0/armtools/bin/../lib/gcc/arm-atollic-eabi/6.3.1/../../../../arm-atollic-eabi/lib/armv7-m\libnosys.a
END GROUP
START GROUP
LOAD c:/program files (x86)/atollic/truestudio for stm32 9.3.0/armtools/bin/../lib/gcc/arm-atollic-eabi/6.3.1/armv7-m\libgcc.a
LOAD c:/program files (x86)/atollic/truestudio for stm32 9.3.0/armtools/bin/../lib/gcc/arm-atollic-eabi/6.3.1/../../../../arm-atollic-eabi/lib/armv7-m\libc_nano.a
LOAD c:/program files (x86)/atollic/truestudio for stm32 9.3.0/armtools/bin/../lib/gcc/arm-atollic-eabi/6.3.1/../../../../arm-atollic-eabi/lib/armv7-m\libnosys.a
END GROUP
LOAD c:/program files (x86)/atollic/truestudio for stm32 9.3.0/armtools/bin/../lib/gcc/arm-atollic-eabi/6.3.1/armv7-m/crtend.o
LOAD c:/program files (x86)/atollic/truestudio for stm32 9.3.0/armtools/bin/../lib/gcc/arm-atollic-eabi/6.3.1/armv7-m/crtn.o
                0x20005000                _estack = 0x20005000
                0x00000600                _Min_Heap_Size = 0x600
                0x00000400                _Min_Stack_Size = 0x400

.isr_vector     0x08000000      0x10c
                0x08000000                . = ALIGN (0x4)
 *(.isr_vector)
 .isr_vector    0x08000000      0x10c startup\startup_stm32f103xb.o
                0x08000000                g_pfnVectors
                0x0800010c                . = ALIGN (0x4)

.text           0x0800010c     0x51a8
                0x0800010c                . = ALIGN (0x4)
 *(.text)
 .text          0x0800010c       0x40 c:/program files (x86)/atollic/truestudio for stm32 9.3.0/armtools/bin/../lib/gcc/arm-atollic-eabi/6.3.1/armv7-m/crtbegin.o
 .text          0x0800014c       0x10 c:/program files (x86)/atollic/truestudio for stm32 9.3.0/armtools/bin/../lib/gcc/arm-atollic-eabi/6.3.1/../../../../arm-atollic-eabi/lib/armv7-m\libc_nano.a(lib_a-strlen.o)
                0x0800014c                strlen
 .text          0x0800015c       0x18 c:/program files (x86)/atollic/truestudio for stm32 9.3.0/armtools/bin/../lib/gcc/arm-atollic-eabi/6.3.1/armv7-m\libgcc.a(_lshrdi3.o)
                0x0800015c                __lshrdi3
                0x0800015c                __aeabi_llsr
 .text          0x08000174      0x21c c:/program files (x86)/atollic/truestudio for stm32 9.3.0/armtools/bin/../lib/gcc/arm-atollic-eabi/6.3.1/armv7-m\libgcc.a(_arm_addsubsf3.o)
                0x08000174                __aeabi_frsub
                0x0800017c                __subsf3
                0x0800017c                __aeabi_fsub
                0x08000180                __aeabi_fadd
                0x08000180                __addsf3
                0x080002e0                __aeabi_ui2f
                0x080002e0                __floatunsisf
                0x080002e8                __aeabi_i2f
                0x080002e8                __floatsisf
                0x08000304                __aeabi_ul2f
                0x08000304                __floatundisf
                0x08000314                __aeabi_l2f
                0x08000314                __floatdisf
 .text          0x08000390      0x2a0 c:/program files (x86)/atollic/truestudio for stm32 9.3.0/armtools/bin/../lib/gcc/arm-atollic-eabi/6.3.1/armv7-m\libgcc.a(_arm_muldivsf3.o)
                0x08000390                __mulsf3
                0x08000390                __aeabi_fmul
                0x080004f8                __aeabi_fdiv
                0x080004f8                __divsf3
 .text          0x08000630       0x40 c:/program files (x86)/atollic/truestudio for stm32 9.3.0/armtools/bin/../lib/gcc/arm-atollic-eabi/6.3.1/armv7-m\libgcc.a(_arm_fixunssfsi.o)
                0x08000630                __fixunssfsi
                0x08000630                __aeabi_f2uiz
 *(.text*)
 .text.HAL_InitTick
                0x08000670       0x48 Drivers\STM32F1xx_HAL_Driver\Src\stm32f1xx_hal.o
                0x08000670                HAL_InitTick
 .text.HAL_Init
                0x080006b8       0x24 Drivers\STM32F1xx_HAL_Driver\Src\stm32f1xx_hal.o
                0x080006b8                HAL_Init
 .text.HAL_IncTick
                0x080006dc       0x18 Drivers\STM32F1xx_HAL_Driver\Src\stm32f1xx_hal.o
                0x080006dc                HAL_IncTick
 .text.HAL_GetTick
                0x080006f4        0xc Drivers\STM32F1xx_HAL_Driver\Src\stm32f1xx_hal.o
                0x080006f4                HAL_GetTick
 .text.HAL_ADC_ConvCpltCallback
                0x08000700        0x2 Drivers\STM32F1xx_HAL_Driver\Src\stm32f1xx_hal_adc.o
                0x08000700                HAL_ADC_ConvCpltCallback
 .text.ADC_DMAConvCplt
                0x08000702       0x4e Drivers\STM32F1xx_HAL_Driver\Src\stm32f1xx_hal_adc.o
                0x08000702                ADC_DMAConvCplt
 .text.HAL_ADC_ConvHalfCpltCallback
                0x08000750        0x2 Drivers\STM32F1xx_HAL_Driver\Src\stm32f1xx_hal_adc.o
                0x08000750                HAL_ADC_ConvHalfCpltCallback
 .text.ADC_DMAHalfConvCplt
                0x08000752        0xa Drivers\STM32F1xx_HAL_Driver\Src\stm32f1xx_hal_adc.o
                0x08000752                ADC_DMAHalfConvCplt
 .text.HAL_ADC_ErrorCallback
                0x0800075c        0x2 Drivers\STM32F1xx_HAL_Driver\Src\stm32f1xx_hal_adc.o
                0x0800075c                HAL_ADC_ErrorCallback
 .text.ADC_DMAError
                0x0800075e       0x1a Drivers\STM32F1xx_HAL_Driver\Src\stm32f1xx_hal_adc.o
                0x0800075e                ADC_DMAError
 .text.HAL_ADC_ConfigChannel
                0x08000778      0x108 Drivers\STM32F1xx_HAL_Driver\Src\stm32f1xx_hal_adc.o
                0x08000778                HAL_ADC_ConfigChannel
 .text.ADC_Enable
                0x08000880       0x70 Drivers\STM32F1xx_HAL_Driver\Src\stm32f1xx_hal_adc.o
                0x08000880                ADC_Enable
 .text.HAL_ADC_Start_DMA
                0x080008f0      0x11c Drivers\STM32F1xx_HAL_Driver\Src\stm32f1xx_hal_adc.o
                0x080008f0                HAL_ADC_Start_DMA
 .text.ADC_ConversionStop_Disable
                0x08000a0c       0x44 Drivers\STM32F1xx_HAL_Driver\Src\stm32f1xx_hal_adc.o
                0x08000a0c                ADC_ConversionStop_Disable
 .text.HAL_ADC_Init
                0x08000a50      0x100 Drivers\STM32F1xx_HAL_Driver\Src\stm32f1xx_hal_adc.o
                0x08000a50                HAL_ADC_Init
 .text.HAL_NVIC_SetPriorityGrouping
                0x08000b50       0x24 Drivers\STM32F1xx_HAL_Driver\Src\stm32f1xx_hal_cortex.o
                0x08000b50                HAL_NVIC_SetPriorityGrouping
 .text.HAL_NVIC_SetPriority
                0x08000b74       0x68 Drivers\STM32F1xx_HAL_Driver\Src\stm32f1xx_hal_cortex.o
                0x08000b74                HAL_NVIC_SetPriority
 .text.HAL_NVIC_EnableIRQ
                0x08000bdc       0x1c Drivers\STM32F1xx_HAL_Driver\Src\stm32f1xx_hal_cortex.o
                0x08000bdc                HAL_NVIC_EnableIRQ
 .text.HAL_SYSTICK_Config
                0x08000bf8       0x2c Drivers\STM32F1xx_HAL_Driver\Src\stm32f1xx_hal_cortex.o
                0x08000bf8                HAL_SYSTICK_Config
 .text.HAL_DMA_Init
                0x08000c24       0x60 Drivers\STM32F1xx_HAL_Driver\Src\stm32f1xx_hal_dma.o
                0x08000c24                HAL_DMA_Init
 .text.HAL_DMA_Start_IT
                0x08000c84       0x7a Drivers\STM32F1xx_HAL_Driver\Src\stm32f1xx_hal_dma.o
                0x08000c84                HAL_DMA_Start_IT
 *fill*         0x08000cfe        0x2 
 .text.HAL_DMA_IRQHandler
                0x08000d00      0x128 Drivers\STM32F1xx_HAL_Driver\Src\stm32f1xx_hal_dma.o
                0x08000d00                HAL_DMA_IRQHandler
 .text.FLASH_SetErrorCode
                0x08000e28       0x50 Drivers\STM32F1xx_HAL_Driver\Src\stm32f1xx_hal_flash.o
 .text.HAL_FLASH_Unlock
                0x08000e78       0x24 Drivers\STM32F1xx_HAL_Driver\Src\stm32f1xx_hal_flash.o
                0x08000e78                HAL_FLASH_Unlock
 .text.HAL_FLASH_Lock
                0x08000e9c       0x14 Drivers\STM32F1xx_HAL_Driver\Src\stm32f1xx_hal_flash.o
                0x08000e9c                HAL_FLASH_Lock
 .text.FLASH_WaitForLastOperation
                0x08000eb0       0x54 Drivers\STM32F1xx_HAL_Driver\Src\stm32f1xx_hal_flash.o
                0x08000eb0                FLASH_WaitForLastOperation
 .text.HAL_FLASH_Program
                0x08000f04       0x8c Drivers\STM32F1xx_HAL_Driver\Src\stm32f1xx_hal_flash.o
                0x08000f04                HAL_FLASH_Program
 .text.FLASH_PageErase
                0x08000f90       0x24 Drivers\STM32F1xx_HAL_Driver\Src\stm32f1xx_hal_flash_ex.o
                0x08000f90                FLASH_PageErase
 .text.HAL_GPIO_Init
                0x08000fb4      0x1c4 Drivers\STM32F1xx_HAL_Driver\Src\stm32f1xx_hal_gpio.o
                0x08000fb4                HAL_GPIO_Init
 .text.HAL_GPIO_ReadPin
                0x08001178        0xc Drivers\STM32F1xx_HAL_Driver\Src\stm32f1xx_hal_gpio.o
                0x08001178                HAL_GPIO_ReadPin
 .text.HAL_GPIO_WritePin
                0x08001184        0xa Drivers\STM32F1xx_HAL_Driver\Src\stm32f1xx_hal_gpio.o
                0x08001184                HAL_GPIO_WritePin
 .text.HAL_GPIO_TogglePin
                0x0800118e        0xc Drivers\STM32F1xx_HAL_Driver\Src\stm32f1xx_hal_gpio.o
                0x0800118e                HAL_GPIO_TogglePin
 .text.HAL_PCD_Init
                0x0800119a       0xea Drivers\STM32F1xx_HAL_Driver\Src\stm32f1xx_hal_pcd.o
                0x0800119a                HAL_PCD_Init
 .text.HAL_PCD_Start
                0x08001284       0x2e Drivers\STM32F1xx_HAL_Driver\Src\stm32f1xx_hal_pcd.o
                0x08001284                HAL_PCD_Start
 .text.HAL_PCD_SetAddress
                0x080012b2       0x28 Drivers\STM32F1xx_HAL_Driver\Src\stm32f1xx_hal_pcd.o
                0x080012b2                HAL_PCD_SetAddress
 .text.HAL_PCD_EP_Open
                0x080012da       0x66 Drivers\STM32F1xx_HAL_Driver\Src\stm32f1xx_hal_pcd.o
                0x080012da                HAL_PCD_EP_Open
 .text.HAL_PCD_EP_Close
                0x08001340       0x52 Drivers\STM32F1xx_HAL_Driver\Src\stm32f1xx_hal_pcd.o
                0x08001340                HAL_PCD_EP_Close
 .text.HAL_PCD_EP_Receive
                0x08001392       0x30 Drivers\STM32F1xx_HAL_Driver\Src\stm32f1xx_hal_pcd.o
                0x08001392                HAL_PCD_EP_Receive
 .text.HAL_PCD_EP_GetRxCount
                0x080013c2        0xe Drivers\STM32F1xx_HAL_Driver\Src\stm32f1xx_hal_pcd.o
                0x080013c2                HAL_PCD_EP_GetRxCount
 .text.HAL_PCD_EP_Transmit
                0x080013d0       0x2c Drivers\STM32F1xx_HAL_Driver\Src\stm32f1xx_hal_pcd.o
                0x080013d0                HAL_PCD_EP_Transmit
 .text.HAL_PCD_IRQHandler
                0x080013fc      0x44c Drivers\STM32F1xx_HAL_Driver\Src\stm32f1xx_hal_pcd.o
                0x080013fc                HAL_PCD_IRQHandler
 .text.HAL_PCD_EP_SetStall
                0x08001848       0x68 Drivers\STM32F1xx_HAL_Driver\Src\stm32f1xx_hal_pcd.o
                0x08001848                HAL_PCD_EP_SetStall
 .text.HAL_PCD_EP_ClrStall
                0x080018b0       0x64 Drivers\STM32F1xx_HAL_Driver\Src\stm32f1xx_hal_pcd.o
                0x080018b0                HAL_PCD_EP_ClrStall
 .text.HAL_PCDEx_PMAConfig
                0x08001914       0x30 Drivers\STM32F1xx_HAL_Driver\Src\stm32f1xx_hal_pcd_ex.o
                0x08001914                HAL_PCDEx_PMAConfig
 .text.HAL_RCC_OscConfig
                0x08001944      0x33c Drivers\STM32F1xx_HAL_Driver\Src\stm32f1xx_hal_rcc.o
                0x08001944                HAL_RCC_OscConfig
 .text.HAL_RCC_GetSysClockFreq
                0x08001c80       0x78 Drivers\STM32F1xx_HAL_Driver\Src\stm32f1xx_hal_rcc.o
                0x08001c80                HAL_RCC_GetSysClockFreq
 .text.HAL_RCC_ClockConfig
                0x08001cf8      0x13c Drivers\STM32F1xx_HAL_Driver\Src\stm32f1xx_hal_rcc.o
                0x08001cf8                HAL_RCC_ClockConfig
 .text.HAL_RCCEx_PeriphCLKConfig
                0x08001e34       0xf0 Drivers\STM32F1xx_HAL_Driver\Src\stm32f1xx_hal_rcc_ex.o
                0x08001e34                HAL_RCCEx_PeriphCLKConfig
 .text.TIM_OC1_SetConfig
                0x08001f24       0x50 Drivers\STM32F1xx_HAL_Driver\Src\stm32f1xx_hal_tim.o
 .text.TIM_OC3_SetConfig
                0x08001f74       0x54 Drivers\STM32F1xx_HAL_Driver\Src\stm32f1xx_hal_tim.o
 .text.TIM_OC4_SetConfig
                0x08001fc8       0x44 Drivers\STM32F1xx_HAL_Driver\Src\stm32f1xx_hal_tim.o
 .text.HAL_TIM_PWM_MspInit
                0x0800200c        0x2 Drivers\STM32F1xx_HAL_Driver\Src\stm32f1xx_hal_tim.o
                0x0800200c                HAL_TIM_PWM_MspInit
 .text.HAL_TIM_OC_DelayElapsedCallback
                0x0800200e        0x2 Drivers\STM32F1xx_HAL_Driver\Src\stm32f1xx_hal_tim.o
                0x0800200e                HAL_TIM_OC_DelayElapsedCallback
 .text.HAL_TIM_IC_CaptureCallback
                0x08002010        0x2 Drivers\STM32F1xx_HAL_Driver\Src\stm32f1xx_hal_tim.o
                0x08002010                HAL_TIM_IC_CaptureCallback
 .text.HAL_TIM_PWM_PulseFinishedCallback
                0x08002012        0x2 Drivers\STM32F1xx_HAL_Driver\Src\stm32f1xx_hal_tim.o
                0x08002012                HAL_TIM_PWM_PulseFinishedCallback
 .text.HAL_TIM_TriggerCallback
                0x08002014        0x2 Drivers\STM32F1xx_HAL_Driver\Src\stm32f1xx_hal_tim.o
                0x08002014                HAL_TIM_TriggerCallback
 .text.HAL_TIM_IRQHandler
                0x08002016      0x144 Drivers\STM32F1xx_HAL_Driver\Src\stm32f1xx_hal_tim.o
                0x08002016                HAL_TIM_IRQHandler
 *fill*         0x0800215a        0x2 
 .text.TIM_Base_SetConfig
                0x0800215c       0x70 Drivers\STM32F1xx_HAL_Driver\Src\stm32f1xx_hal_tim.o
                0x0800215c                TIM_Base_SetConfig
 .text.HAL_TIM_Base_Init
                0x080021cc       0x34 Drivers\STM32F1xx_HAL_Driver\Src\stm32f1xx_hal_tim.o
                0x080021cc                HAL_TIM_Base_Init
 .text.HAL_TIM_PWM_Init
                0x08002200       0x34 Drivers\STM32F1xx_HAL_Driver\Src\stm32f1xx_hal_tim.o
                0x08002200                HAL_TIM_PWM_Init
 .text.TIM_OC2_SetConfig
                0x08002234       0x58 Drivers\STM32F1xx_HAL_Driver\Src\stm32f1xx_hal_tim.o
                0x08002234                TIM_OC2_SetConfig
 .text.HAL_TIM_PWM_ConfigChannel
                0x0800228c       0xc4 Drivers\STM32F1xx_HAL_Driver\Src\stm32f1xx_hal_tim.o
                0x0800228c                HAL_TIM_PWM_ConfigChannel
 .text.TIM_ETR_SetConfig
                0x08002350       0x14 Drivers\STM32F1xx_HAL_Driver\Src\stm32f1xx_hal_tim.o
                0x08002350                TIM_ETR_SetConfig
 .text.HAL_TIM_ConfigClockSource
                0x08002364      0x128 Drivers\STM32F1xx_HAL_Driver\Src\stm32f1xx_hal_tim.o
                0x08002364                HAL_TIM_ConfigClockSource
 .text.TIM_CCxChannelCmd
                0x0800248c       0x1c Drivers\STM32F1xx_HAL_Driver\Src\stm32f1xx_hal_tim.o
                0x0800248c                TIM_CCxChannelCmd
 .text.HAL_TIM_PWM_Start
                0x080024a8       0x38 Drivers\STM32F1xx_HAL_Driver\Src\stm32f1xx_hal_tim.o
                0x080024a8                HAL_TIM_PWM_Start
 .text.HAL_TIM_PWM_Stop
                0x080024e0       0x5c Drivers\STM32F1xx_HAL_Driver\Src\stm32f1xx_hal_tim.o
                0x080024e0                HAL_TIM_PWM_Stop
 .text.HAL_TIMEx_MasterConfigSynchronization
                0x0800253c       0x3c Drivers\STM32F1xx_HAL_Driver\Src\stm32f1xx_hal_tim_ex.o
                0x0800253c                HAL_TIMEx_MasterConfigSynchronization
 .text.HAL_TIMEx_CommutCallback
                0x08002578        0x2 Drivers\STM32F1xx_HAL_Driver\Src\stm32f1xx_hal_tim_ex.o
                0x08002578                HAL_TIMEx_CommutCallback
 .text.HAL_TIMEx_BreakCallback
                0x0800257a        0x2 Drivers\STM32F1xx_HAL_Driver\Src\stm32f1xx_hal_tim_ex.o
                0x0800257a                HAL_TIMEx_BreakCallback
 .text.USB_CoreInit
                0x0800257c        0xe Drivers\STM32F1xx_HAL_Driver\Src\stm32f1xx_ll_usb.o
                0x0800257c                USB_CoreInit
 .text.USB_EnableGlobalInt
                0x0800258a       0x12 Drivers\STM32F1xx_HAL_Driver\Src\stm32f1xx_ll_usb.o
                0x0800258a                USB_EnableGlobalInt
 .text.USB_DisableGlobalInt
                0x0800259c       0x14 Drivers\STM32F1xx_HAL_Driver\Src\stm32f1xx_ll_usb.o
                0x0800259c                USB_DisableGlobalInt
 .text.USB_SetCurrentMode
                0x080025b0        0x4 Drivers\STM32F1xx_HAL_Driver\Src\stm32f1xx_ll_usb.o
                0x080025b0                USB_SetCurrentMode
 .text.USB_DevInit
                0x080025b4       0x36 Drivers\STM32F1xx_HAL_Driver\Src\stm32f1xx_ll_usb.o
                0x080025b4                USB_DevInit
 *fill*         0x080025ea        0x2 
 .text.USB_ActivateEndpoint
                0x080025ec      0x2f0 Drivers\STM32F1xx_HAL_Driver\Src\stm32f1xx_ll_usb.o
                0x080025ec                USB_ActivateEndpoint
 .text.USB_DeactivateEndpoint
                0x080028dc      0x1be Drivers\STM32F1xx_HAL_Driver\Src\stm32f1xx_ll_usb.o
                0x080028dc                USB_DeactivateEndpoint
 .text.USB_EPSetStall
                0x08002a9a       0x40 Drivers\STM32F1xx_HAL_Driver\Src\stm32f1xx_ll_usb.o
                0x08002a9a                USB_EPSetStall
 .text.USB_EPClearStall
                0x08002ada       0x96 Drivers\STM32F1xx_HAL_Driver\Src\stm32f1xx_ll_usb.o
                0x08002ada                USB_EPClearStall
 .text.USB_SetDevAddress
                0x08002b70        0xc Drivers\STM32F1xx_HAL_Driver\Src\stm32f1xx_ll_usb.o
                0x08002b70                USB_SetDevAddress
 .text.USB_DevConnect
                0x08002b7c        0x4 Drivers\STM32F1xx_HAL_Driver\Src\stm32f1xx_ll_usb.o
                0x08002b7c                USB_DevConnect
 .text.USB_DevDisconnect
                0x08002b80        0x4 Drivers\STM32F1xx_HAL_Driver\Src\stm32f1xx_ll_usb.o
                0x08002b80                USB_DevDisconnect
 .text.USB_ReadInterrupts
                0x08002b84        0x8 Drivers\STM32F1xx_HAL_Driver\Src\stm32f1xx_ll_usb.o
                0x08002b84                USB_ReadInterrupts
 .text.USB_EP0_OutStart
                0x08002b8c        0x4 Drivers\STM32F1xx_HAL_Driver\Src\stm32f1xx_ll_usb.o
                0x08002b8c                USB_EP0_OutStart
 .text.USB_WritePMA
                0x08002b90       0x20 Drivers\STM32F1xx_HAL_Driver\Src\stm32f1xx_ll_usb.o
                0x08002b90                USB_WritePMA
 .text.USB_EPStartXfer
                0x08002bb0      0x1d0 Drivers\STM32F1xx_HAL_Driver\Src\stm32f1xx_ll_usb.o
                0x08002bb0                USB_EPStartXfer
 .text.USB_ReadPMA
                0x08002d80       0x38 Drivers\STM32F1xx_HAL_Driver\Src\stm32f1xx_ll_usb.o
                0x08002d80                USB_ReadPMA
 .text.USBD_CDC_EP0_RxReady
                0x08002db8       0x28 Middlewares\ST\STM32_USB_Device_Library\Class\CDC\Src\usbd_cdc.o
 .text.USBD_CDC_GetFSCfgDesc
                0x08002de0        0xc Middlewares\ST\STM32_USB_Device_Library\Class\CDC\Src\usbd_cdc.o
 .text.USBD_CDC_GetHSCfgDesc
                0x08002dec        0xc Middlewares\ST\STM32_USB_Device_Library\Class\CDC\Src\usbd_cdc.o
 .text.USBD_CDC_GetOtherSpeedCfgDesc
                0x08002df8        0xc Middlewares\ST\STM32_USB_Device_Library\Class\CDC\Src\usbd_cdc.o
 .text.USBD_CDC_GetDeviceQualifierDescriptor
                0x08002e04        0xc Middlewares\ST\STM32_USB_Device_Library\Class\CDC\Src\usbd_cdc.o
                0x08002e04                USBD_CDC_GetDeviceQualifierDescriptor
 .text.USBD_CDC_DataOut
                0x08002e10       0x2e Middlewares\ST\STM32_USB_Device_Library\Class\CDC\Src\usbd_cdc.o
 .text.USBD_CDC_DataIn
                0x08002e3e       0x40 Middlewares\ST\STM32_USB_Device_Library\Class\CDC\Src\usbd_cdc.o
 .text.USBD_CDC_Setup
                0x08002e7e       0xbc Middlewares\ST\STM32_USB_Device_Library\Class\CDC\Src\usbd_cdc.o
 .text.USBD_CDC_DeInit
                0x08002f3a       0x42 Middlewares\ST\STM32_USB_Device_Library\Class\CDC\Src\usbd_cdc.o
 .text.USBD_CDC_Init
                0x08002f7c       0xaa Middlewares\ST\STM32_USB_Device_Library\Class\CDC\Src\usbd_cdc.o
 .text.USBD_CDC_RegisterInterface
                0x08003026        0xe Middlewares\ST\STM32_USB_Device_Library\Class\CDC\Src\usbd_cdc.o
                0x08003026                USBD_CDC_RegisterInterface
 .text.USBD_CDC_SetTxBuffer
                0x08003034       0x10 Middlewares\ST\STM32_USB_Device_Library\Class\CDC\Src\usbd_cdc.o
                0x08003034                USBD_CDC_SetTxBuffer
 .text.USBD_CDC_SetRxBuffer
                0x08003044        0xc Middlewares\ST\STM32_USB_Device_Library\Class\CDC\Src\usbd_cdc.o
                0x08003044                USBD_CDC_SetRxBuffer
 .text.USBD_CDC_TransmitPacket
                0x08003050       0x32 Middlewares\ST\STM32_USB_Device_Library\Class\CDC\Src\usbd_cdc.o
                0x08003050                USBD_CDC_TransmitPacket
 .text.USBD_CDC_ReceivePacket
                0x08003082       0x26 Middlewares\ST\STM32_USB_Device_Library\Class\CDC\Src\usbd_cdc.o
                0x08003082                USBD_CDC_ReceivePacket
 .text.USBD_Init
                0x080030a8       0x2a Middlewares\ST\STM32_USB_Device_Library\Core\Src\usbd_core.o
                0x080030a8                USBD_Init
 .text.USBD_RegisterClass
                0x080030d2        0xe Middlewares\ST\STM32_USB_Device_Library\Core\Src\usbd_core.o
                0x080030d2                USBD_RegisterClass
 .text.USBD_Start
                0x080030e0        0xa Middlewares\ST\STM32_USB_Device_Library\Core\Src\usbd_core.o
                0x080030e0                USBD_Start
 .text.USBD_SetClassConfig
                0x080030ea       0x16 Middlewares\ST\STM32_USB_Device_Library\Core\Src\usbd_core.o
                0x080030ea                USBD_SetClassConfig
 .text.USBD_ClrClassConfig
                0x08003100        0xe Middlewares\ST\STM32_USB_Device_Library\Core\Src\usbd_core.o
                0x08003100                USBD_ClrClassConfig
 .text.USBD_LL_SetupStage
                0x0800310e       0x5a Middlewares\ST\STM32_USB_Device_Library\Core\Src\usbd_core.o
                0x0800310e                USBD_LL_SetupStage
 .text.USBD_LL_DataOutStage
                0x08003168       0x74 Middlewares\ST\STM32_USB_Device_Library\Core\Src\usbd_core.o
                0x08003168                USBD_LL_DataOutStage
 .text.USBD_LL_DataInStage
                0x080031dc       0xb6 Middlewares\ST\STM32_USB_Device_Library\Core\Src\usbd_core.o
                0x080031dc                USBD_LL_DataInStage
 .text.USBD_LL_Reset
                0x08003292       0x4e Middlewares\ST\STM32_USB_Device_Library\Core\Src\usbd_core.o
                0x08003292                USBD_LL_Reset
 .text.USBD_LL_SetSpeed
                0x080032e0        0x6 Middlewares\ST\STM32_USB_Device_Library\Core\Src\usbd_core.o
                0x080032e0                USBD_LL_SetSpeed
 .text.USBD_LL_Suspend
                0x080032e6       0x12 Middlewares\ST\STM32_USB_Device_Library\Core\Src\usbd_core.o
                0x080032e6                USBD_LL_Suspend
 .text.USBD_LL_Resume
                0x080032f8       0x14 Middlewares\ST\STM32_USB_Device_Library\Core\Src\usbd_core.o
                0x080032f8                USBD_LL_Resume
 .text.USBD_LL_SOF
                0x0800330c       0x18 Middlewares\ST\STM32_USB_Device_Library\Core\Src\usbd_core.o
                0x0800330c                USBD_LL_SOF
 .text.USBD_CtlError.constprop.1
                0x08003324       0x16 Middlewares\ST\STM32_USB_Device_Library\Core\Src\usbd_ctlreq.o
 *fill*         0x0800333a        0x2 
 .text.USBD_StdDevReq
                0x0800333c      0x248 Middlewares\ST\STM32_USB_Device_Library\Core\Src\usbd_ctlreq.o
                0x0800333c                USBD_StdDevReq
 .text.USBD_StdItfReq
                0x08003584       0x4a Middlewares\ST\STM32_USB_Device_Library\Core\Src\usbd_ctlreq.o
                0x08003584                USBD_StdItfReq
 .text.USBD_StdEPReq
                0x080035ce      0x112 Middlewares\ST\STM32_USB_Device_Library\Core\Src\usbd_ctlreq.o
                0x080035ce                USBD_StdEPReq
 .text.USBD_ParseSetupRequest
                0x080036e0       0x28 Middlewares\ST\STM32_USB_Device_Library\Core\Src\usbd_ctlreq.o
                0x080036e0                USBD_ParseSetupRequest
 .text.USBD_CtlError
                0x08003708       0x16 Middlewares\ST\STM32_USB_Device_Library\Core\Src\usbd_ctlreq.o
                0x08003708                USBD_CtlError
 .text.USBD_GetString
                0x0800371e       0x38 Middlewares\ST\STM32_USB_Device_Library\Core\Src\usbd_ctlreq.o
                0x0800371e                USBD_GetString
 .text.USBD_CtlSendData
                0x08003756       0x1a Middlewares\ST\STM32_USB_Device_Library\Core\Src\usbd_ioreq.o
                0x08003756                USBD_CtlSendData
 .text.USBD_CtlContinueSendData
                0x08003770       0x10 Middlewares\ST\STM32_USB_Device_Library\Core\Src\usbd_ioreq.o
                0x08003770                USBD_CtlContinueSendData
 .text.USBD_CtlPrepareRx
                0x08003780       0x1e Middlewares\ST\STM32_USB_Device_Library\Core\Src\usbd_ioreq.o
                0x08003780                USBD_CtlPrepareRx
 .text.USBD_CtlContinueRx
                0x0800379e       0x10 Middlewares\ST\STM32_USB_Device_Library\Core\Src\usbd_ioreq.o
                0x0800379e                USBD_CtlContinueRx
 .text.USBD_CtlSendStatus
                0x080037ae       0x16 Middlewares\ST\STM32_USB_Device_Library\Core\Src\usbd_ioreq.o
                0x080037ae                USBD_CtlSendStatus
 .text.USBD_CtlReceiveStatus
                0x080037c4       0x16 Middlewares\ST\STM32_USB_Device_Library\Core\Src\usbd_ioreq.o
                0x080037c4                USBD_CtlReceiveStatus
 *fill*         0x080037da        0x2 
 .text.Reverse  0x080037dc       0xb0 Src\main.o
                0x080037dc                Reverse
 .text.Wait_Reverse
                0x0800388c       0xd4 Src\main.o
                0x0800388c                Wait_Reverse
 .text.Wait_Forward
                0x08003960       0xb4 Src\main.o
                0x08003960                Wait_Forward
 .text.Forward  0x08003a14       0xd0 Src\main.o
                0x08003a14                Forward
 .text.SystemClock_Config
                0x08003ae4       0x74 Src\main.o
                0x08003ae4                SystemClock_Config
 .text.HAL_TIM_PeriodElapsedCallback
                0x08003b58       0x4c Src\main.o
                0x08003b58                HAL_TIM_PeriodElapsedCallback
 .text.SysTickCountersUpdate
                0x08003ba4       0x7c Src\main.o
                0x08003ba4                SysTickCountersUpdate
 .text.SaveandExit
                0x08003c20       0x60 Src\main.o
                0x08003c20                SaveandExit
 .text.Idle_Works
                0x08003c80      0x294 Src\main.o
                0x08003c80                Idle_Works
 .text.startup.main
                0x08003f14      0x228 Src\main.o
                0x08003f14                main
 .text.Error_Handler
                0x0800413c        0x2 Src\main.o
                0x0800413c                Error_Handler
 *fill*         0x0800413e        0x2 
 .text.HAL_MspInit
                0x08004140       0x44 Src\stm32f1xx_hal_msp.o
                0x08004140                HAL_MspInit
 .text.HAL_ADC_MspInit
                0x08004184       0x98 Src\stm32f1xx_hal_msp.o
                0x08004184                HAL_ADC_MspInit
 .text.HAL_TIM_Base_MspInit
                0x0800421c       0x36 Src\stm32f1xx_hal_msp.o
                0x0800421c                HAL_TIM_Base_MspInit
 *fill*         0x08004252        0x2 
 .text.HAL_TIM_MspPostInit
                0x08004254       0x88 Src\stm32f1xx_hal_msp.o
                0x08004254                HAL_TIM_MspPostInit
 .text.NMI_Handler
                0x080042dc        0x2 Src\stm32f1xx_it.o
                0x080042dc                NMI_Handler
 .text.HardFault_Handler
                0x080042de        0x2 Src\stm32f1xx_it.o
                0x080042de                HardFault_Handler
 .text.MemManage_Handler
                0x080042e0        0x2 Src\stm32f1xx_it.o
                0x080042e0                MemManage_Handler
 .text.BusFault_Handler
                0x080042e2        0x2 Src\stm32f1xx_it.o
                0x080042e2                BusFault_Handler
 .text.UsageFault_Handler
                0x080042e4        0x2 Src\stm32f1xx_it.o
                0x080042e4                UsageFault_Handler
 .text.SVC_Handler
                0x080042e6        0x2 Src\stm32f1xx_it.o
                0x080042e6                SVC_Handler
 .text.DebugMon_Handler
                0x080042e8        0x2 Src\stm32f1xx_it.o
                0x080042e8                DebugMon_Handler
 .text.PendSV_Handler
                0x080042ea        0x2 Src\stm32f1xx_it.o
                0x080042ea                PendSV_Handler
 .text.SysTick_Handler
                0x080042ec        0xe Src\stm32f1xx_it.o
                0x080042ec                SysTick_Handler
 *fill*         0x080042fa        0x2 
 .text.DMA1_Channel1_IRQHandler
                0x080042fc        0xc Src\stm32f1xx_it.o
                0x080042fc                DMA1_Channel1_IRQHandler
 .text.USB_LP_CAN1_RX0_IRQHandler
                0x08004308        0xc Src\stm32f1xx_it.o
                0x08004308                USB_LP_CAN1_RX0_IRQHandler
 .text.TIM2_IRQHandler
                0x08004314        0xc Src\stm32f1xx_it.o
                0x08004314                TIM2_IRQHandler
 .text._sbrk    0x08004320       0x34 Src\syscalls.o
                0x08004320                _sbrk
 .text.SystemInit
                0x08004354       0x4c Src\system_stm32f1xx.o
                0x08004354                SystemInit
 .text.MX_USB_DEVICE_Init
                0x080043a0       0x50 Src\usb_device.o
                0x080043a0                MX_USB_DEVICE_Init
 .text.CDC_DeInit_FS
                0x080043f0        0x4 Src\usbd_cdc_if.o
 .text.CDC_Control_FS
                0x080043f4        0x4 Src\usbd_cdc_if.o
 .text.CDC_Receive_FS
                0x080043f8       0x70 Src\usbd_cdc_if.o
 .text.CDC_Init_FS
                0x08004468       0x28 Src\usbd_cdc_if.o
 .text.CDC_Transmit_FS
                0x08004490       0x2c Src\usbd_cdc_if.o
                0x08004490                CDC_Transmit_FS
 .text.HAL_PCD_MspInit
                0x080044bc       0x3c Src\usbd_conf.o
                0x080044bc                HAL_PCD_MspInit
 .text.HAL_PCD_SetupStageCallback
                0x080044f8        0xc Src\usbd_conf.o
                0x080044f8                HAL_PCD_SetupStageCallback
 .text.HAL_PCD_DataOutStageCallback
                0x08004504       0x10 Src\usbd_conf.o
                0x08004504                HAL_PCD_DataOutStageCallback
 .text.HAL_PCD_DataInStageCallback
                0x08004514        0xe Src\usbd_conf.o
                0x08004514                HAL_PCD_DataInStageCallback
 .text.HAL_PCD_SOFCallback
                0x08004522        0x8 Src\usbd_conf.o
                0x08004522                HAL_PCD_SOFCallback
 .text.HAL_PCD_ResetCallback
                0x0800452a       0x24 Src\usbd_conf.o
                0x0800452a                HAL_PCD_ResetCallback
 *fill*         0x0800454e        0x2 
 .text.HAL_PCD_SuspendCallback
                0x08004550       0x20 Src\usbd_conf.o
                0x08004550                HAL_PCD_SuspendCallback
 .text.HAL_PCD_ResumeCallback
                0x08004570        0x8 Src\usbd_conf.o
                0x08004570                HAL_PCD_ResumeCallback
 .text.USBD_LL_Init
                0x08004578       0x80 Src\usbd_conf.o
                0x08004578                USBD_LL_Init
 .text.USBD_LL_Start
                0x080045f8       0x1c Src\usbd_conf.o
                0x080045f8                USBD_LL_Start
 .text.USBD_LL_OpenEP
                0x08004614       0x20 Src\usbd_conf.o
                0x08004614                USBD_LL_OpenEP
 .text.USBD_LL_CloseEP
                0x08004634       0x1c Src\usbd_conf.o
                0x08004634                USBD_LL_CloseEP
 .text.USBD_LL_StallEP
                0x08004650       0x1c Src\usbd_conf.o
                0x08004650                USBD_LL_StallEP
 .text.USBD_LL_ClearStallEP
                0x0800466c       0x1c Src\usbd_conf.o
                0x0800466c                USBD_LL_ClearStallEP
 .text.USBD_LL_IsStallEP
                0x08004688       0x20 Src\usbd_conf.o
                0x08004688                USBD_LL_IsStallEP
 .text.USBD_LL_SetUSBAddress
                0x080046a8       0x1c Src\usbd_conf.o
                0x080046a8                USBD_LL_SetUSBAddress
 .text.USBD_LL_Transmit
                0x080046c4       0x1c Src\usbd_conf.o
                0x080046c4                USBD_LL_Transmit
 .text.USBD_LL_PrepareReceive
                0x080046e0       0x1c Src\usbd_conf.o
                0x080046e0                USBD_LL_PrepareReceive
 .text.USBD_LL_GetRxDataSize
                0x080046fc        0x8 Src\usbd_conf.o
                0x080046fc                USBD_LL_GetRxDataSize
 .text.USBD_static_malloc
                0x08004704        0x8 Src\usbd_conf.o
                0x08004704                USBD_static_malloc
 .text.USBD_static_free
                0x0800470c        0x2 Src\usbd_conf.o
                0x0800470c                USBD_static_free
 .text.HAL_PCDEx_SetConnectionState
                0x0800470e        0x2 Src\usbd_conf.o
                0x0800470e                HAL_PCDEx_SetConnectionState
 .text.USBD_FS_DeviceDescriptor
                0x08004710        0xc Src\usbd_desc.o
                0x08004710                USBD_FS_DeviceDescriptor
 .text.USBD_FS_LangIDStrDescriptor
                0x0800471c        0xc Src\usbd_desc.o
                0x0800471c                USBD_FS_LangIDStrDescriptor
 .text.IntToUnicode
                0x08004728       0x28 Src\usbd_desc.o
 .text.USBD_FS_SerialStrDescriptor
                0x08004750       0x40 Src\usbd_desc.o
                0x08004750                USBD_FS_SerialStrDescriptor
 .text.USBD_FS_ManufacturerStrDescriptor
                0x08004790       0x1c Src\usbd_desc.o
                0x08004790                USBD_FS_ManufacturerStrDescriptor
 .text.USBD_FS_ProductStrDescriptor
                0x080047ac       0x1c Src\usbd_desc.o
                0x080047ac                USBD_FS_ProductStrDescriptor
 .text.USBD_FS_ConfigStrDescriptor
                0x080047c8       0x1c Src\usbd_desc.o
                0x080047c8                USBD_FS_ConfigStrDescriptor
 .text.USBD_FS_InterfaceStrDescriptor
                0x080047e4       0x1c Src\usbd_desc.o
                0x080047e4                USBD_FS_InterfaceStrDescriptor
 .text.Reset_Handler
                0x08004800       0x48 startup\startup_stm32f103xb.o
                0x08004800                Reset_Handler
 .text.Default_Handler
                0x08004848        0x2 startup\startup_stm32f103xb.o
                0x08004848                RTC_Alarm_IRQHandler
                0x08004848                EXTI2_IRQHandler
                0x08004848                TIM1_CC_IRQHandler
                0x08004848                PVD_IRQHandler
                0x08004848                EXTI3_IRQHandler
                0x08004848                EXTI0_IRQHandler
                0x08004848                I2C2_EV_IRQHandler
                0x08004848                ADC1_2_IRQHandler
                0x08004848                SPI1_IRQHandler
                0x08004848                TAMPER_IRQHandler
                0x08004848                DMA1_Channel4_IRQHandler
                0x08004848                USART3_IRQHandler
                0x08004848                RTC_IRQHandler
                0x08004848                DMA1_Channel7_IRQHandler
                0x08004848                CAN1_RX1_IRQHandler
                0x08004848                TIM4_IRQHandler
                0x08004848                I2C1_EV_IRQHandler
                0x08004848                DMA1_Channel6_IRQHandler
                0x08004848                TIM3_IRQHandler
                0x08004848                RCC_IRQHandler
                0x08004848                TIM1_TRG_COM_IRQHandler
                0x08004848                Default_Handler
                0x08004848                EXTI15_10_IRQHandler
                0x08004848                EXTI9_5_IRQHandler
                0x08004848                SPI2_IRQHandler
                0x08004848                DMA1_Channel5_IRQHandler
                0x08004848                EXTI4_IRQHandler
                0x08004848                USB_HP_CAN1_TX_IRQHandler
                0x08004848                DMA1_Channel3_IRQHandler
                0x08004848                TIM1_UP_IRQHandler
                0x08004848                WWDG_IRQHandler
                0x08004848                TIM1_BRK_IRQHandler
                0x08004848                EXTI1_IRQHandler
                0x08004848                USART2_IRQHandler
                0x08004848                I2C2_ER_IRQHandler
                0x08004848                DMA1_Channel2_IRQHandler
                0x08004848                CAN1_SCE_IRQHandler
                0x08004848                FLASH_IRQHandler
                0x08004848                USART1_IRQHandler
                0x08004848                I2C1_ER_IRQHandler
                0x08004848                USBWakeUp_IRQHandler
 .text.atoi     0x0800484a        0x8 c:/program files (x86)/atollic/truestudio for stm32 9.3.0/armtools/bin/../lib/gcc/arm-atollic-eabi/6.3.1/../../../../arm-atollic-eabi/lib/armv7-m\libc_nano.a(lib_a-atoi.o)
                0x0800484a                atoi
 *fill*         0x08004852        0x2 
 .text.__errno  0x08004854        0xc c:/program files (x86)/atollic/truestudio for stm32 9.3.0/armtools/bin/../lib/gcc/arm-atollic-eabi/6.3.1/../../../../arm-atollic-eabi/lib/armv7-m\libc_nano.a(lib_a-errno.o)
                0x08004854                __errno
 .text.__libc_init_array
                0x08004860       0x48 c:/program files (x86)/atollic/truestudio for stm32 9.3.0/armtools/bin/../lib/gcc/arm-atollic-eabi/6.3.1/../../../../arm-atollic-eabi/lib/armv7-m\libc_nano.a(lib_a-init.o)
                0x08004860                __libc_init_array
 .text.memset   0x080048a8       0x10 c:/program files (x86)/atollic/truestudio for stm32 9.3.0/armtools/bin/../lib/gcc/arm-atollic-eabi/6.3.1/../../../../arm-atollic-eabi/lib/armv7-m\libc_nano.a(lib_a-memset.o)
                0x080048a8                memset
 .text.sprintf  0x080048b8       0x48 c:/program files (x86)/atollic/truestudio for stm32 9.3.0/armtools/bin/../lib/gcc/arm-atollic-eabi/6.3.1/../../../../arm-atollic-eabi/lib/armv7-m\libc_nano.a(lib_a-sprintf.o)
                0x080048b8                siprintf
                0x080048b8                sprintf
 .text.strcat   0x08004900       0x1e c:/program files (x86)/atollic/truestudio for stm32 9.3.0/armtools/bin/../lib/gcc/arm-atollic-eabi/6.3.1/../../../../arm-atollic-eabi/lib/armv7-m\libc_nano.a(lib_a-strcat.o)
                0x08004900                strcat
 .text._strtol_l.isra.0
                0x0800491e      0x100 c:/program files (x86)/atollic/truestudio for stm32 9.3.0/armtools/bin/../lib/gcc/arm-atollic-eabi/6.3.1/../../../../arm-atollic-eabi/lib/armv7-m\libc_nano.a(lib_a-strtol.o)
 *fill*         0x08004a1e        0x2 
 .text.strtol   0x08004a20       0x2c c:/program files (x86)/atollic/truestudio for stm32 9.3.0/armtools/bin/../lib/gcc/arm-atollic-eabi/6.3.1/../../../../arm-atollic-eabi/lib/armv7-m\libc_nano.a(lib_a-strtol.o)
                0x08004a20                strtol
 .text.__locale_ctype_ptr_l
                0x08004a4c        0x6 c:/program files (x86)/atollic/truestudio for stm32 9.3.0/armtools/bin/../lib/gcc/arm-atollic-eabi/6.3.1/../../../../arm-atollic-eabi/lib/armv7-m\libc_nano.a(lib_a-locale.o)
                0x08004a4c                __locale_ctype_ptr_l
 .text.__ascii_mbtowc
                0x08004a52       0x24 c:/program files (x86)/atollic/truestudio for stm32 9.3.0/armtools/bin/../lib/gcc/arm-atollic-eabi/6.3.1/../../../../arm-atollic-eabi/lib/armv7-m\libc_nano.a(lib_a-mbtowc_r.o)
                0x08004a52                __ascii_mbtowc
 .text.__ssputs_r
                0x08004a76       0xb6 c:/program files (x86)/atollic/truestudio for stm32 9.3.0/armtools/bin/../lib/gcc/arm-atollic-eabi/6.3.1/../../../../arm-atollic-eabi/lib/armv7-m\libc_nano.a(lib_a-nano-svfprintf.o)
                0x08004a76                __ssputs_r
 .text._svfprintf_r
                0x08004b2c      0x1e8 c:/program files (x86)/atollic/truestudio for stm32 9.3.0/armtools/bin/../lib/gcc/arm-atollic-eabi/6.3.1/../../../../arm-atollic-eabi/lib/armv7-m\libc_nano.a(lib_a-nano-svfprintf.o)
                0x08004b2c                _svfiprintf_r
                0x08004b2c                _svfprintf_r
 .text._printf_common
                0x08004d14       0xee c:/program files (x86)/atollic/truestudio for stm32 9.3.0/armtools/bin/../lib/gcc/arm-atollic-eabi/6.3.1/../../../../arm-atollic-eabi/lib/armv7-m\libc_nano.a(lib_a-nano-vfprintf_i.o)
                0x08004d14                _printf_common
 *fill*         0x08004e02        0x2 
 .text._printf_i
                0x08004e04      0x240 c:/program files (x86)/atollic/truestudio for stm32 9.3.0/armtools/bin/../lib/gcc/arm-atollic-eabi/6.3.1/../../../../arm-atollic-eabi/lib/armv7-m\libc_nano.a(lib_a-nano-vfprintf_i.o)
                0x08004e04                _printf_i
 .text.__ascii_wctomb
                0x08005044       0x1a c:/program files (x86)/atollic/truestudio for stm32 9.3.0/armtools/bin/../lib/gcc/arm-atollic-eabi/6.3.1/../../../../arm-atollic-eabi/lib/armv7-m\libc_nano.a(lib_a-wctomb_r.o)
                0x08005044                __ascii_wctomb
 .text.memchr   0x0800505e       0x1c c:/program files (x86)/atollic/truestudio for stm32 9.3.0/armtools/bin/../lib/gcc/arm-atollic-eabi/6.3.1/../../../../arm-atollic-eabi/lib/armv7-m\libc_nano.a(lib_a-memchr-stub.o)
                0x0800505e                memchr
 .text.memcpy   0x0800507a       0x16 c:/program files (x86)/atollic/truestudio for stm32 9.3.0/armtools/bin/../lib/gcc/arm-atollic-eabi/6.3.1/../../../../arm-atollic-eabi/lib/armv7-m\libc_nano.a(lib_a-memcpy-stub.o)
                0x0800507a                memcpy
 .text.memmove  0x08005090       0x34 c:/program files (x86)/atollic/truestudio for stm32 9.3.0/armtools/bin/../lib/gcc/arm-atollic-eabi/6.3.1/../../../../arm-atollic-eabi/lib/armv7-m\libc_nano.a(lib_a-memmove.o)
                0x08005090                memmove
 .text._free_r  0x080050c4       0x98 c:/program files (x86)/atollic/truestudio for stm32 9.3.0/armtools/bin/../lib/gcc/arm-atollic-eabi/6.3.1/../../../../arm-atollic-eabi/lib/armv7-m\libc_nano.a(lib_a-nano-freer.o)
                0x080050c4                _free_r
 .text._malloc_r
                0x0800515c       0xbc c:/program files (x86)/atollic/truestudio for stm32 9.3.0/armtools/bin/../lib/gcc/arm-atollic-eabi/6.3.1/../../../../arm-atollic-eabi/lib/armv7-m\libc_nano.a(lib_a-nano-mallocr.o)
                0x0800515c                _malloc_r
 .text._realloc_r
                0x08005218       0x4c c:/program files (x86)/atollic/truestudio for stm32 9.3.0/armtools/bin/../lib/gcc/arm-atollic-eabi/6.3.1/../../../../arm-atollic-eabi/lib/armv7-m\libc_nano.a(lib_a-nano-reallocr.o)
                0x08005218                _realloc_r
 .text._sbrk_r  0x08005264       0x20 c:/program files (x86)/atollic/truestudio for stm32 9.3.0/armtools/bin/../lib/gcc/arm-atollic-eabi/6.3.1/../../../../arm-atollic-eabi/lib/armv7-m\libc_nano.a(lib_a-sbrkr.o)
                0x08005264                _sbrk_r
 .text.__malloc_lock
                0x08005284        0x2 c:/program files (x86)/atollic/truestudio for stm32 9.3.0/armtools/bin/../lib/gcc/arm-atollic-eabi/6.3.1/../../../../arm-atollic-eabi/lib/armv7-m\libc_nano.a(lib_a-mlock.o)
                0x08005284                __malloc_lock
 .text.__malloc_unlock
                0x08005286        0x2 c:/program files (x86)/atollic/truestudio for stm32 9.3.0/armtools/bin/../lib/gcc/arm-atollic-eabi/6.3.1/../../../../arm-atollic-eabi/lib/armv7-m\libc_nano.a(lib_a-mlock.o)
                0x08005286                __malloc_unlock
 .text._malloc_usable_size_r
                0x08005288       0x12 c:/program files (x86)/atollic/truestudio for stm32 9.3.0/armtools/bin/../lib/gcc/arm-atollic-eabi/6.3.1/../../../../arm-atollic-eabi/lib/armv7-m\libc_nano.a(lib_a-nano-msizer.o)
                0x08005288                _malloc_usable_size_r
 *(.glue_7)
 .glue_7        0x0800529a        0x0 linker stubs
 *(.glue_7t)
 .glue_7t       0x0800529a        0x0 linker stubs
 *(.eh_frame)
 *fill*         0x0800529a        0x2 
 .eh_frame      0x0800529c        0x0 c:/program files (x86)/atollic/truestudio for stm32 9.3.0/armtools/bin/../lib/gcc/arm-atollic-eabi/6.3.1/armv7-m/crtbegin.o
 *(.init)
 .init          0x0800529c        0x4 c:/program files (x86)/atollic/truestudio for stm32 9.3.0/armtools/bin/../lib/gcc/arm-atollic-eabi/6.3.1/armv7-m/crti.o
                0x0800529c                _init
 .init          0x080052a0        0x8 c:/program files (x86)/atollic/truestudio for stm32 9.3.0/armtools/bin/../lib/gcc/arm-atollic-eabi/6.3.1/armv7-m/crtn.o
 *(.fini)
 .fini          0x080052a8        0x4 c:/program files (x86)/atollic/truestudio for stm32 9.3.0/armtools/bin/../lib/gcc/arm-atollic-eabi/6.3.1/armv7-m/crti.o
                0x080052a8                _fini
 .fini          0x080052ac        0x8 c:/program files (x86)/atollic/truestudio for stm32 9.3.0/armtools/bin/../lib/gcc/arm-atollic-eabi/6.3.1/armv7-m/crtn.o
                0x080052b4                . = ALIGN (0x4)
                0x080052b4                _etext = .

.vfp11_veneer   0x080052b4        0x0
 .vfp11_veneer  0x080052b4        0x0 linker stubs

.v4_bx          0x080052b4        0x0
 .v4_bx         0x080052b4        0x0 linker stubs

.iplt           0x080052b4        0x0
 .iplt          0x080052b4        0x0 c:/program files (x86)/atollic/truestudio for stm32 9.3.0/armtools/bin/../lib/gcc/arm-atollic-eabi/6.3.1/armv7-m/crtbegin.o

.rodata         0x080052b4      0x1a8
                0x080052b4                . = ALIGN (0x4)
 *(.rodata)
 .rodata        0x080052b4       0x10 Drivers\STM32F1xx_HAL_Driver\Src\stm32f1xx_hal_rcc.o
 *(.rodata*)
 .rodata.CR.8252
                0x080052c4        0x1 Src\main.o
 .rodata.Idle_Works.str1.1
                0x080052c5        0x3 Src\main.o
 .rodata.AHBPrescTable
                0x080052c8       0x10 Src\system_stm32f1xx.o
                0x080052c8                AHBPrescTable
 .rodata.CSWTCH.4
                0x080052d8        0x4 Src\usbd_conf.o
 .rodata.USBD_FS_ConfigStrDescriptor.str1.1
                0x080052dc        0xb Src\usbd_desc.o
 .rodata.USBD_FS_InterfaceStrDescriptor.str1.1
                0x080052e7        0xe Src\usbd_desc.o
 .rodata.USBD_FS_ManufacturerStrDescriptor.str1.1
                0x080052f5       0x13 Src\usbd_desc.o
 .rodata.USBD_FS_ProductStrDescriptor.str1.1
                0x08005308       0x16 Src\usbd_desc.o
 .rodata._setlocale_r.str1.1
                0x0800531e        0x8 c:/program files (x86)/atollic/truestudio for stm32 9.3.0/armtools/bin/../lib/gcc/arm-atollic-eabi/6.3.1/../../../../arm-atollic-eabi/lib/armv7-m\libc_nano.a(lib_a-locale.o)
                                  0x9 (size before relaxing)
 .rodata.str1.1
                0x08005326        0x2 c:/program files (x86)/atollic/truestudio for stm32 9.3.0/armtools/bin/../lib/gcc/arm-atollic-eabi/6.3.1/../../../../arm-atollic-eabi/lib/armv7-m\libc_nano.a(lib_a-locale.o)
 .rodata._svfprintf_r.str1.1
                0x08005328       0x11 c:/program files (x86)/atollic/truestudio for stm32 9.3.0/armtools/bin/../lib/gcc/arm-atollic-eabi/6.3.1/../../../../arm-atollic-eabi/lib/armv7-m\libc_nano.a(lib_a-nano-svfprintf.o)
 .rodata._printf_i.str1.1
                0x08005339       0x22 c:/program files (x86)/atollic/truestudio for stm32 9.3.0/armtools/bin/../lib/gcc/arm-atollic-eabi/6.3.1/../../../../arm-atollic-eabi/lib/armv7-m\libc_nano.a(lib_a-nano-vfprintf_i.o)
 .rodata._ctype_
                0x0800535b      0x101 c:/program files (x86)/atollic/truestudio for stm32 9.3.0/armtools/bin/../lib/gcc/arm-atollic-eabi/6.3.1/../../../../arm-atollic-eabi/lib/armv7-m\libc_nano.a(lib_a-ctype_.o)
                0x0800535b                _ctype_
                0x0800545c                . = ALIGN (0x4)

.rel.dyn        0x0800545c        0x0
 .rel.iplt      0x0800545c        0x0 c:/program files (x86)/atollic/truestudio for stm32 9.3.0/armtools/bin/../lib/gcc/arm-atollic-eabi/6.3.1/armv7-m/crtbegin.o

.ARM.extab
 *(.ARM.extab* .gnu.linkonce.armextab.*)

.ARM            0x0800545c        0x0
                0x0800545c                __exidx_start = .
 *(.ARM.exidx*)
                0x0800545c                __exidx_end = .

.preinit_array  0x0800545c        0x0
                0x0800545c                PROVIDE (__preinit_array_start, .)
 *(.preinit_array*)
                0x0800545c                PROVIDE (__preinit_array_end, .)

.init_array     0x0800545c        0x4
                0x0800545c                PROVIDE (__init_array_start, .)
 *(SORT(.init_array.*))
 *(.init_array*)
 .init_array    0x0800545c        0x4 c:/program files (x86)/atollic/truestudio for stm32 9.3.0/armtools/bin/../lib/gcc/arm-atollic-eabi/6.3.1/armv7-m/crtbegin.o
                0x08005460                PROVIDE (__init_array_end, .)

.fini_array     0x08005460        0x4
                [!provide]                PROVIDE (__fini_array_start, .)
 *(SORT(.fini_array.*))
 *(.fini_array*)
 .fini_array    0x08005460        0x4 c:/program files (x86)/atollic/truestudio for stm32 9.3.0/armtools/bin/../lib/gcc/arm-atollic-eabi/6.3.1/armv7-m/crtbegin.o
                [!provide]                PROVIDE (__fini_array_end, .)
                0x08005464                _sidata = LOADADDR (.data)

.data           0x20000000      0x354 load address 0x08005464
                0x20000000                . = ALIGN (0x4)
                0x20000000                _sdata = .
 *(.data)
 *(.data*)
 .data.uwTickFreq
                0x20000000        0x1 Drivers\STM32F1xx_HAL_Driver\Src\stm32f1xx_hal.o
                0x20000000                uwTickFreq
 *fill*         0x20000001        0x3 
 .data.uwTickPrio
                0x20000004        0x4 Drivers\STM32F1xx_HAL_Driver\Src\stm32f1xx_hal.o
                0x20000004                uwTickPrio
 .data.USBD_CDC
                0x20000008       0x38 Middlewares\ST\STM32_USB_Device_Library\Class\CDC\Src\usbd_cdc.o
                0x20000008                USBD_CDC
 .data.USBD_CDC_CfgFSDesc
                0x20000040       0x43 Middlewares\ST\STM32_USB_Device_Library\Class\CDC\Src\usbd_cdc.o
                0x20000040                USBD_CDC_CfgFSDesc
 *fill*         0x20000083        0x1 
 .data.USBD_CDC_CfgHSDesc
                0x20000084       0x43 Middlewares\ST\STM32_USB_Device_Library\Class\CDC\Src\usbd_cdc.o
                0x20000084                USBD_CDC_CfgHSDesc
 *fill*         0x200000c7        0x1 
 .data.USBD_CDC_DeviceQualifierDesc
                0x200000c8        0xa Middlewares\ST\STM32_USB_Device_Library\Class\CDC\Src\usbd_cdc.o
 *fill*         0x200000d2        0x2 
 .data.USBD_CDC_OtherSpeedCfgDesc
                0x200000d4       0x43 Middlewares\ST\STM32_USB_Device_Library\Class\CDC\Src\usbd_cdc.o
                0x200000d4                USBD_CDC_OtherSpeedCfgDesc
 *fill*         0x20000117        0x1 
 .data.Forwardimeout.8296
                0x20000118        0x2 Src\main.o
 .data.ReverseTimeout.8307
                0x2000011a        0x2 Src\main.o
 .data.Wait_ForwardTimeout.8313
                0x2000011c        0x2 Src\main.o
 .data.Wait_ReverseTimeout.8302
                0x2000011e        0x2 Src\main.o
 .data.SystemCoreClock
                0x20000120        0x4 Src\system_stm32f1xx.o
                0x20000120                SystemCoreClock
 .data.USBD_Interface_fops_FS
                0x20000124       0x10 Src\usbd_cdc_if.o
                0x20000124                USBD_Interface_fops_FS
 .data.FS_Desc  0x20000134       0x1c Src\usbd_desc.o
                0x20000134                FS_Desc
 .data.USBD_FS_DeviceDesc
                0x20000150       0x12 Src\usbd_desc.o
                0x20000150                USBD_FS_DeviceDesc
 *fill*         0x20000162        0x2 
 .data.USBD_LangIDDesc
                0x20000164        0x4 Src\usbd_desc.o
                0x20000164                USBD_LangIDDesc
 .data.USBD_StringSerial
                0x20000168       0x1a Src\usbd_desc.o
                0x20000168                USBD_StringSerial
 *fill*         0x20000182        0x2 
 .data._impure_ptr
                0x20000184        0x4 c:/program files (x86)/atollic/truestudio for stm32 9.3.0/armtools/bin/../lib/gcc/arm-atollic-eabi/6.3.1/../../../../arm-atollic-eabi/lib/armv7-m\libc_nano.a(lib_a-impure.o)
                0x20000184                _impure_ptr
 .data.impure_data
                0x20000188       0x60 c:/program files (x86)/atollic/truestudio for stm32 9.3.0/armtools/bin/../lib/gcc/arm-atollic-eabi/6.3.1/../../../../arm-atollic-eabi/lib/armv7-m\libc_nano.a(lib_a-impure.o)
 .data.__global_locale
                0x200001e8      0x16c c:/program files (x86)/atollic/truestudio for stm32 9.3.0/armtools/bin/../lib/gcc/arm-atollic-eabi/6.3.1/../../../../arm-atollic-eabi/lib/armv7-m\libc_nano.a(lib_a-locale.o)
                0x200001e8                __global_locale
                0x20000354                . = ALIGN (0x4)
                0x20000354                _edata = .

.igot.plt       0x20000354        0x0 load address 0x080057b8
 .igot.plt      0x20000354        0x0 c:/program files (x86)/atollic/truestudio for stm32 9.3.0/armtools/bin/../lib/gcc/arm-atollic-eabi/6.3.1/armv7-m/crtbegin.o

.user_data      0x20000354       0x20 load address 0x080057b8
 .user_data     0x20000354       0x20 Src\main.o
                0x20000354                userConfig
                0x20000374                . = ALIGN (0x4)

.bss            0x20000378      0xce0 load address 0x080057d8
                0x20000378                _sbss = .
                0x20000378                __bss_start__ = _sbss
 *(.bss)
 .bss           0x20000378       0x1c c:/program files (x86)/atollic/truestudio for stm32 9.3.0/armtools/bin/../lib/gcc/arm-atollic-eabi/6.3.1/armv7-m/crtbegin.o
 *(.bss*)
 .bss.cfgidx.8261
                0x20000394        0x1 Middlewares\ST\STM32_USB_Device_Library\Core\Src\usbd_ctlreq.o
 .bss.ADCSAvgCounter.8251
                0x20000395        0x1 Src\main.o
 .bss.ForwardFlag.8295
                0x20000396        0x1 Src\main.o
 *fill*         0x20000397        0x1 
 .bss.POT1_ConvSum.8261
                0x20000398        0x2 Src\main.o
 .bss.POT2_ConvSum.8262
                0x2000039a        0x2 Src\main.o
 .bss.ParametreCount.8258
                0x2000039c        0x1 Src\main.o
 .bss.PrintMode.8257
                0x2000039d        0x1 Src\main.o
 .bss.ReverseFlag.8306
                0x2000039e        0x1 Src\main.o
 .bss.TransmitData.8259
                0x2000039f       0x80 Src\main.o
 .bss.WaitForwardFlag.8312
                0x2000041f        0x1 Src\main.o
 .bss.WaitReverseFlag.8301
                0x20000420        0x1 Src\main.o
 *fill*         0x20000421        0x3 
 .bss._100msCounter.8319
                0x20000424        0x4 Src\main.o
 .bss._10msCounter.8318
                0x20000428        0x4 Src\main.o
 .bss._5msCounter.8317
                0x2000042c        0x4 Src\main.o
 .bss.str.8260  0x20000430        0xa Src\main.o
 .bss.tiktok.8247
                0x2000043a        0x2 Src\main.o
 .bss.tmpccmrx.8300
                0x2000043c        0x4 Src\main.o
 .bss.tmpccmrx.8311
                0x20000440        0x4 Src\main.o
 .bss.heap_end.5887
                0x20000444        0x4 Src\syscalls.o
 .bss.ReceivedData
                0x20000448       0x64 Src\usbd_cdc_if.o
                0x20000448                ReceivedData
 .bss.Rxcount   0x200004ac        0x1 Src\usbd_cdc_if.o
                0x200004ac                Rxcount
 .bss.check     0x200004ad        0x1 Src\usbd_cdc_if.o
                0x200004ad                check
 *fill*         0x200004ae        0x2 
 .bss.dataSize  0x200004b0        0x4 Src\usbd_cdc_if.o
                0x200004b0                dataSize
 .bss.mem.8326  0x200004b4      0x220 Src\usbd_conf.o
 .bss.__malloc_free_list
                0x200006d4        0x4 c:/program files (x86)/atollic/truestudio for stm32 9.3.0/armtools/bin/../lib/gcc/arm-atollic-eabi/6.3.1/../../../../arm-atollic-eabi/lib/armv7-m\libc_nano.a(lib_a-nano-mallocr.o)
                0x200006d4                __malloc_free_list
 .bss.__malloc_sbrk_start
                0x200006d8        0x4 c:/program files (x86)/atollic/truestudio for stm32 9.3.0/armtools/bin/../lib/gcc/arm-atollic-eabi/6.3.1/../../../../arm-atollic-eabi/lib/armv7-m\libc_nano.a(lib_a-nano-mallocr.o)
                0x200006d8                __malloc_sbrk_start
 *(COMMON)
 COMMON         0x200006dc        0x4 Drivers\STM32F1xx_HAL_Driver\Src\stm32f1xx_hal.o
                0x200006dc                uwTick
 COMMON         0x200006e0       0x20 Drivers\STM32F1xx_HAL_Driver\Src\stm32f1xx_hal_flash.o
                0x200006e0                pFlash
 COMMON         0x20000700       0x66 Middlewares\ST\STM32_USB_Device_Library\Class\CDC\Src\usbd_cdc.o
                0x20000700                _10msFlagScan
                0x20000702                ScaleArray
                0x2000070a                DutyMAX_Reverse
                0x2000070c                Tickin_1000ms
                0x2000070e                _sysTickFlagScan
                0x20000710                Tickin_100ms
                0x20000712                Pot1_ConvAvg
                0x20000714                TIM2PERIOD
                0x20000716                _5msFlagScan
                0x20000718                Tickin_10ms
                0x2000071a                _50msFlagScan
                0x2000071c                Duty
                0x2000071e                ParamArray
                0x20000726                FlashSaveFlag
                0x20000727                _1000msFlagScan
                0x20000728                StrArr
                0x20000754                DutyMAX
                0x20000756                Pot2_ConvAvg
                0x20000758                Tickin_1ms
                0x2000075a                Tickin_5ms
                0x2000075c                _100msFlagScan
                0x20000760                Alpha_State_Ptr
                0x20000764                StateSandClock
 *fill*         0x20000766        0x2 
 COMMON         0x20000768       0xb8 Src\main.o
                0x20000768                hadc1
                0x20000798                hdma_adc1
                0x200007dc                htim2
                0x2000081c                ADC_Values
 COMMON         0x20000820      0x2c4 Src\usb_device.o
                0x20000820                hUsbDeviceFS
 COMMON         0x20000ae4      0x104 Src\usbd_cdc_if.o
                0x20000ae4                UserRxBufferFS
                0x20000b64                UserTxBufferFS
                0x20000be4                time
 COMMON         0x20000be8      0x26c Src\usbd_conf.o
                0x20000be8                hpcd_USB_FS
 COMMON         0x20000e54      0x200 Src\usbd_desc.o
                0x20000e54                USBD_StrDesc
 COMMON         0x20001054        0x4 c:/program files (x86)/atollic/truestudio for stm32 9.3.0/armtools/bin/../lib/gcc/arm-atollic-eabi/6.3.1/../../../../arm-atollic-eabi/lib/armv7-m\libc_nano.a(lib_a-reent.o)
                0x20001054                errno
                0x20001058                . = ALIGN (0x4)
                0x20001058                _ebss = .
                0x20001058                __bss_end__ = _ebss

._user_heap_stack
                0x20001058      0xa00 load address 0x080057d8
                0x20001058                . = ALIGN (0x4)
                0x20001058                PROVIDE (end, .)
                [!provide]                PROVIDE (_end, .)
                0x20001658                . = (. + _Min_Heap_Size)
 *fill*         0x20001058      0x600 
                0x20001a58                . = (. + _Min_Stack_Size)
 *fill*         0x20001658      0x400 
                0x20001a58                . = ALIGN (0x4)

/DISCARD/
 libc.a(*)
 libm.a(*)
 libgcc.a(*)

.ARM.attributes
                0x00000000       0x29
 *(.ARM.attributes)
 .ARM.attributes
                0x00000000       0x1d c:/program files (x86)/atollic/truestudio for stm32 9.3.0/armtools/bin/../lib/gcc/arm-atollic-eabi/6.3.1/armv7-m/crti.o
 .ARM.attributes
                0x0000001d       0x2d c:/program files (x86)/atollic/truestudio for stm32 9.3.0/armtools/bin/../lib/gcc/arm-atollic-eabi/6.3.1/armv7-m/crtbegin.o
 .ARM.attributes
                0x0000004a       0x33 Drivers\STM32F1xx_HAL_Driver\Src\stm32f1xx_hal.o
 .ARM.attributes
                0x0000007d       0x33 Drivers\STM32F1xx_HAL_Driver\Src\stm32f1xx_hal_adc.o
 .ARM.attributes
                0x000000b0       0x33 Drivers\STM32F1xx_HAL_Driver\Src\stm32f1xx_hal_cortex.o
 .ARM.attributes
                0x000000e3       0x33 Drivers\STM32F1xx_HAL_Driver\Src\stm32f1xx_hal_dma.o
 .ARM.attributes
                0x00000116       0x33 Drivers\STM32F1xx_HAL_Driver\Src\stm32f1xx_hal_flash.o
 .ARM.attributes
                0x00000149       0x33 Drivers\STM32F1xx_HAL_Driver\Src\stm32f1xx_hal_flash_ex.o
 .ARM.attributes
                0x0000017c       0x33 Drivers\STM32F1xx_HAL_Driver\Src\stm32f1xx_hal_gpio.o
 .ARM.attributes
                0x000001af       0x33 Drivers\STM32F1xx_HAL_Driver\Src\stm32f1xx_hal_pcd.o
 .ARM.attributes
                0x000001e2       0x33 Drivers\STM32F1xx_HAL_Driver\Src\stm32f1xx_hal_pcd_ex.o
 .ARM.attributes
                0x00000215       0x33 Drivers\STM32F1xx_HAL_Driver\Src\stm32f1xx_hal_rcc.o
 .ARM.attributes
                0x00000248       0x33 Drivers\STM32F1xx_HAL_Driver\Src\stm32f1xx_hal_rcc_ex.o
 .ARM.attributes
                0x0000027b       0x33 Drivers\STM32F1xx_HAL_Driver\Src\stm32f1xx_hal_tim.o
 .ARM.attributes
                0x000002ae       0x33 Drivers\STM32F1xx_HAL_Driver\Src\stm32f1xx_hal_tim_ex.o
 .ARM.attributes
                0x000002e1       0x33 Drivers\STM32F1xx_HAL_Driver\Src\stm32f1xx_ll_usb.o
 .ARM.attributes
                0x00000314       0x33 Middlewares\ST\STM32_USB_Device_Library\Class\CDC\Src\usbd_cdc.o
 .ARM.attributes
                0x00000347       0x33 Middlewares\ST\STM32_USB_Device_Library\Core\Src\usbd_core.o
 .ARM.attributes
                0x0000037a       0x33 Middlewares\ST\STM32_USB_Device_Library\Core\Src\usbd_ctlreq.o
 .ARM.attributes
                0x000003ad       0x33 Middlewares\ST\STM32_USB_Device_Library\Core\Src\usbd_ioreq.o
 .ARM.attributes
                0x000003e0       0x33 Src\main.o
 .ARM.attributes
                0x00000413       0x33 Src\stm32f1xx_hal_msp.o
 .ARM.attributes
                0x00000446       0x33 Src\stm32f1xx_it.o
 .ARM.attributes
                0x00000479       0x33 Src\syscalls.o
 .ARM.attributes
                0x000004ac       0x33 Src\system_stm32f1xx.o
 .ARM.attributes
                0x000004df       0x33 Src\usb_device.o
 .ARM.attributes
                0x00000512       0x33 Src\usbd_cdc_if.o
 .ARM.attributes
                0x00000545       0x33 Src\usbd_conf.o
 .ARM.attributes
                0x00000578       0x33 Src\usbd_desc.o
 .ARM.attributes
                0x000005ab       0x21 startup\startup_stm32f103xb.o
 .ARM.attributes
                0x000005cc       0x2d c:/program files (x86)/atollic/truestudio for stm32 9.3.0/armtools/bin/../lib/gcc/arm-atollic-eabi/6.3.1/../../../../arm-atollic-eabi/lib/armv7-m\libc_nano.a(lib_a-atoi.o)
 .ARM.attributes
                0x000005f9       0x2d c:/program files (x86)/atollic/truestudio for stm32 9.3.0/armtools/bin/../lib/gcc/arm-atollic-eabi/6.3.1/../../../../arm-atollic-eabi/lib/armv7-m\libc_nano.a(lib_a-errno.o)
 .ARM.attributes
                0x00000626       0x2d c:/program files (x86)/atollic/truestudio for stm32 9.3.0/armtools/bin/../lib/gcc/arm-atollic-eabi/6.3.1/../../../../arm-atollic-eabi/lib/armv7-m\libc_nano.a(lib_a-impure.o)
 .ARM.attributes
                0x00000653       0x2d c:/program files (x86)/atollic/truestudio for stm32 9.3.0/armtools/bin/../lib/gcc/arm-atollic-eabi/6.3.1/../../../../arm-atollic-eabi/lib/armv7-m\libc_nano.a(lib_a-init.o)
 .ARM.attributes
                0x00000680       0x2d c:/program files (x86)/atollic/truestudio for stm32 9.3.0/armtools/bin/../lib/gcc/arm-atollic-eabi/6.3.1/../../../../arm-atollic-eabi/lib/armv7-m\libc_nano.a(lib_a-memset.o)
 .ARM.attributes
                0x000006ad       0x2d c:/program files (x86)/atollic/truestudio for stm32 9.3.0/armtools/bin/../lib/gcc/arm-atollic-eabi/6.3.1/../../../../arm-atollic-eabi/lib/armv7-m\libc_nano.a(lib_a-sprintf.o)
 .ARM.attributes
                0x000006da       0x2d c:/program files (x86)/atollic/truestudio for stm32 9.3.0/armtools/bin/../lib/gcc/arm-atollic-eabi/6.3.1/../../../../arm-atollic-eabi/lib/armv7-m\libc_nano.a(lib_a-strcat.o)
 .ARM.attributes
                0x00000707       0x17 c:/program files (x86)/atollic/truestudio for stm32 9.3.0/armtools/bin/../lib/gcc/arm-atollic-eabi/6.3.1/../../../../arm-atollic-eabi/lib/armv7-m\libc_nano.a(lib_a-strlen.o)
 .ARM.attributes
                0x0000071e       0x2d c:/program files (x86)/atollic/truestudio for stm32 9.3.0/armtools/bin/../lib/gcc/arm-atollic-eabi/6.3.1/../../../../arm-atollic-eabi/lib/armv7-m\libc_nano.a(lib_a-strtol.o)
 .ARM.attributes
                0x0000074b       0x2d c:/program files (x86)/atollic/truestudio for stm32 9.3.0/armtools/bin/../lib/gcc/arm-atollic-eabi/6.3.1/../../../../arm-atollic-eabi/lib/armv7-m\libc_nano.a(lib_a-locale.o)
 .ARM.attributes
                0x00000778       0x2d c:/program files (x86)/atollic/truestudio for stm32 9.3.0/armtools/bin/../lib/gcc/arm-atollic-eabi/6.3.1/../../../../arm-atollic-eabi/lib/armv7-m\libc_nano.a(lib_a-mbtowc_r.o)
 .ARM.attributes
                0x000007a5       0x2d c:/program files (x86)/atollic/truestudio for stm32 9.3.0/armtools/bin/../lib/gcc/arm-atollic-eabi/6.3.1/../../../../arm-atollic-eabi/lib/armv7-m\libc_nano.a(lib_a-nano-svfprintf.o)
 .ARM.attributes
                0x000007d2       0x2d c:/program files (x86)/atollic/truestudio for stm32 9.3.0/armtools/bin/../lib/gcc/arm-atollic-eabi/6.3.1/../../../../arm-atollic-eabi/lib/armv7-m\libc_nano.a(lib_a-nano-vfprintf_i.o)
 .ARM.attributes
                0x000007ff       0x2d c:/program files (x86)/atollic/truestudio for stm32 9.3.0/armtools/bin/../lib/gcc/arm-atollic-eabi/6.3.1/../../../../arm-atollic-eabi/lib/armv7-m\libc_nano.a(lib_a-wctomb_r.o)
 .ARM.attributes
                0x0000082c       0x2d c:/program files (x86)/atollic/truestudio for stm32 9.3.0/armtools/bin/../lib/gcc/arm-atollic-eabi/6.3.1/../../../../arm-atollic-eabi/lib/armv7-m\libc_nano.a(lib_a-ctype_.o)
 .ARM.attributes
                0x00000859       0x2d c:/program files (x86)/atollic/truestudio for stm32 9.3.0/armtools/bin/../lib/gcc/arm-atollic-eabi/6.3.1/../../../../arm-atollic-eabi/lib/armv7-m\libc_nano.a(lib_a-memchr-stub.o)
 .ARM.attributes
                0x00000886       0x2d c:/program files (x86)/atollic/truestudio for stm32 9.3.0/armtools/bin/../lib/gcc/arm-atollic-eabi/6.3.1/../../../../arm-atollic-eabi/lib/armv7-m\libc_nano.a(lib_a-memcpy-stub.o)
 .ARM.attributes
                0x000008b3       0x2d c:/program files (x86)/atollic/truestudio for stm32 9.3.0/armtools/bin/../lib/gcc/arm-atollic-eabi/6.3.1/../../../../arm-atollic-eabi/lib/armv7-m\libc_nano.a(lib_a-memmove.o)
 .ARM.attributes
                0x000008e0       0x2d c:/program files (x86)/atollic/truestudio for stm32 9.3.0/armtools/bin/../lib/gcc/arm-atollic-eabi/6.3.1/../../../../arm-atollic-eabi/lib/armv7-m\libc_nano.a(lib_a-nano-freer.o)
 .ARM.attributes
                0x0000090d       0x2d c:/program files (x86)/atollic/truestudio for stm32 9.3.0/armtools/bin/../lib/gcc/arm-atollic-eabi/6.3.1/../../../../arm-atollic-eabi/lib/armv7-m\libc_nano.a(lib_a-nano-mallocr.o)
 .ARM.attributes
                0x0000093a       0x2d c:/program files (x86)/atollic/truestudio for stm32 9.3.0/armtools/bin/../lib/gcc/arm-atollic-eabi/6.3.1/../../../../arm-atollic-eabi/lib/armv7-m\libc_nano.a(lib_a-nano-reallocr.o)
 .ARM.attributes
                0x00000967       0x2d c:/program files (x86)/atollic/truestudio for stm32 9.3.0/armtools/bin/../lib/gcc/arm-atollic-eabi/6.3.1/../../../../arm-atollic-eabi/lib/armv7-m\libc_nano.a(lib_a-sbrkr.o)
 .ARM.attributes
                0x00000994       0x2d c:/program files (x86)/atollic/truestudio for stm32 9.3.0/armtools/bin/../lib/gcc/arm-atollic-eabi/6.3.1/../../../../arm-atollic-eabi/lib/armv7-m\libc_nano.a(lib_a-mlock.o)
 .ARM.attributes
                0x000009c1       0x2d c:/program files (x86)/atollic/truestudio for stm32 9.3.0/armtools/bin/../lib/gcc/arm-atollic-eabi/6.3.1/../../../../arm-atollic-eabi/lib/armv7-m\libc_nano.a(lib_a-nano-msizer.o)
 .ARM.attributes
                0x000009ee       0x2d c:/program files (x86)/atollic/truestudio for stm32 9.3.0/armtools/bin/../lib/gcc/arm-atollic-eabi/6.3.1/../../../../arm-atollic-eabi/lib/armv7-m\libc_nano.a(lib_a-reent.o)
 .ARM.attributes
                0x00000a1b       0x1d c:/program files (x86)/atollic/truestudio for stm32 9.3.0/armtools/bin/../lib/gcc/arm-atollic-eabi/6.3.1/armv7-m\libgcc.a(_lshrdi3.o)
 .ARM.attributes
                0x00000a38       0x1d c:/program files (x86)/atollic/truestudio for stm32 9.3.0/armtools/bin/../lib/gcc/arm-atollic-eabi/6.3.1/armv7-m\libgcc.a(_arm_addsubsf3.o)
 .ARM.attributes
                0x00000a55       0x1d c:/program files (x86)/atollic/truestudio for stm32 9.3.0/armtools/bin/../lib/gcc/arm-atollic-eabi/6.3.1/armv7-m\libgcc.a(_arm_muldivsf3.o)
 .ARM.attributes
                0x00000a72       0x1d c:/program files (x86)/atollic/truestudio for stm32 9.3.0/armtools/bin/../lib/gcc/arm-atollic-eabi/6.3.1/armv7-m\libgcc.a(_arm_fixunssfsi.o)
 .ARM.attributes
                0x00000a8f       0x1d c:/program files (x86)/atollic/truestudio for stm32 9.3.0/armtools/bin/../lib/gcc/arm-atollic-eabi/6.3.1/armv7-m/crtn.o
OUTPUT(DC_Drive.elf elf32-littlearm)

.debug_info     0x00000000    0x1dde1
 .debug_info    0x00000000      0x7cd Drivers\STM32F1xx_HAL_Driver\Src\stm32f1xx_hal.o
 .debug_info    0x000007cd      0xea0 Drivers\STM32F1xx_HAL_Driver\Src\stm32f1xx_hal_adc.o
 .debug_info    0x0000166d      0xca7 Drivers\STM32F1xx_HAL_Driver\Src\stm32f1xx_hal_cortex.o
 .debug_info    0x00002314      0x837 Drivers\STM32F1xx_HAL_Driver\Src\stm32f1xx_hal_dma.o
 .debug_info    0x00002b4b      0x6d9 Drivers\STM32F1xx_HAL_Driver\Src\stm32f1xx_hal_flash.o
 .debug_info    0x00003224      0xb9a Drivers\STM32F1xx_HAL_Driver\Src\stm32f1xx_hal_flash_ex.o
 .debug_info    0x00003dbe      0x691 Drivers\STM32F1xx_HAL_Driver\Src\stm32f1xx_hal_gpio.o
 .debug_info    0x0000444f     0x12df Drivers\STM32F1xx_HAL_Driver\Src\stm32f1xx_hal_pcd.o
 .debug_info    0x0000572e      0x750 Drivers\STM32F1xx_HAL_Driver\Src\stm32f1xx_hal_pcd_ex.o
 .debug_info    0x00005e7e      0xa01 Drivers\STM32F1xx_HAL_Driver\Src\stm32f1xx_hal_rcc.o
 .debug_info    0x0000687f      0x48b Drivers\STM32F1xx_HAL_Driver\Src\stm32f1xx_hal_rcc_ex.o
 .debug_info    0x00006d0a     0x34cc Drivers\STM32F1xx_HAL_Driver\Src\stm32f1xx_hal_tim.o
 .debug_info    0x0000a1d6     0x12fc Drivers\STM32F1xx_HAL_Driver\Src\stm32f1xx_hal_tim_ex.o
 .debug_info    0x0000b4d2     0x1575 Drivers\STM32F1xx_HAL_Driver\Src\stm32f1xx_ll_usb.o
 .debug_info    0x0000ca47     0x1c56 Middlewares\ST\STM32_USB_Device_Library\Class\CDC\Src\usbd_cdc.o
 .debug_info    0x0000e69d     0x1704 Middlewares\ST\STM32_USB_Device_Library\Core\Src\usbd_core.o
 .debug_info    0x0000fda1     0x173e Middlewares\ST\STM32_USB_Device_Library\Core\Src\usbd_ctlreq.o
 .debug_info    0x000114df     0x1227 Middlewares\ST\STM32_USB_Device_Library\Core\Src\usbd_ioreq.o
 .debug_info    0x00012706     0x2c0e Src\main.o
 .debug_info    0x00015314     0x1077 Src\stm32f1xx_hal_msp.o
 .debug_info    0x0001638b      0xd88 Src\stm32f1xx_it.o
 .debug_info    0x00017113      0xfe1 Src\syscalls.o
 .debug_info    0x000180f4      0x437 Src\system_stm32f1xx.o
 .debug_info    0x0001852b     0x1136 Src\usb_device.o
 .debug_info    0x00019661     0x1355 Src\usbd_cdc_if.o
 .debug_info    0x0001a9b6     0x233c Src\usbd_conf.o
 .debug_info    0x0001ccf2     0x108b Src\usbd_desc.o
 .debug_info    0x0001dd7d       0x64 startup\startup_stm32f103xb.o

.debug_abbrev   0x00000000     0x46a5
 .debug_abbrev  0x00000000      0x24a Drivers\STM32F1xx_HAL_Driver\Src\stm32f1xx_hal.o
 .debug_abbrev  0x0000024a      0x299 Drivers\STM32F1xx_HAL_Driver\Src\stm32f1xx_hal_adc.o
 .debug_abbrev  0x000004e3      0x2f8 Drivers\STM32F1xx_HAL_Driver\Src\stm32f1xx_hal_cortex.o
 .debug_abbrev  0x000007db      0x22d Drivers\STM32F1xx_HAL_Driver\Src\stm32f1xx_hal_dma.o
 .debug_abbrev  0x00000a08      0x2d3 Drivers\STM32F1xx_HAL_Driver\Src\stm32f1xx_hal_flash.o
 .debug_abbrev  0x00000cdb      0x2c3 Drivers\STM32F1xx_HAL_Driver\Src\stm32f1xx_hal_flash_ex.o
 .debug_abbrev  0x00000f9e      0x1e4 Drivers\STM32F1xx_HAL_Driver\Src\stm32f1xx_hal_gpio.o
 .debug_abbrev  0x00001182      0x313 Drivers\STM32F1xx_HAL_Driver\Src\stm32f1xx_hal_pcd.o
 .debug_abbrev  0x00001495      0x1b1 Drivers\STM32F1xx_HAL_Driver\Src\stm32f1xx_hal_pcd_ex.o
 .debug_abbrev  0x00001646      0x2c1 Drivers\STM32F1xx_HAL_Driver\Src\stm32f1xx_hal_rcc.o
 .debug_abbrev  0x00001907      0x1c4 Drivers\STM32F1xx_HAL_Driver\Src\stm32f1xx_hal_rcc_ex.o
 .debug_abbrev  0x00001acb      0x335 Drivers\STM32F1xx_HAL_Driver\Src\stm32f1xx_hal_tim.o
 .debug_abbrev  0x00001e00      0x29c Drivers\STM32F1xx_HAL_Driver\Src\stm32f1xx_hal_tim_ex.o
 .debug_abbrev  0x0000209c      0x2b7 Drivers\STM32F1xx_HAL_Driver\Src\stm32f1xx_ll_usb.o
 .debug_abbrev  0x00002353      0x2f8 Middlewares\ST\STM32_USB_Device_Library\Class\CDC\Src\usbd_cdc.o
 .debug_abbrev  0x0000264b      0x333 Middlewares\ST\STM32_USB_Device_Library\Core\Src\usbd_core.o
 .debug_abbrev  0x0000297e      0x3ca Middlewares\ST\STM32_USB_Device_Library\Core\Src\usbd_ctlreq.o
 .debug_abbrev  0x00002d48      0x208 Middlewares\ST\STM32_USB_Device_Library\Core\Src\usbd_ioreq.o
 .debug_abbrev  0x00002f50      0x3db Src\main.o
 .debug_abbrev  0x0000332b      0x22f Src\stm32f1xx_hal_msp.o
 .debug_abbrev  0x0000355a      0x203 Src\stm32f1xx_it.o
 .debug_abbrev  0x0000375d      0x2d9 Src\syscalls.o
 .debug_abbrev  0x00003a36      0x12f Src\system_stm32f1xx.o
 .debug_abbrev  0x00003b65      0x1fe Src\usb_device.o
 .debug_abbrev  0x00003d63      0x2e5 Src\usbd_cdc_if.o
 .debug_abbrev  0x00004048      0x326 Src\usbd_conf.o
 .debug_abbrev  0x0000436e      0x325 Src\usbd_desc.o
 .debug_abbrev  0x00004693       0x12 startup\startup_stm32f103xb.o

.debug_loc      0x00000000     0xa9e4
 .debug_loc     0x00000000      0x10c Drivers\STM32F1xx_HAL_Driver\Src\stm32f1xx_hal.o
 .debug_loc     0x0000010c      0x873 Drivers\STM32F1xx_HAL_Driver\Src\stm32f1xx_hal_adc.o
 .debug_loc     0x0000097f      0x487 Drivers\STM32F1xx_HAL_Driver\Src\stm32f1xx_hal_cortex.o
 .debug_loc     0x00000e06      0x5ed Drivers\STM32F1xx_HAL_Driver\Src\stm32f1xx_hal_dma.o
 .debug_loc     0x000013f3      0x334 Drivers\STM32F1xx_HAL_Driver\Src\stm32f1xx_hal_flash.o
 .debug_loc     0x00001727      0x6d0 Drivers\STM32F1xx_HAL_Driver\Src\stm32f1xx_hal_flash_ex.o
 .debug_loc     0x00001df7      0x2f5 Drivers\STM32F1xx_HAL_Driver\Src\stm32f1xx_hal_gpio.o
 .debug_loc     0x000020ec      0xa55 Drivers\STM32F1xx_HAL_Driver\Src\stm32f1xx_hal_pcd.o
 .debug_loc     0x00002b41       0xd4 Drivers\STM32F1xx_HAL_Driver\Src\stm32f1xx_hal_pcd_ex.o
 .debug_loc     0x00002c15      0x478 Drivers\STM32F1xx_HAL_Driver\Src\stm32f1xx_hal_rcc.o
 .debug_loc     0x0000308d      0x29d Drivers\STM32F1xx_HAL_Driver\Src\stm32f1xx_hal_rcc_ex.o
 .debug_loc     0x0000332a     0x2f5a Drivers\STM32F1xx_HAL_Driver\Src\stm32f1xx_hal_tim.o
 .debug_loc     0x00006284      0xa7c Drivers\STM32F1xx_HAL_Driver\Src\stm32f1xx_hal_tim_ex.o
 .debug_loc     0x00006d00     0x1042 Drivers\STM32F1xx_HAL_Driver\Src\stm32f1xx_ll_usb.o
 .debug_loc     0x00007d42      0x623 Middlewares\ST\STM32_USB_Device_Library\Class\CDC\Src\usbd_cdc.o
 .debug_loc     0x00008365      0x705 Middlewares\ST\STM32_USB_Device_Library\Core\Src\usbd_core.o
 .debug_loc     0x00008a6a      0x953 Middlewares\ST\STM32_USB_Device_Library\Core\Src\usbd_ctlreq.o
 .debug_loc     0x000093bd      0x23c Middlewares\ST\STM32_USB_Device_Library\Core\Src\usbd_ioreq.o
 .debug_loc     0x000095f9      0x12d Src\main.o
 .debug_loc     0x00009726      0x10b Src\stm32f1xx_hal_msp.o
 .debug_loc     0x00009831      0x3ef Src\syscalls.o
 .debug_loc     0x00009c20       0xcd Src\system_stm32f1xx.o
 .debug_loc     0x00009ced      0x112 Src\usbd_cdc_if.o
 .debug_loc     0x00009dff      0x8ec Src\usbd_conf.o
 .debug_loc     0x0000a6eb      0x2f9 Src\usbd_desc.o

.debug_aranges  0x00000000      0xf80
 .debug_aranges
                0x00000000       0xd8 Drivers\STM32F1xx_HAL_Driver\Src\stm32f1xx_hal.o
 .debug_aranges
                0x000000d8       0xc8 Drivers\STM32F1xx_HAL_Driver\Src\stm32f1xx_hal_adc.o
 .debug_aranges
                0x000001a0       0x90 Drivers\STM32F1xx_HAL_Driver\Src\stm32f1xx_hal_cortex.o
 .debug_aranges
                0x00000230       0x78 Drivers\STM32F1xx_HAL_Driver\Src\stm32f1xx_hal_dma.o
 .debug_aranges
                0x000002a8       0x78 Drivers\STM32F1xx_HAL_Driver\Src\stm32f1xx_hal_flash.o
 .debug_aranges
                0x00000320       0x60 Drivers\STM32F1xx_HAL_Driver\Src\stm32f1xx_hal_flash_ex.o
 .debug_aranges
                0x00000380       0x58 Drivers\STM32F1xx_HAL_Driver\Src\stm32f1xx_hal_gpio.o
 .debug_aranges
                0x000003d8       0xc0 Drivers\STM32F1xx_HAL_Driver\Src\stm32f1xx_hal_pcd.o
 .debug_aranges
                0x00000498       0x28 Drivers\STM32F1xx_HAL_Driver\Src\stm32f1xx_hal_pcd_ex.o
 .debug_aranges
                0x000004c0       0x88 Drivers\STM32F1xx_HAL_Driver\Src\stm32f1xx_hal_rcc.o
 .debug_aranges
                0x00000548       0x30 Drivers\STM32F1xx_HAL_Driver\Src\stm32f1xx_hal_rcc_ex.o
 .debug_aranges
                0x00000578      0x278 Drivers\STM32F1xx_HAL_Driver\Src\stm32f1xx_hal_tim.o
 .debug_aranges
                0x000007f0       0xf8 Drivers\STM32F1xx_HAL_Driver\Src\stm32f1xx_hal_tim_ex.o
 .debug_aranges
                0x000008e8       0xe0 Drivers\STM32F1xx_HAL_Driver\Src\stm32f1xx_ll_usb.o
 .debug_aranges
                0x000009c8       0x90 Middlewares\ST\STM32_USB_Device_Library\Class\CDC\Src\usbd_cdc.o
 .debug_aranges
                0x00000a58       0xa8 Middlewares\ST\STM32_USB_Device_Library\Core\Src\usbd_core.o
 .debug_aranges
                0x00000b00       0x50 Middlewares\ST\STM32_USB_Device_Library\Core\Src\usbd_ctlreq.o
 .debug_aranges
                0x00000b50       0x50 Middlewares\ST\STM32_USB_Device_Library\Core\Src\usbd_ioreq.o
 .debug_aranges
                0x00000ba0       0x70 Src\main.o
 .debug_aranges
                0x00000c10       0x48 Src\stm32f1xx_hal_msp.o
 .debug_aranges
                0x00000c58       0x60 Src\stm32f1xx_it.o
 .debug_aranges
                0x00000cb8       0xb0 Src\syscalls.o
 .debug_aranges
                0x00000d68       0x28 Src\system_stm32f1xx.o
 .debug_aranges
                0x00000d90       0x20 Src\usb_device.o
 .debug_aranges
                0x00000db0       0x40 Src\usbd_cdc_if.o
 .debug_aranges
                0x00000df0      0x110 Src\usbd_conf.o
 .debug_aranges
                0x00000f00       0x58 Src\usbd_desc.o
 .debug_aranges
                0x00000f58       0x28 startup\startup_stm32f103xb.o

.debug_ranges   0x00000000     0x1640
 .debug_ranges  0x00000000       0xc8 Drivers\STM32F1xx_HAL_Driver\Src\stm32f1xx_hal.o
 .debug_ranges  0x000000c8       0xb8 Drivers\STM32F1xx_HAL_Driver\Src\stm32f1xx_hal_adc.o
 .debug_ranges  0x00000180      0x128 Drivers\STM32F1xx_HAL_Driver\Src\stm32f1xx_hal_cortex.o
 .debug_ranges  0x000002a8       0xa8 Drivers\STM32F1xx_HAL_Driver\Src\stm32f1xx_hal_dma.o
 .debug_ranges  0x00000350       0xb8 Drivers\STM32F1xx_HAL_Driver\Src\stm32f1xx_hal_flash.o
 .debug_ranges  0x00000408       0xe0 Drivers\STM32F1xx_HAL_Driver\Src\stm32f1xx_hal_flash_ex.o
 .debug_ranges  0x000004e8       0x60 Drivers\STM32F1xx_HAL_Driver\Src\stm32f1xx_hal_gpio.o
 .debug_ranges  0x00000548      0x170 Drivers\STM32F1xx_HAL_Driver\Src\stm32f1xx_hal_pcd.o
 .debug_ranges  0x000006b8       0x18 Drivers\STM32F1xx_HAL_Driver\Src\stm32f1xx_hal_pcd_ex.o
 .debug_ranges  0x000006d0       0xa0 Drivers\STM32F1xx_HAL_Driver\Src\stm32f1xx_hal_rcc.o
 .debug_ranges  0x00000770       0x40 Drivers\STM32F1xx_HAL_Driver\Src\stm32f1xx_hal_rcc_ex.o
 .debug_ranges  0x000007b0      0x348 Drivers\STM32F1xx_HAL_Driver\Src\stm32f1xx_hal_tim.o
 .debug_ranges  0x00000af8       0xe8 Drivers\STM32F1xx_HAL_Driver\Src\stm32f1xx_hal_tim_ex.o
 .debug_ranges  0x00000be0      0x2c0 Drivers\STM32F1xx_HAL_Driver\Src\stm32f1xx_ll_usb.o
 .debug_ranges  0x00000ea0       0x80 Middlewares\ST\STM32_USB_Device_Library\Class\CDC\Src\usbd_cdc.o
 .debug_ranges  0x00000f20       0x98 Middlewares\ST\STM32_USB_Device_Library\Core\Src\usbd_core.o
 .debug_ranges  0x00000fb8       0x78 Middlewares\ST\STM32_USB_Device_Library\Core\Src\usbd_ctlreq.o
 .debug_ranges  0x00001030       0x40 Middlewares\ST\STM32_USB_Device_Library\Core\Src\usbd_ioreq.o
 .debug_ranges  0x00001070      0x1c0 Src\main.o
 .debug_ranges  0x00001230      0x120 Src\stm32f1xx_hal_msp.o
 .debug_ranges  0x00001350       0x50 Src\stm32f1xx_it.o
 .debug_ranges  0x000013a0       0xa0 Src\syscalls.o
 .debug_ranges  0x00001440       0x18 Src\system_stm32f1xx.o
 .debug_ranges  0x00001458       0x10 Src\usb_device.o
 .debug_ranges  0x00001468       0x48 Src\usbd_cdc_if.o
 .debug_ranges  0x000014b0      0x128 Src\usbd_conf.o
 .debug_ranges  0x000015d8       0x48 Src\usbd_desc.o
 .debug_ranges  0x00001620       0x20 startup\startup_stm32f103xb.o

.debug_line     0x00000000     0x8cdc
 .debug_line    0x00000000      0x3eb Drivers\STM32F1xx_HAL_Driver\Src\stm32f1xx_hal.o
 .debug_line    0x000003eb      0x7db Drivers\STM32F1xx_HAL_Driver\Src\stm32f1xx_hal_adc.o
 .debug_line    0x00000bc6      0x3e6 Drivers\STM32F1xx_HAL_Driver\Src\stm32f1xx_hal_cortex.o
 .debug_line    0x00000fac      0x5fb Drivers\STM32F1xx_HAL_Driver\Src\stm32f1xx_hal_dma.o
 .debug_line    0x000015a7      0x487 Drivers\STM32F1xx_HAL_Driver\Src\stm32f1xx_hal_flash.o
 .debug_line    0x00001a2e      0x4ba Drivers\STM32F1xx_HAL_Driver\Src\stm32f1xx_hal_flash_ex.o
 .debug_line    0x00001ee8      0x3ab Drivers\STM32F1xx_HAL_Driver\Src\stm32f1xx_hal_gpio.o
 .debug_line    0x00002293      0x69f Drivers\STM32F1xx_HAL_Driver\Src\stm32f1xx_hal_pcd.o
 .debug_line    0x00002932      0x268 Drivers\STM32F1xx_HAL_Driver\Src\stm32f1xx_hal_pcd_ex.o
 .debug_line    0x00002b9a      0x582 Drivers\STM32F1xx_HAL_Driver\Src\stm32f1xx_hal_rcc.o
 .debug_line    0x0000311c      0x336 Drivers\STM32F1xx_HAL_Driver\Src\stm32f1xx_hal_rcc_ex.o
 .debug_line    0x00003452     0x1179 Drivers\STM32F1xx_HAL_Driver\Src\stm32f1xx_hal_tim.o
 .debug_line    0x000045cb      0x6d5 Drivers\STM32F1xx_HAL_Driver\Src\stm32f1xx_hal_tim_ex.o
 .debug_line    0x00004ca0      0x5c1 Drivers\STM32F1xx_HAL_Driver\Src\stm32f1xx_ll_usb.o
 .debug_line    0x00005261      0x5e3 Middlewares\ST\STM32_USB_Device_Library\Class\CDC\Src\usbd_cdc.o
 .debug_line    0x00005844      0x568 Middlewares\ST\STM32_USB_Device_Library\Core\Src\usbd_core.o
 .debug_line    0x00005dac      0x51d Middlewares\ST\STM32_USB_Device_Library\Core\Src\usbd_ctlreq.o
 .debug_line    0x000062c9      0x3df Middlewares\ST\STM32_USB_Device_Library\Core\Src\usbd_ioreq.o
 .debug_line    0x000066a8      0x785 Src\main.o
 .debug_line    0x00006e2d      0x374 Src\stm32f1xx_hal_msp.o
 .debug_line    0x000071a1      0x2f3 Src\stm32f1xx_it.o
 .debug_line    0x00007494      0x3c0 Src\syscalls.o
 .debug_line    0x00007854      0x228 Src\system_stm32f1xx.o
 .debug_line    0x00007a7c      0x3b3 Src\usb_device.o
 .debug_line    0x00007e2f      0x3e8 Src\usbd_cdc_if.o
 .debug_line    0x00008217      0x657 Src\usbd_conf.o
 .debug_line    0x0000886e      0x3f1 Src\usbd_desc.o
 .debug_line    0x00008c5f       0x7d startup\startup_stm32f103xb.o

.debug_str      0x00000000     0x5712
 .debug_str     0x00000000      0x7ec Drivers\STM32F1xx_HAL_Driver\Src\stm32f1xx_hal.o
                                0x855 (size before relaxing)
 .debug_str     0x000007ec      0x663 Drivers\STM32F1xx_HAL_Driver\Src\stm32f1xx_hal_adc.o
                                0x979 (size before relaxing)
 .debug_str     0x00000e4f      0x3c5 Drivers\STM32F1xx_HAL_Driver\Src\stm32f1xx_hal_cortex.o
                                0x977 (size before relaxing)
 .debug_str     0x00001214      0x220 Drivers\STM32F1xx_HAL_Driver\Src\stm32f1xx_hal_dma.o
                                0x6c5 (size before relaxing)
 .debug_str     0x00001434      0x29b Drivers\STM32F1xx_HAL_Driver\Src\stm32f1xx_hal_flash.o
                                0x5e5 (size before relaxing)
 .debug_str     0x000016cf      0x2bb Drivers\STM32F1xx_HAL_Driver\Src\stm32f1xx_hal_flash_ex.o
                                0x6fb (size before relaxing)
 .debug_str     0x0000198a      0x1b9 Drivers\STM32F1xx_HAL_Driver\Src\stm32f1xx_hal_gpio.o
                                0x4c8 (size before relaxing)
 .debug_str     0x00001b43      0x793 Drivers\STM32F1xx_HAL_Driver\Src\stm32f1xx_hal_pcd.o
                                0xacf (size before relaxing)
 .debug_str     0x000022d6      0x170 Drivers\STM32F1xx_HAL_Driver\Src\stm32f1xx_hal_pcd_ex.o
                                0x765 (size before relaxing)
 .debug_str     0x00002446      0x322 Drivers\STM32F1xx_HAL_Driver\Src\stm32f1xx_hal_rcc.o
                                0x6b1 (size before relaxing)
 .debug_str     0x00002768      0x110 Drivers\STM32F1xx_HAL_Driver\Src\stm32f1xx_hal_rcc_ex.o
                                0x489 (size before relaxing)
 .debug_str     0x00002878      0xfe8 Drivers\STM32F1xx_HAL_Driver\Src\stm32f1xx_hal_tim.o
                               0x14f9 (size before relaxing)
 .debug_str     0x00003860      0x548 Drivers\STM32F1xx_HAL_Driver\Src\stm32f1xx_hal_tim_ex.o
                                0xd11 (size before relaxing)
 .debug_str     0x00003da8      0x197 Drivers\STM32F1xx_HAL_Driver\Src\stm32f1xx_ll_usb.o
                                0x7cf (size before relaxing)
 .debug_str     0x00003f3f      0xb76 Middlewares\ST\STM32_USB_Device_Library\Class\CDC\Src\usbd_cdc.o
                               0x1221 (size before relaxing)
 .debug_str     0x00004ab5      0x2a0 Middlewares\ST\STM32_USB_Device_Library\Core\Src\usbd_core.o
                                0xe65 (size before relaxing)
 .debug_str     0x00004d55      0x120 Middlewares\ST\STM32_USB_Device_Library\Core\Src\usbd_ctlreq.o
                                0xd7f (size before relaxing)
 .debug_str     0x00004e75       0x51 Middlewares\ST\STM32_USB_Device_Library\Core\Src\usbd_ioreq.o
                                0xcac (size before relaxing)
 .debug_str     0x00004ec6      0x24d Src\main.o
                               0x1b40 (size before relaxing)
 .debug_str     0x00005113       0x25 Src\stm32f1xx_hal_msp.o
                                0xd7b (size before relaxing)
 .debug_str     0x00005138       0xf6 Src\stm32f1xx_it.o
                                0xbb2 (size before relaxing)
 .debug_str     0x0000522e      0x244 Src\syscalls.o
                                0x843 (size before relaxing)
 .debug_str     0x00005472       0x4d Src\system_stm32f1xx.o
                                0x337 (size before relaxing)
 .debug_str     0x000054bf       0x29 Src\usb_device.o
                                0xc6f (size before relaxing)
 .debug_str     0x000054e8       0x6b Src\usbd_cdc_if.o
                                0xd4b (size before relaxing)
 .debug_str     0x00005553       0x5a Src\usbd_conf.o
                               0x17b2 (size before relaxing)
 .debug_str     0x000055ad      0x165 Src\usbd_desc.o
                                0xa7a (size before relaxing)

.comment        0x00000000       0x7c
 .comment       0x00000000       0x7c Drivers\STM32F1xx_HAL_Driver\Src\stm32f1xx_hal.o
                                 0x7d (size before relaxing)
 .comment       0x0000007c       0x7d Drivers\STM32F1xx_HAL_Driver\Src\stm32f1xx_hal_adc.o
 .comment       0x0000007c       0x7d Drivers\STM32F1xx_HAL_Driver\Src\stm32f1xx_hal_cortex.o
 .comment       0x0000007c       0x7d Drivers\STM32F1xx_HAL_Driver\Src\stm32f1xx_hal_dma.o
 .comment       0x0000007c       0x7d Drivers\STM32F1xx_HAL_Driver\Src\stm32f1xx_hal_flash.o
 .comment       0x0000007c       0x7d Drivers\STM32F1xx_HAL_Driver\Src\stm32f1xx_hal_flash_ex.o
 .comment       0x0000007c       0x7d Drivers\STM32F1xx_HAL_Driver\Src\stm32f1xx_hal_gpio.o
 .comment       0x0000007c       0x7d Drivers\STM32F1xx_HAL_Driver\Src\stm32f1xx_hal_pcd.o
 .comment       0x0000007c       0x7d Drivers\STM32F1xx_HAL_Driver\Src\stm32f1xx_hal_pcd_ex.o
 .comment       0x0000007c       0x7d Drivers\STM32F1xx_HAL_Driver\Src\stm32f1xx_hal_rcc.o
 .comment       0x0000007c       0x7d Drivers\STM32F1xx_HAL_Driver\Src\stm32f1xx_hal_rcc_ex.o
 .comment       0x0000007c       0x7d Drivers\STM32F1xx_HAL_Driver\Src\stm32f1xx_hal_tim.o
 .comment       0x0000007c       0x7d Drivers\STM32F1xx_HAL_Driver\Src\stm32f1xx_hal_tim_ex.o
 .comment       0x0000007c       0x7d Drivers\STM32F1xx_HAL_Driver\Src\stm32f1xx_ll_usb.o
 .comment       0x0000007c       0x7d Middlewares\ST\STM32_USB_Device_Library\Class\CDC\Src\usbd_cdc.o
 .comment       0x0000007c       0x7d Middlewares\ST\STM32_USB_Device_Library\Core\Src\usbd_core.o
 .comment       0x0000007c       0x7d Middlewares\ST\STM32_USB_Device_Library\Core\Src\usbd_ctlreq.o
 .comment       0x0000007c       0x7d Middlewares\ST\STM32_USB_Device_Library\Core\Src\usbd_ioreq.o
 .comment       0x0000007c       0x7d Src\main.o
 .comment       0x0000007c       0x7d Src\stm32f1xx_hal_msp.o
 .comment       0x0000007c       0x7d Src\stm32f1xx_it.o
 .comment       0x0000007c       0x7d Src\syscalls.o
 .comment       0x0000007c       0x7d Src\system_stm32f1xx.o
 .comment       0x0000007c       0x7d Src\usb_device.o
 .comment       0x0000007c       0x7d Src\usbd_cdc_if.o
 .comment       0x0000007c       0x7d Src\usbd_conf.o
 .comment       0x0000007c       0x7d Src\usbd_desc.o

.debug_frame    0x00000000     0x30bc
 .debug_frame   0x00000000      0x1d4 Drivers\STM32F1xx_HAL_Driver\Src\stm32f1xx_hal.o
 .debug_frame   0x000001d4      0x298 Drivers\STM32F1xx_HAL_Driver\Src\stm32f1xx_hal_adc.o
 .debug_frame   0x0000046c      0x120 Drivers\STM32F1xx_HAL_Driver\Src\stm32f1xx_hal_cortex.o