main.c:78:5:main	8	static
main.c:150:6:SystemClock_Config	88	static
main.c:197:13:MX_ADC1_Init	24	static
main.c:250:13:MX_IWDG_Init	8	static
main.c:278:13:MX_TIM2_Init	64	static
main.c:340:13:MX_DMA_Init	16	static
main.c:358:13:MX_GPIO_Init	40	static
main.c:389:6:HAL_TIM_PeriodElapsedCallback	16	static
main.c:408:6:Idle_Works	40	static
main.c:535:6:Forward	16	static
main.c:565:6:Wait_Reverse	16	static
main.c:598:6:Reverse	8	static
main.c:629:6:Wait_Forward	8	static
main.c:669:6:SysTickCountersUpdate	4	static
main.c:710:6:SaveandExit	32	static
main.c:754:6:Error_Handler	4	static
