main.c:78:5:main	8	static
main.c:149:6:SystemClock_Config	88	static
main.c:196:13:MX_ADC1_Init	24	static
main.c:249:13:MX_IWDG_Init	8	static
main.c:277:13:MX_TIM2_Init	64	static
main.c:339:13:MX_DMA_Init	16	static
main.c:357:13:MX_GPIO_Init	40	static
main.c:388:6:HAL_TIM_PeriodElapsedCallback	16	static
main.c:407:6:Idle_Works	48	static
main.c:531:6:Forward	16	static
main.c:567:6:Wait_Reverse	16	static
main.c:600:6:Reverse	8	static
main.c:638:6:Wait_Forward	8	static
main.c:678:6:SysTickCountersUpdate	4	static
main.c:719:6:SaveandExit	24	static
main.c:767:6:Error_Handler	4	static
